Archive member included to satisfy reference by file (symbol)

c:/st/stm32cubeide_1.9.0/stm32cubeide/plugins/com.st.stm32cube.ide.mcu.externaltools.gnu-tools-for-stm32.10.3-2021.10.win32_1.0.0.202111181127/tools/bin/../lib/gcc/arm-none-eabi/10.3.1/../../../../arm-none-eabi/lib/thumb/v7e-m+dp/hard\libc_nano.a(lib_a-errno.o)
                              ./Core/Src/syscalls.o (__errno)
c:/st/stm32cubeide_1.9.0/stm32cubeide/plugins/com.st.stm32cube.ide.mcu.externaltools.gnu-tools-for-stm32.10.3-2021.10.win32_1.0.0.202111181127/tools/bin/../lib/gcc/arm-none-eabi/10.3.1/../../../../arm-none-eabi/lib/thumb/v7e-m+dp/hard\libc_nano.a(lib_a-exit.o)
                              c:/st/stm32cubeide_1.9.0/stm32cubeide/plugins/com.st.stm32cube.ide.mcu.externaltools.gnu-tools-for-stm32.10.3-2021.10.win32_1.0.0.202111181127/tools/bin/../lib/gcc/arm-none-eabi/10.3.1/../../../../arm-none-eabi/lib/thumb/v7e-m+dp/hard/crt0.o (exit)
c:/st/stm32cubeide_1.9.0/stm32cubeide/plugins/com.st.stm32cube.ide.mcu.externaltools.gnu-tools-for-stm32.10.3-2021.10.win32_1.0.0.202111181127/tools/bin/../lib/gcc/arm-none-eabi/10.3.1/../../../../arm-none-eabi/lib/thumb/v7e-m+dp/hard\libc_nano.a(lib_a-findfp.o)
                              ./Middlewares/Third_Party/FreeRTOS/Source/tasks.o (__sf_fake_stderr)
c:/st/stm32cubeide_1.9.0/stm32cubeide/plugins/com.st.stm32cube.ide.mcu.externaltools.gnu-tools-for-stm32.10.3-2021.10.win32_1.0.0.202111181127/tools/bin/../lib/gcc/arm-none-eabi/10.3.1/../../../../arm-none-eabi/lib/thumb/v7e-m+dp/hard\libc_nano.a(lib_a-fwalk.o)
                              c:/st/stm32cubeide_1.9.0/stm32cubeide/plugins/com.st.stm32cube.ide.mcu.externaltools.gnu-tools-for-stm32.10.3-2021.10.win32_1.0.0.202111181127/tools/bin/../lib/gcc/arm-none-eabi/10.3.1/../../../../arm-none-eabi/lib/thumb/v7e-m+dp/hard\libc_nano.a(lib_a-findfp.o) (_fwalk)
c:/st/stm32cubeide_1.9.0/stm32cubeide/plugins/com.st.stm32cube.ide.mcu.externaltools.gnu-tools-for-stm32.10.3-2021.10.win32_1.0.0.202111181127/tools/bin/../lib/gcc/arm-none-eabi/10.3.1/../../../../arm-none-eabi/lib/thumb/v7e-m+dp/hard\libc_nano.a(lib_a-impure.o)
                              c:/st/stm32cubeide_1.9.0/stm32cubeide/plugins/com.st.stm32cube.ide.mcu.externaltools.gnu-tools-for-stm32.10.3-2021.10.win32_1.0.0.202111181127/tools/bin/../lib/gcc/arm-none-eabi/10.3.1/../../../../arm-none-eabi/lib/thumb/v7e-m+dp/hard\libc_nano.a(lib_a-exit.o) (_global_impure_ptr)
c:/st/stm32cubeide_1.9.0/stm32cubeide/plugins/com.st.stm32cube.ide.mcu.externaltools.gnu-tools-for-stm32.10.3-2021.10.win32_1.0.0.202111181127/tools/bin/../lib/gcc/arm-none-eabi/10.3.1/../../../../arm-none-eabi/lib/thumb/v7e-m+dp/hard\libc_nano.a(lib_a-init.o)
                              c:/st/stm32cubeide_1.9.0/stm32cubeide/plugins/com.st.stm32cube.ide.mcu.externaltools.gnu-tools-for-stm32.10.3-2021.10.win32_1.0.0.202111181127/tools/bin/../lib/gcc/arm-none-eabi/10.3.1/../../../../arm-none-eabi/lib/thumb/v7e-m+dp/hard/crt0.o (__libc_init_array)
c:/st/stm32cubeide_1.9.0/stm32cubeide/plugins/com.st.stm32cube.ide.mcu.externaltools.gnu-tools-for-stm32.10.3-2021.10.win32_1.0.0.202111181127/tools/bin/../lib/gcc/arm-none-eabi/10.3.1/../../../../arm-none-eabi/lib/thumb/v7e-m+dp/hard\libc_nano.a(lib_a-lock.o)
                              c:/st/stm32cubeide_1.9.0/stm32cubeide/plugins/com.st.stm32cube.ide.mcu.externaltools.gnu-tools-for-stm32.10.3-2021.10.win32_1.0.0.202111181127/tools/bin/../lib/gcc/arm-none-eabi/10.3.1/../../../../arm-none-eabi/lib/thumb/v7e-m+dp/hard\libc_nano.a(lib_a-findfp.o) (__retarget_lock_init_recursive)
c:/st/stm32cubeide_1.9.0/stm32cubeide/plugins/com.st.stm32cube.ide.mcu.externaltools.gnu-tools-for-stm32.10.3-2021.10.win32_1.0.0.202111181127/tools/bin/../lib/gcc/arm-none-eabi/10.3.1/../../../../arm-none-eabi/lib/thumb/v7e-m+dp/hard\libc_nano.a(lib_a-memcpy-stub.o)
                              ./Middlewares/Third_Party/FreeRTOS/Source/CMSIS_RTOS_V2/cmsis_os2.o (memcpy)
c:/st/stm32cubeide_1.9.0/stm32cubeide/plugins/com.st.stm32cube.ide.mcu.externaltools.gnu-tools-for-stm32.10.3-2021.10.win32_1.0.0.202111181127/tools/bin/../lib/gcc/arm-none-eabi/10.3.1/../../../../arm-none-eabi/lib/thumb/v7e-m+dp/hard\libc_nano.a(lib_a-memset.o)
                              c:/st/stm32cubeide_1.9.0/stm32cubeide/plugins/com.st.stm32cube.ide.mcu.externaltools.gnu-tools-for-stm32.10.3-2021.10.win32_1.0.0.202111181127/tools/bin/../lib/gcc/arm-none-eabi/10.3.1/../../../../arm-none-eabi/lib/thumb/v7e-m+dp/hard/crt0.o (memset)
c:/st/stm32cubeide_1.9.0/stm32cubeide/plugins/com.st.stm32cube.ide.mcu.externaltools.gnu-tools-for-stm32.10.3-2021.10.win32_1.0.0.202111181127/tools/bin/../lib/gcc/arm-none-eabi/10.3.1/../../../../arm-none-eabi/lib/thumb/v7e-m+dp/hard\libc_nano.a(lib_a-nano-mallocr.o)
[...]
Memory Configuration

Name             Origin             Length             Attributes
RAM              0x0000000020000000 0x0000000000080000 xrw
FLASH            0x0000000008000000 0x0000000000200000 xr
*default*        0x0000000000000000 0xffffffffffffffff

Linker script and memory map

LOAD c:/st/stm32cubeide_1.9.0/stm32cubeide/plugins/com.st.stm32cube.ide.mcu.externaltools.gnu-tools-for-stm32.10.3-2021.10.win32_1.0.0.202111181127/tools/bin/../lib/gcc/arm-none-eabi/10.3.1/thumb/v7e-m+dp/hard/crti.o
LOAD c:/st/stm32cubeide_1.9.0/stm32cubeide/plugins/com.st.stm32cube.ide.mcu.externaltools.gnu-tools-for-stm32.10.3-2021.10.win32_1.0.0.202111181127/tools/bin/../lib/gcc/arm-none-eabi/10.3.1/thumb/v7e-m+dp/hard/crtbegin.o
LOAD c:/st/stm32cubeide_1.9.0/stm32cubeide/plugins/com.st.stm32cube.ide.mcu.externaltools.gnu-tools-for-stm32.10.3-2021.10.win32_1.0.0.202111181127/tools/bin/../lib/gcc/arm-none-eabi/10.3.1/../../../../arm-none-eabi/lib/thumb/v7e-m+dp/hard/crt0.o
LOAD ./Core/Src/Modbus.o
LOAD ./Core/Src/freertos.o
LOAD ./Core/Src/main.o
LOAD ./Core/Src/stm32f7xx_hal_msp.o
LOAD ./Core/Src/stm32f7xx_hal_timebase_tim.o
LOAD ./Core/Src/stm32f7xx_it.o
LOAD ./Core/Src/syscalls.o
LOAD ./Core/Src/sysmem.o
LOAD ./Core/Src/system_stm32f7xx.o
LOAD ./Core/Startup/startup_stm32f767zitx.o
LOAD ./Drivers/STM32F7xx_HAL_Driver/Src/stm32f7xx_hal.o
LOAD ./Drivers/STM32F7xx_HAL_Driver/Src/stm32f7xx_hal_cortex.o
LOAD ./Drivers/STM32F7xx_HAL_Driver/Src/stm32f7xx_hal_dma.o
LOAD ./Drivers/STM32F7xx_HAL_Driver/Src/stm32f7xx_hal_dma_ex.o
LOAD ./Drivers/STM32F7xx_HAL_Driver/Src/stm32f7xx_hal_exti.o
LOAD ./Drivers/STM32F7xx_HAL_Driver/Src/stm32f7xx_hal_flash.o
LOAD ./Drivers/STM32F7xx_HAL_Driver/Src/stm32f7xx_hal_flash_ex.o
LOAD ./Drivers/STM32F7xx_HAL_Driver/Src/stm32f7xx_hal_gpio.o
LOAD ./Drivers/STM32F7xx_HAL_Driver/Src/stm32f7xx_hal_i2c.o
LOAD ./Drivers/STM32F7xx_HAL_Driver/Src/stm32f7xx_hal_i2c_ex.o
LOAD ./Drivers/STM32F7xx_HAL_Driver/Src/stm32f7xx_hal_pwr.o
LOAD ./Drivers/STM32F7xx_HAL_Driver/Src/stm32f7xx_hal_pwr_ex.o
LOAD ./Drivers/STM32F7xx_HAL_Driver/Src/stm32f7xx_hal_rcc.o
LOAD ./Drivers/STM32F7xx_HAL_Driver/Src/stm32f7xx_hal_rcc_ex.o
LOAD ./Drivers/STM32F7xx_HAL_Driver/Src/stm32f7xx_hal_tim.o
LOAD ./Drivers/STM32F7xx_HAL_Driver/Src/stm32f7xx_hal_tim_ex.o
LOAD ./Drivers/STM32F7xx_HAL_Driver/Src/stm32f7xx_hal_uart.o
LOAD ./Drivers/STM32F7xx_HAL_Driver/Src/stm32f7xx_hal_uart_ex.o
LOAD ./Middlewares/Third_Party/FreeRTOS/Source/CMSIS_RTOS_V2/cmsis_os2.o
LOAD ./Middlewares/Third_Party/FreeRTOS/Source/croutine.o
LOAD ./Middlewares/Third_Party/FreeRTOS/Source/event_groups.o
LOAD ./Middlewares/Third_Party/FreeRTOS/Source/list.o
LOAD ./Middlewares/Third_Party/FreeRTOS/Source/queue.o
LOAD ./Middlewares/Third_Party/FreeRTOS/Source/stream_buffer.o
LOAD ./Middlewares/Third_Party/FreeRTOS/Source/tasks.o
LOAD ./Middlewares/Third_Party/FreeRTOS/Source/timers.o
LOAD ./Middlewares/Third_Party/FreeRTOS/Source/portable/GCC/ARM_CM7/r0p1/port.o
LOAD ./Middlewares/Third_Party/FreeRTOS/Source/portable/MemMang/heap_4.o
START GROUP
LOAD c:/st/stm32cubeide_1.9.0/stm32cubeide/plugins/com.st.stm32cube.ide.mcu.externaltools.gnu-tools-for-stm32.10.3-2021.10.win32_1.0.0.202111181127/tools/bin/../lib/gcc/arm-none-eabi/10.3.1/../../../../arm-none-eabi/lib/thumb/v7e-m+dp/hard\libc_nano.a
LOAD c:/st/stm32cubeide_1.9.0/stm32cubeide/plugins/com.st.stm32cube.ide.mcu.externaltools.gnu-tools-for-stm32.10.3-2021.10.win32_1.0.0.202111181127/tools/bin/../lib/gcc/arm-none-eabi/10.3.1/../../../../arm-none-eabi/lib/thumb/v7e-m+dp/hard\libm.a
END GROUP
START GROUP
LOAD c:/st/stm32cubeide_1.9.0/stm32cubeide/plugins/com.st.stm32cube.ide.mcu.externaltools.gnu-tools-for-stm32.10.3-2021.10.win32_1.0.0.202111181127/tools/bin/../lib/gcc/arm-none-eabi/10.3.1/thumb/v7e-m+dp/hard\libgcc.a
LOAD c:/st/stm32cubeide_1.9.0/stm32cubeide/plugins/com.st.stm32cube.ide.mcu.externaltools.gnu-tools-for-stm32.10.3-2021.10.win32_1.0.0.202111181127/tools/bin/../lib/gcc/arm-none-eabi/10.3.1/../../../../arm-none-eabi/lib/thumb/v7e-m+dp/hard\libc_nano.a
END GROUP
START GROUP
LOAD c:/st/stm32cubeide_1.9.0/stm32cubeide/plugins/com.st.stm32cube.ide.mcu.externaltools.gnu-tools-for-stm32.10.3-2021.10.win32_1.0.0.202111181127/tools/bin/../lib/gcc/arm-none-eabi/10.3.1/thumb/v7e-m+dp/hard\libgcc.a
LOAD c:/st/stm32cubeide_1.9.0/stm32cubeide/plugins/com.st.stm32cube.ide.mcu.externaltools.gnu-tools-for-stm32.10.3-2021.10.win32_1.0.0.202111181127/tools/bin/../lib/gcc/arm-none-eabi/10.3.1/../../../../arm-none-eabi/lib/thumb/v7e-m+dp/hard\libc_nano.a
LOAD c:/st/stm32cubeide_1.9.0/stm32cubeide/plugins/com.st.stm32cube.ide.mcu.externaltools.gnu-tools-for-stm32.10.3-2021.10.win32_1.0.0.202111181127/tools/bin/../lib/gcc/arm-none-eabi/10.3.1/../../../../arm-none-eabi/lib/thumb/v7e-m+dp/hard\libnosys.a
END GROUP
START GROUP
LOAD c:/st/stm32cubeide_1.9.0/stm32cubeide/plugins/com.st.stm32cube.ide.mcu.externaltools.gnu-tools-for-stm32.10.3-2021.10.win32_1.0.0.202111181127/tools/bin/../lib/gcc/arm-none-eabi/10.3.1/thumb/v7e-m+dp/hard\libgcc.a
LOAD c:/st/stm32cubeide_1.9.0/stm32cubeide/plugins/com.st.stm32cube.ide.mcu.externaltools.gnu-tools-for-stm32.10.3-2021.10.win32_1.0.0.202111181127/tools/bin/../lib/gcc/arm-none-eabi/10.3.1/../../../../arm-none-eabi/lib/thumb/v7e-m+dp/hard\libc_nano.a
LOAD c:/st/stm32cubeide_1.9.0/stm32cubeide/plugins/com.st.stm32cube.ide.mcu.externaltools.gnu-tools-for-stm32.10.3-2021.10.win32_1.0.0.202111181127/tools/bin/../lib/gcc/arm-none-eabi/10.3.1/../../../../arm-none-eabi/lib/thumb/v7e-m+dp/hard\libnosys.a
END GROUP
LOAD c:/st/stm32cubeide_1.9.0/stm32cubeide/plugins/com.st.stm32cube.ide.mcu.externaltools.gnu-tools-for-stm32.10.3-2021.10.win32_1.0.0.202111181127/tools/bin/../lib/gcc/arm-none-eabi/10.3.1/thumb/v7e-m+dp/hard/crtend.o
LOAD c:/st/stm32cubeide_1.9.0/stm32cubeide/plugins/com.st.stm32cube.ide.mcu.externaltools.gnu-tools-for-stm32.10.3-2021.10.win32_1.0.0.202111181127/tools/bin/../lib/gcc/arm-none-eabi/10.3.1/thumb/v7e-m+dp/hard/crtn.o
                0x0000000020080000                _estack = (ORIGIN (RAM) + LENGTH (RAM))
                0x0000000000000200                _Min_Heap_Size = 0x200
                0x0000000000000400                _Min_Stack_Size = 0x400

.isr_vector     0x0000000008000000      0x1f8
                0x0000000008000000                . = ALIGN (0x4)
 *(.isr_vector)
 .isr_vector    0x0000000008000000      0x1f8 ./Core/Startup/startup_stm32f767zitx.o
                0x0000000008000000                g_pfnVectors
                0x00000000080001f8                . = ALIGN (0x4)

.text           0x0000000008000200     0xa238
                0x0000000008000200                . = ALIGN (0x4)
 *(.text)
 .text          0x0000000008000200       0x40 c:/st/stm32cubeide_1.9.0/stm32cubeide/plugins/com.st.stm32cube.ide.mcu.externaltools.gnu-tools-for-stm32.10.3-2021.10.win32_1.0.0.202111181127/tools/bin/../lib/gcc/arm-none-eabi/10.3.1/thumb/v7e-m+dp/hard/crtbegin.o
 .text          0x0000000008000240       0xa0 c:/st/stm32cubeide_1.9.0/stm32cubeide/plugins/com.st.stm32cube.ide.mcu.externaltools.gnu-tools-for-stm32.10.3-2021.10.win32_1.0.0.202111181127/tools/bin/../lib/gcc/arm-none-eabi/10.3.1/../../../../arm-none-eabi/lib/thumb/v7e-m+dp/hard\libc_nano.a(lib_a-memchr.o)
                0x0000000008000240                memchr
 .text          0x00000000080002e0       0x30 c:/st/stm32cubeide_1.9.0/stm32cubeide/plugins/com.st.stm32cube.ide.mcu.externaltools.gnu-tools-for-stm32.10.3-2021.10.win32_1.0.0.202111181127/tools/bin/../lib/gcc/arm-none-eabi/10.3.1/thumb/v7e-m+dp/hard\libgcc.a(_aeabi_uldivmod.o)
                0x00000000080002e0                __aeabi_uldivmod
 .text          0x0000000008000310      0x2d0 c:/st/stm32cubeide_1.9.0/stm32cubeide/plugins/com.st.stm32cube.ide.mcu.externaltools.gnu-tools-for-stm32.10.3-2021.10.win32_1.0.0.202111181127/tools/bin/../lib/gcc/arm-none-eabi/10.3.1/thumb/v7e-m+dp/hard\libgcc.a(_udivmoddi4.o)
                0x0000000008000310                __udivmoddi4
 .text          0x00000000080005e0        0x4 c:/st/stm32cubeide_1.9.0/stm32cubeide/plugins/com.st.stm32cube.ide.mcu.externaltools.gnu-tools-for-stm32.10.3-2021.10.win32_1.0.0.202111181127/tools/bin/../lib/gcc/arm-none-eabi/10.3.1/thumb/v7e-m+dp/hard\libgcc.a(_dvmd_tls.o)
                0x00000000080005e0                __aeabi_idiv0
                0x00000000080005e0                __aeabi_ldiv0
 *(.text*)
 .text.ModbusInit
                0x00000000080005e4      0x110 ./Core/Src/Modbus.o
                0x00000000080005e4                ModbusInit
 .text.ModbusStart
                0x00000000080006f4       0x98 ./Core/Src/Modbus.o
                0x00000000080006f4                ModbusStart
 .text.vTimerCallbackT35
                0x000000000800078c       0x80 ./Core/Src/Modbus.o
 .text.vTimerCallbackTimeout
                0x000000000800080c       0x58 ./Core/Src/Modbus.o
 .text.StartTaskModbusSlave
                0x0000000008000864      0x198 ./Core/Src/Modbus.o
                0x0000000008000864                StartTaskModbusSlave
 .text.ModbusQuery
                0x00000000080009fc       0x24 ./Core/Src/Modbus.o
                0x00000000080009fc                ModbusQuery
 .text.SendQuery
                0x0000000008000a20      0x2e4 ./Core/Src/Modbus.o
 .text.StartTaskModbusMaster
                0x0000000008000d04      0x19c ./Core/Src/Modbus.o
                0x0000000008000d04                StartTaskModbusMaster
 .text.get_FC1  0x0000000008000ea0       0xa6 ./Core/Src/Modbus.o
 .text.get_FC3  0x0000000008000f46       0x5a ./Core/Src/Modbus.o
 .text.validateAnswer
                0x0000000008000fa0       0xdc ./Core/Src/Modbus.o
 .text.getRxBuffer
                0x000000000800107c       0xa4 ./Core/Src/Modbus.o
 .text.HAL_UART_RxCpltCallback
                0x0000000008001120       0xa4 ./Core/Src/Modbus.o
                0x0000000008001120                HAL_UART_RxCpltCallback
 .text.validateRequest
                0x00000000080011c4      0x200 ./Core/Src/Modbus.o
 .text.word     0x00000000080013c4       0x26 ./Core/Src/Modbus.o
 .text.calcCRC  0x00000000080013ea       0x8c ./Core/Src/Modbus.o
                0x00000000080013ea                calcCRC
 .text.buildException
                0x0000000008001476       0x3e ./Core/Src/Modbus.o
 .text.sendTxBuffer
                0x00000000080014b4      0x130 ./Core/Src/Modbus.o
 .text.process_FC1
                0x00000000080015e4      0x16a ./Core/Src/Modbus.o
 .text.process_FC3
                0x000000000800174e       0xd2 ./Core/Src/Modbus.o
 .text.process_FC5
                0x0000000008001820       0xac ./Core/Src/Modbus.o
 .text.process_FC6
                0x00000000080018cc       0x62 ./Core/Src/Modbus.o
 .text.process_FC15
                0x000000000800192e      0x116 ./Core/Src/Modbus.o
 .text.process_FC16
                0x0000000008001a44       0xa8 ./Core/Src/Modbus.o
 .text.main     0x0000000008001aec       0xd4 ./Core/Src/main.o
                0x0000000008001aec                main
 .text.SystemClock_Config
                0x0000000008001bc0       0xe4 ./Core/Src/main.o
                0x0000000008001bc0                SystemClock_Config
 .text.MX_UART4_Init
                0x0000000008001ca4       0x60 ./Core/Src/main.o
 .text.MX_USART3_UART_Init
                0x0000000008001d04       0x60 ./Core/Src/main.o
 .text.MX_GPIO_Init
                0x0000000008001d64      0x22c ./Core/Src/main.o
 .text.StartDefaultTask
                0x0000000008001f90       0x10 ./Core/Src/main.o
                0x0000000008001f90                StartDefaultTask
 .text.HAL_TIM_PeriodElapsedCallback
                0x0000000008001fa0       0x1e ./Core/Src/main.o
                0x0000000008001fa0                HAL_TIM_PeriodElapsedCallback
 .text.Error_Handler
                0x0000000008001fbe        0xa ./Core/Src/main.o
                0x0000000008001fbe                Error_Handler
 .text.HAL_MspInit
                0x0000000008001fc8       0x50 ./Core/Src/stm32f7xx_hal_msp.o
                0x0000000008001fc8                HAL_MspInit
 .text.HAL_UART_MspInit
                0x0000000008002018      0x1b4 ./Core/Src/stm32f7xx_hal_msp.o
                0x0000000008002018                HAL_UART_MspInit
 .text.HAL_InitTick
                0x00000000080021cc       0xb0 ./Core/Src/stm32f7xx_hal_timebase_tim.o
                0x00000000080021cc                HAL_InitTick
 .text.NMI_Handler
                0x000000000800227c        0x6 ./Core/Src/stm32f7xx_it.o
                0x000000000800227c                NMI_Handler
 .text.HardFault_Handler
                0x0000000008002282        0x6 ./Core/Src/stm32f7xx_it.o
                0x0000000008002282                HardFault_Handler
 .text.MemManage_Handler
                0x0000000008002288        0x6 ./Core/Src/stm32f7xx_it.o
                0x0000000008002288                MemManage_Handler
 .text.BusFault_Handler
                0x000000000800228e        0x6 ./Core/Src/stm32f7xx_it.o
                0x000000000800228e                BusFault_Handler
 .text.UsageFault_Handler
                0x0000000008002294        0x6 ./Core/Src/stm32f7xx_it.o
                0x0000000008002294                UsageFault_Handler
 .text.DebugMon_Handler
                0x000000000800229a        0xe ./Core/Src/stm32f7xx_it.o
                0x000000000800229a                DebugMon_Handler
 .text.TIM2_IRQHandler
                0x00000000080022a8       0x14 ./Core/Src/stm32f7xx_it.o
                0x00000000080022a8                TIM2_IRQHandler
 .text.USART3_IRQHandler
                0x00000000080022bc       0x14 ./Core/Src/stm32f7xx_it.o
                0x00000000080022bc                USART3_IRQHandler
 .text.UART4_IRQHandler
                0x00000000080022d0       0x14 ./Core/Src/stm32f7xx_it.o
                0x00000000080022d0                UART4_IRQHandler
 .text._read    0x00000000080022e4       0x3a ./Core/Src/syscalls.o
                0x00000000080022e4                _read
 .text._write   0x000000000800231e       0x38 ./Core/Src/syscalls.o
                0x000000000800231e                _write
 .text._close   0x0000000008002356       0x18 ./Core/Src/syscalls.o
                0x0000000008002356                _close
 .text._fstat   0x000000000800236e       0x20 ./Core/Src/syscalls.o
                0x000000000800236e                _fstat
 .text._isatty  0x000000000800238e       0x16 ./Core/Src/syscalls.o
                0x000000000800238e                _isatty
 .text._lseek   0x00000000080023a4       0x1a ./Core/Src/syscalls.o
                0x00000000080023a4                _lseek
 *fill*         0x00000000080023be        0x2 
 .text._sbrk    0x00000000080023c0       0x6c ./Core/Src/sysmem.o
                0x00000000080023c0                _sbrk
 .text.SystemInit
                0x000000000800242c       0x24 ./Core/Src/system_stm32f7xx.o
                0x000000000800242c                SystemInit
 .text.Reset_Handler
                0x0000000008002450       0x50 ./Core/Startup/startup_stm32f767zitx.o
                0x0000000008002450                Reset_Handler
 .text.Default_Handler
                0x00000000080024a0        0x2 ./Core/Startup/startup_stm32f767zitx.o
                0x00000000080024a0                RTC_Alarm_IRQHandler
                0x00000000080024a0                EXTI2_IRQHandler
                0x00000000080024a0                TIM8_CC_IRQHandler
                0x00000000080024a0                UART8_IRQHandler
                0x00000000080024a0                SPI4_IRQHandler
                0x00000000080024a0                TIM1_CC_IRQHandler
                0x00000000080024a0                DMA2_Stream5_IRQHandler
                0x00000000080024a0                JPEG_IRQHandler
                0x00000000080024a0                DMA1_Stream5_IRQHandler
                0x00000000080024a0                CAN3_RX1_IRQHandler
                0x00000000080024a0                PVD_IRQHandler
                0x00000000080024a0                TAMP_STAMP_IRQHandler
                0x00000000080024a0                CAN2_RX1_IRQHandler
                0x00000000080024a0                EXTI3_IRQHandler
                0x00000000080024a0                TIM8_TRG_COM_TIM14_IRQHandler
                0x00000000080024a0                DFSDM1_FLT1_IRQHandler
                0x00000000080024a0                TIM1_UP_TIM10_IRQHandler
                0x00000000080024a0                TIM8_UP_TIM13_IRQHandler
                0x00000000080024a0                I2C3_ER_IRQHandler
                0x00000000080024a0                DFSDM1_FLT2_IRQHandler
                0x00000000080024a0                EXTI0_IRQHandler
                0x00000000080024a0                I2C2_EV_IRQHandler
                0x00000000080024a0                DMA1_Stream2_IRQHandler
                0x00000000080024a0                CAN1_RX0_IRQHandler
                0x00000000080024a0                FPU_IRQHandler
                0x00000000080024a0                OTG_HS_WKUP_IRQHandler
                0x00000000080024a0                CAN3_SCE_IRQHandler
                0x00000000080024a0                LTDC_ER_IRQHandler
                0x00000000080024a0                CAN2_SCE_IRQHandler
                0x00000000080024a0                DMA2_Stream2_IRQHandler
                0x00000000080024a0                SPI1_IRQHandler
                0x00000000080024a0                TIM6_DAC_IRQHandler
                0x00000000080024a0                TIM1_BRK_TIM9_IRQHandler
                0x00000000080024a0                DCMI_IRQHandler
                0x00000000080024a0                CAN2_RX0_IRQHandler
                0x00000000080024a0                DMA2_Stream3_IRQHandler
                0x00000000080024a0                SAI2_IRQHandler
                0x00000000080024a0                DFSDM1_FLT3_IRQHandler
                0x00000000080024a0                USART6_IRQHandler
                0x00000000080024a0                CAN3_RX0_IRQHandler
                0x00000000080024a0                CAN1_RX1_IRQHandler
                0x00000000080024a0                UART5_IRQHandler
                0x00000000080024a0                DMA2_Stream0_IRQHandler
                0x00000000080024a0                TIM4_IRQHandler
                0x00000000080024a0                QUADSPI_IRQHandler
                0x00000000080024a0                I2C1_EV_IRQHandler
                0x00000000080024a0                DMA1_Stream6_IRQHandler
                0x00000000080024a0                DMA1_Stream1_IRQHandler
                0x00000000080024a0                TIM3_IRQHandler
                0x00000000080024a0                RCC_IRQHandler
                0x00000000080024a0                TIM8_BRK_TIM12_IRQHandler
                0x00000000080024a0                Default_Handler
                0x00000000080024a0                CEC_IRQHandler
                0x00000000080024a0                EXTI15_10_IRQHandler
                0x00000000080024a0                ADC_IRQHandler
                0x00000000080024a0                DMA1_Stream7_IRQHandler
                0x00000000080024a0                SPI5_IRQHandler
                0x00000000080024a0                TIM7_IRQHandler
                0x00000000080024a0                SDMMC1_IRQHandler
                0x00000000080024a0                CAN2_TX_IRQHandler
                0x00000000080024a0                TIM5_IRQHandler
                0x00000000080024a0                DMA2_Stream7_IRQHandler
                0x00000000080024a0                I2C3_EV_IRQHandler
                0x00000000080024a0                EXTI9_5_IRQHandler
                0x00000000080024a0                RTC_WKUP_IRQHandler
                0x00000000080024a0                LTDC_IRQHandler
                0x00000000080024a0                ETH_WKUP_IRQHandler
                0x00000000080024a0                SPDIF_RX_IRQHandler
                0x00000000080024a0                SPI2_IRQHandler
                0x00000000080024a0                OTG_HS_EP1_IN_IRQHandler
                0x00000000080024a0                DMA1_Stream0_IRQHandler
                0x00000000080024a0                CAN1_TX_IRQHandler
                0x00000000080024a0                EXTI4_IRQHandler
                0x00000000080024a0                RNG_IRQHandler
                0x00000000080024a0                ETH_IRQHandler
                0x00000000080024a0                OTG_HS_EP1_OUT_IRQHandler
                0x00000000080024a0                WWDG_IRQHandler
                0x00000000080024a0                SPI6_IRQHandler
                0x00000000080024a0                MDIOS_IRQHandler
                0x00000000080024a0                I2C4_EV_IRQHandler
                0x00000000080024a0                CAN3_TX_IRQHandler
                0x00000000080024a0                OTG_FS_WKUP_IRQHandler
                0x00000000080024a0                TIM1_TRG_COM_TIM11_IRQHandler
                0x00000000080024a0                OTG_HS_IRQHandler
                0x00000000080024a0                DMA2D_IRQHandler
                0x00000000080024a0                EXTI1_IRQHandler
                0x00000000080024a0                SDMMC2_IRQHandler
                0x00000000080024a0                UART7_IRQHandler
                0x00000000080024a0                USART2_IRQHandler
                0x00000000080024a0                DFSDM1_FLT0_IRQHandler
                0x00000000080024a0                I2C2_ER_IRQHandler
                0x00000000080024a0                DMA2_Stream1_IRQHandler
                0x00000000080024a0                CAN1_SCE_IRQHandler
                0x00000000080024a0                FLASH_IRQHandler
                0x00000000080024a0                DMA2_Stream4_IRQHandler
                0x00000000080024a0                USART1_IRQHandler
                0x00000000080024a0                OTG_FS_IRQHandler
                0x00000000080024a0                SPI3_IRQHandler
                0x00000000080024a0                DMA1_Stream4_IRQHandler
                0x00000000080024a0                I2C1_ER_IRQHandler
                0x00000000080024a0                FMC_IRQHandler
                0x00000000080024a0                LPTIM1_IRQHandler
                0x00000000080024a0                I2C4_ER_IRQHandler
                0x00000000080024a0                DMA2_Stream6_IRQHandler
                0x00000000080024a0                SAI1_IRQHandler
                0x00000000080024a0                DMA1_Stream3_IRQHandler
 .text.HAL_Init
                0x00000000080024a2       0x1a ./Drivers/STM32F7xx_HAL_Driver/Src/stm32f7xx_hal.o
                0x00000000080024a2                HAL_Init
 .text.HAL_IncTick
                0x00000000080024bc       0x28 ./Drivers/STM32F7xx_HAL_Driver/Src/stm32f7xx_hal.o
                0x00000000080024bc                HAL_IncTick
 .text.HAL_GetTick
                0x00000000080024e4       0x18 ./Drivers/STM32F7xx_HAL_Driver/Src/stm32f7xx_hal.o
                0x00000000080024e4                HAL_GetTick
 .text.__NVIC_SetPriorityGrouping
                0x00000000080024fc       0x48 ./Drivers/STM32F7xx_HAL_Driver/Src/stm32f7xx_hal_cortex.o
 .text.__NVIC_GetPriorityGrouping
                0x0000000008002544       0x1c ./Drivers/STM32F7xx_HAL_Driver/Src/stm32f7xx_hal_cortex.o
 .text.__NVIC_EnableIRQ
                0x0000000008002560       0x3c ./Drivers/STM32F7xx_HAL_Driver/Src/stm32f7xx_hal_cortex.o
 .text.__NVIC_SetPriority
                0x000000000800259c       0x54 ./Drivers/STM32F7xx_HAL_Driver/Src/stm32f7xx_hal_cortex.o
 .text.NVIC_EncodePriority
                0x00000000080025f0       0x66 ./Drivers/STM32F7xx_HAL_Driver/Src/stm32f7xx_hal_cortex.o
 .text.HAL_NVIC_SetPriorityGrouping
                0x0000000008002656       0x16 ./Drivers/STM32F7xx_HAL_Driver/Src/stm32f7xx_hal_cortex.o
                0x0000000008002656                HAL_NVIC_SetPriorityGrouping
 .text.HAL_NVIC_SetPriority
                0x000000000800266c       0x38 ./Drivers/STM32F7xx_HAL_Driver/Src/stm32f7xx_hal_cortex.o
                0x000000000800266c                HAL_NVIC_SetPriority
 .text.HAL_NVIC_EnableIRQ
                0x00000000080026a4       0x1c ./Drivers/STM32F7xx_HAL_Driver/Src/stm32f7xx_hal_cortex.o
                0x00000000080026a4                HAL_NVIC_EnableIRQ
 .text.HAL_DMA_Abort
                0x00000000080026c0       0xe0 ./Drivers/STM32F7xx_HAL_Driver/Src/stm32f7xx_hal_dma.o
                0x00000000080026c0                HAL_DMA_Abort
 .text.HAL_DMA_Abort_IT
                0x00000000080027a0       0x44 ./Drivers/STM32F7xx_HAL_Driver/Src/stm32f7xx_hal_dma.o
                0x00000000080027a0                HAL_DMA_Abort_IT
 .text.HAL_GPIO_Init
                0x00000000080027e4      0x358 ./Drivers/STM32F7xx_HAL_Driver/Src/stm32f7xx_hal_gpio.o
                0x00000000080027e4                HAL_GPIO_Init
 .text.HAL_GPIO_WritePin
                0x0000000008002b3c       0x32 ./Drivers/STM32F7xx_HAL_Driver/Src/stm32f7xx_hal_gpio.o
                0x0000000008002b3c                HAL_GPIO_WritePin
 *fill*         0x0000000008002b6e        0x2 
 .text.HAL_PWR_EnableBkUpAccess
                0x0000000008002b70       0x20 ./Drivers/STM32F7xx_HAL_Driver/Src/stm32f7xx_hal_pwr.o
                0x0000000008002b70                HAL_PWR_EnableBkUpAccess
 .text.HAL_PWREx_EnableOverDrive
                0x0000000008002b90       0xa0 ./Drivers/STM32F7xx_HAL_Driver/Src/stm32f7xx_hal_pwr_ex.o
                0x0000000008002b90                HAL_PWREx_EnableOverDrive
 .text.HAL_RCC_OscConfig
                0x0000000008002c30      0x55c ./Drivers/STM32F7xx_HAL_Driver/Src/stm32f7xx_hal_rcc.o
                0x0000000008002c30                HAL_RCC_OscConfig
 .text.HAL_RCC_ClockConfig
                0x000000000800318c      0x1d8 ./Drivers/STM32F7xx_HAL_Driver/Src/stm32f7xx_hal_rcc.o
                0x000000000800318c                HAL_RCC_ClockConfig
 .text.HAL_RCC_GetSysClockFreq
                0x0000000008003364      0x20c ./Drivers/STM32F7xx_HAL_Driver/Src/stm32f7xx_hal_rcc.o
                0x0000000008003364                HAL_RCC_GetSysClockFreq
 .text.HAL_RCC_GetHCLKFreq
                0x0000000008003570       0x18 ./Drivers/STM32F7xx_HAL_Driver/Src/stm32f7xx_hal_rcc.o
                0x0000000008003570                HAL_RCC_GetHCLKFreq
 .text.HAL_RCC_GetPCLK1Freq
                0x0000000008003588       0x28 ./Drivers/STM32F7xx_HAL_Driver/Src/stm32f7xx_hal_rcc.o
                0x0000000008003588                HAL_RCC_GetPCLK1Freq
 .text.HAL_RCC_GetPCLK2Freq
                0x00000000080035b0       0x28 ./Drivers/STM32F7xx_HAL_Driver/Src/stm32f7xx_hal_rcc.o
                0x00000000080035b0                HAL_RCC_GetPCLK2Freq
 .text.HAL_RCC_GetClockConfig
                0x00000000080035d8       0x64 ./Drivers/STM32F7xx_HAL_Driver/Src/stm32f7xx_hal_rcc.o
                0x00000000080035d8                HAL_RCC_GetClockConfig
 .text.HAL_RCCEx_PeriphCLKConfig
                0x000000000800363c      0x850 ./Drivers/STM32F7xx_HAL_Driver/Src/stm32f7xx_hal_rcc_ex.o
                0x000000000800363c                HAL_RCCEx_PeriphCLKConfig
 .text.HAL_TIM_Base_Init
                0x0000000008003e8c       0xae ./Drivers/STM32F7xx_HAL_Driver/Src/stm32f7xx_hal_tim.o
                0x0000000008003e8c                HAL_TIM_Base_Init
 .text.HAL_TIM_Base_MspInit
                0x0000000008003f3a       0x14 ./Drivers/STM32F7xx_HAL_Driver/Src/stm32f7xx_hal_tim.o
                0x0000000008003f3a                HAL_TIM_Base_MspInit
 *fill*         0x0000000008003f4e        0x2 
 .text.HAL_TIM_Base_Start_IT
                0x0000000008003f50       0xf0 ./Drivers/STM32F7xx_HAL_Driver/Src/stm32f7xx_hal_tim.o
                0x0000000008003f50                HAL_TIM_Base_Start_IT
 .text.HAL_TIM_IRQHandler
                0x0000000008004040      0x23e ./Drivers/STM32F7xx_HAL_Driver/Src/stm32f7xx_hal_tim.o
                0x0000000008004040                HAL_TIM_IRQHandler
 .text.HAL_TIM_OC_DelayElapsedCallback
                0x000000000800427e       0x14 ./Drivers/STM32F7xx_HAL_Driver/Src/stm32f7xx_hal_tim.o
                0x000000000800427e                HAL_TIM_OC_DelayElapsedCallback
 .text.HAL_TIM_IC_CaptureCallback
                0x0000000008004292       0x14 ./Drivers/STM32F7xx_HAL_Driver/Src/stm32f7xx_hal_tim.o
                0x0000000008004292                HAL_TIM_IC_CaptureCallback
 .text.HAL_TIM_PWM_PulseFinishedCallback
                0x00000000080042a6       0x14 ./Drivers/STM32F7xx_HAL_Driver/Src/stm32f7xx_hal_tim.o
                0x00000000080042a6                HAL_TIM_PWM_PulseFinishedCallback
 .text.HAL_TIM_TriggerCallback
                0x00000000080042ba       0x14 ./Drivers/STM32F7xx_HAL_Driver/Src/stm32f7xx_hal_tim.o
                0x00000000080042ba                HAL_TIM_TriggerCallback
 *fill*         0x00000000080042ce        0x2 
 .text.TIM_Base_SetConfig
                0x00000000080042d0      0x140 ./Drivers/STM32F7xx_HAL_Driver/Src/stm32f7xx_hal_tim.o
                0x00000000080042d0                TIM_Base_SetConfig
 .text.HAL_TIMEx_CommutCallback
                0x0000000008004410       0x14 ./Drivers/STM32F7xx_HAL_Driver/Src/stm32f7xx_hal_tim_ex.o
                0x0000000008004410                HAL_TIMEx_CommutCallback
 .text.HAL_TIMEx_BreakCallback
                0x0000000008004424       0x14 ./Drivers/STM32F7xx_HAL_Driver/Src/stm32f7xx_hal_tim_ex.o
                0x0000000008004424                HAL_TIMEx_BreakCallback
 .text.HAL_TIMEx_Break2Callback
                0x0000000008004438       0x14 ./Drivers/STM32F7xx_HAL_Driver/Src/stm32f7xx_hal_tim_ex.o
                0x0000000008004438                HAL_TIMEx_Break2Callback
 .text.HAL_UART_Init
                0x000000000800444c       0x9c ./Drivers/STM32F7xx_HAL_Driver/Src/stm32f7xx_hal_uart.o
                0x000000000800444c                HAL_UART_Init
 .text.HAL_UART_Transmit_IT
                0x00000000080044e8       0xdc ./Drivers/STM32F7xx_HAL_Driver/Src/stm32f7xx_hal_uart.o
                0x00000000080044e8                HAL_UART_Transmit_IT
 .text.HAL_UART_Receive_IT
                0x00000000080045c4       0x9c ./Drivers/STM32F7xx_HAL_Driver/Src/stm32f7xx_hal_uart.o
                0x00000000080045c4                HAL_UART_Receive_IT
 .text.HAL_UART_IRQHandler
                0x0000000008004660      0x5c0 ./Drivers/STM32F7xx_HAL_Driver/Src/stm32f7xx_hal_uart.o
                0x0000000008004660                HAL_UART_IRQHandler
 .text.HAL_UART_TxCpltCallback
                0x0000000008004c20       0x14 ./Drivers/STM32F7xx_HAL_Driver/Src/stm32f7xx_hal_uart.o
                0x0000000008004c20                HAL_UART_TxCpltCallback
 .text.HAL_UART_ErrorCallback
                0x0000000008004c34       0x14 ./Drivers/STM32F7xx_HAL_Driver/Src/stm32f7xx_hal_uart.o
                0x0000000008004c34                HAL_UART_ErrorCallback
 .text.HAL_UARTEx_RxEventCallback
                0x0000000008004c48       0x18 ./Drivers/STM32F7xx_HAL_Driver/Src/stm32f7xx_hal_uart.o
                0x0000000008004c48                HAL_UARTEx_RxEventCallback
 .text.HAL_UARTEx_WakeupCallback
                0x0000000008004c60       0x14 ./Drivers/STM32F7xx_HAL_Driver/Src/stm32f7xx_hal_uart.o
                0x0000000008004c60                HAL_UARTEx_WakeupCallback
 .text.HAL_UART_GetState
                0x0000000008004c74       0x26 ./Drivers/STM32F7xx_HAL_Driver/Src/stm32f7xx_hal_uart.o
                0x0000000008004c74                HAL_UART_GetState
 *fill*         0x0000000008004c9a        0x2 
 .text.UART_SetConfig
                0x0000000008004c9c      0x4c8 ./Drivers/STM32F7xx_HAL_Driver/Src/stm32f7xx_hal_uart.o
                0x0000000008004c9c                UART_SetConfig
 .text.UART_AdvFeatureConfig
                0x0000000008005164      0x144 ./Drivers/STM32F7xx_HAL_Driver/Src/stm32f7xx_hal_uart.o
                0x0000000008005164                UART_AdvFeatureConfig
 .text.UART_CheckIdleState
                0x00000000080052a8       0x92 ./Drivers/STM32F7xx_HAL_Driver/Src/stm32f7xx_hal_uart.o
                0x00000000080052a8                UART_CheckIdleState
 .text.UART_WaitOnFlagUntilTimeout
                0x000000000800533a      0x188 ./Drivers/STM32F7xx_HAL_Driver/Src/stm32f7xx_hal_uart.o
                0x000000000800533a                UART_WaitOnFlagUntilTimeout
 *fill*         0x00000000080054c2        0x2 
 .text.UART_Start_Receive_IT
                0x00000000080054c4      0x194 ./Drivers/STM32F7xx_HAL_Driver/Src/stm32f7xx_hal_uart.o
                0x00000000080054c4                UART_Start_Receive_IT
 .text.UART_EndRxTransfer
                0x0000000008005658       0xc6 ./Drivers/STM32F7xx_HAL_Driver/Src/stm32f7xx_hal_uart.o
 .text.UART_DMAAbortOnError
                0x000000000800571e       0x2c ./Drivers/STM32F7xx_HAL_Driver/Src/stm32f7xx_hal_uart.o
 .text.UART_TxISR_8BIT
                0x000000000800574a       0xb6 ./Drivers/STM32F7xx_HAL_Driver/Src/stm32f7xx_hal_uart.o
 .text.UART_TxISR_16BIT
                0x0000000008005800       0xc0 ./Drivers/STM32F7xx_HAL_Driver/Src/stm32f7xx_hal_uart.o
 .text.UART_EndTransmit_IT
                0x00000000080058c0       0x54 ./Drivers/STM32F7xx_HAL_Driver/Src/stm32f7xx_hal_uart.o
 .text.UART_RxISR_8BIT
                0x0000000008005914      0x15c ./Drivers/STM32F7xx_HAL_Driver/Src/stm32f7xx_hal_uart.o
 .text.UART_RxISR_16BIT
                0x0000000008005a70      0x15c ./Drivers/STM32F7xx_HAL_Driver/Src/stm32f7xx_hal_uart.o
 .text.SVC_Setup
                0x0000000008005bcc        0xe ./Middlewares/Third_Party/FreeRTOS/Source/CMSIS_RTOS_V2/cmsis_os2.o
 *fill*         0x0000000008005bda        0x2 
 .text.osKernelInitialize
                0x0000000008005bdc       0x68 ./Middlewares/Third_Party/FreeRTOS/Source/CMSIS_RTOS_V2/cmsis_os2.o
                0x0000000008005bdc                osKernelInitialize
 .text.osKernelStart
                0x0000000008005c44       0x6c ./Middlewares/Third_Party/FreeRTOS/Source/CMSIS_RTOS_V2/cmsis_os2.o
                0x0000000008005c44                osKernelStart
 .text.osThreadNew
                0x0000000008005cb0      0x14c ./Middlewares/Third_Party/FreeRTOS/Source/CMSIS_RTOS_V2/cmsis_os2.o
                0x0000000008005cb0                osThreadNew
 .text.osDelay  0x0000000008005dfc       0x5c ./Middlewares/Third_Party/FreeRTOS/Source/CMSIS_RTOS_V2/cmsis_os2.o
                0x0000000008005dfc                osDelay
 .text.osSemaphoreNew
                0x0000000008005e58      0x138 ./Middlewares/Third_Party/FreeRTOS/Source/CMSIS_RTOS_V2/cmsis_os2.o
                0x0000000008005e58                osSemaphoreNew
 .text.osMessageQueueNew
                0x0000000008005f90      0x10c ./Middlewares/Third_Party/FreeRTOS/Source/CMSIS_RTOS_V2/cmsis_os2.o
                0x0000000008005f90                osMessageQueueNew
 .text.vApplicationGetIdleTaskMemory
                0x000000000800609c       0x34 ./Middlewares/Third_Party/FreeRTOS/Source/CMSIS_RTOS_V2/cmsis_os2.o
                0x000000000800609c                vApplicationGetIdleTaskMemory
 .text.vApplicationGetTimerTaskMemory
                0x00000000080060d0       0x34 ./Middlewares/Third_Party/FreeRTOS/Source/CMSIS_RTOS_V2/cmsis_os2.o
                0x00000000080060d0                vApplicationGetTimerTaskMemory
 .text.vListInitialise
                0x0000000008006104       0x40 ./Middlewares/Third_Party/FreeRTOS/Source/list.o
                0x0000000008006104                vListInitialise
 .text.vListInitialiseItem
                0x0000000008006144       0x1a ./Middlewares/Third_Party/FreeRTOS/Source/list.o
                0x0000000008006144                vListInitialiseItem
 .text.vListInsertEnd
                0x000000000800615e       0x48 ./Middlewares/Third_Party/FreeRTOS/Source/list.o
                0x000000000800615e                vListInsertEnd
 .text.vListInsert
                0x00000000080061a6       0x72 ./Middlewares/Third_Party/FreeRTOS/Source/list.o
                0x00000000080061a6                vListInsert
 .text.uxListRemove
                0x0000000008006218       0x54 ./Middlewares/Third_Party/FreeRTOS/Source/list.o
                0x0000000008006218                uxListRemove
 .text.xQueueGenericReset
                0x000000000800626c       0xd4 ./Middlewares/Third_Party/FreeRTOS/Source/queue.o
                0x000000000800626c                xQueueGenericReset
 .text.xQueueGenericCreateStatic
                0x0000000008006340      0x104 ./Middlewares/Third_Party/FreeRTOS/Source/queue.o
                0x0000000008006340                xQueueGenericCreateStatic
 .text.xQueueGenericCreate
                0x0000000008006444       0x84 ./Middlewares/Third_Party/FreeRTOS/Source/queue.o
                0x0000000008006444                xQueueGenericCreate
 .text.prvInitialiseNewQueue
                0x00000000080064c8       0x46 ./Middlewares/Third_Party/FreeRTOS/Source/queue.o
 .text.xQueueCreateCountingSemaphoreStatic
                0x000000000800650e       0x76 ./Middlewares/Third_Party/FreeRTOS/Source/queue.o
                0x000000000800650e                xQueueCreateCountingSemaphoreStatic
 .text.xQueueCreateCountingSemaphore
                0x0000000008006584       0x6e ./Middlewares/Third_Party/FreeRTOS/Source/queue.o
                0x0000000008006584                xQueueCreateCountingSemaphore
 *fill*         0x00000000080065f2        0x2 
 .text.xQueueGenericSend
                0x00000000080065f4      0x20c ./Middlewares/Third_Party/FreeRTOS/Source/queue.o
                0x00000000080065f4                xQueueGenericSend
 .text.xQueueGenericSendFromISR
                0x0000000008006800      0x140 ./Middlewares/Third_Party/FreeRTOS/Source/queue.o
                0x0000000008006800                xQueueGenericSendFromISR
 .text.xQueueReceive
                0x0000000008006940      0x1cc ./Middlewares/Third_Party/FreeRTOS/Source/queue.o
                0x0000000008006940                xQueueReceive
 .text.xQueueSemaphoreTake
                0x0000000008006b0c      0x228 ./Middlewares/Third_Party/FreeRTOS/Source/queue.o
                0x0000000008006b0c                xQueueSemaphoreTake
 .text.uxQueueMessagesWaiting
                0x0000000008006d34       0x40 ./Middlewares/Third_Party/FreeRTOS/Source/queue.o
                0x0000000008006d34                uxQueueMessagesWaiting
 .text.vQueueDelete
                0x0000000008006d74       0x4a ./Middlewares/Third_Party/FreeRTOS/Source/queue.o
                0x0000000008006d74                vQueueDelete
 .text.prvGetDisinheritPriorityAfterTimeout
                0x0000000008006dbe       0x30 ./Middlewares/Third_Party/FreeRTOS/Source/queue.o
 .text.prvCopyDataToQueue
                0x0000000008006dee       0xd4 ./Middlewares/Third_Party/FreeRTOS/Source/queue.o
 .text.prvCopyDataFromQueue
                0x0000000008006ec2       0x4c ./Middlewares/Third_Party/FreeRTOS/Source/queue.o
 .text.prvUnlockQueue
                0x0000000008006f0e       0xa4 ./Middlewares/Third_Party/FreeRTOS/Source/queue.o
 .text.prvIsQueueEmpty
                0x0000000008006fb2       0x2c ./Middlewares/Third_Party/FreeRTOS/Source/queue.o
 .text.prvIsQueueFull
                0x0000000008006fde       0x30 ./Middlewares/Third_Party/FreeRTOS/Source/queue.o
 *fill*         0x000000000800700e        0x2 
 .text.vQueueAddToRegistry
                0x0000000008007010       0x54 ./Middlewares/Third_Party/FreeRTOS/Source/queue.o
                0x0000000008007010                vQueueAddToRegistry
 .text.vQueueUnregisterQueue
                0x0000000008007064       0x54 ./Middlewares/Third_Party/FreeRTOS/Source/queue.o
                0x0000000008007064                vQueueUnregisterQueue
 .text.vQueueWaitForMessageRestricted
                0x00000000080070b8       0x68 ./Middlewares/Third_Party/FreeRTOS/Source/queue.o
                0x00000000080070b8                vQueueWaitForMessageRestricted
 .text.xTaskCreateStatic
                0x0000000008007120       0xc6 ./Middlewares/Third_Party/FreeRTOS/Source/tasks.o
                0x0000000008007120                xTaskCreateStatic
 .text.xTaskCreate
                0x00000000080071e6       0x8a ./Middlewares/Third_Party/FreeRTOS/Source/tasks.o
                0x00000000080071e6                xTaskCreate
 .text.prvInitialiseNewTask
                0x0000000008007270      0x150 ./Middlewares/Third_Party/FreeRTOS/Source/tasks.o
 .text.prvAddNewTaskToReadyList
                0x00000000080073c0       0xe0 ./Middlewares/Third_Party/FreeRTOS/Source/tasks.o
 .text.vTaskDelay
                0x00000000080074a0       0x6c ./Middlewares/Third_Party/FreeRTOS/Source/tasks.o
                0x00000000080074a0                vTaskDelay
 .text.vTaskStartScheduler
                0x000000000800750c       0xe8 ./Middlewares/Third_Party/FreeRTOS/Source/tasks.o
                0x000000000800750c                vTaskStartScheduler
 .text.vTaskSuspendAll
                0x00000000080075f4       0x1c ./Middlewares/Third_Party/FreeRTOS/Source/tasks.o
                0x00000000080075f4                vTaskSuspendAll
 .text.xTaskResumeAll
                0x0000000008007610      0x140 ./Middlewares/Third_Party/FreeRTOS/Source/tasks.o
                0x0000000008007610                xTaskResumeAll
 .text.xTaskGetTickCount
                0x0000000008007750       0x20 ./Middlewares/Third_Party/FreeRTOS/Source/tasks.o
                0x0000000008007750                xTaskGetTickCount
 .text.xTaskGetTickCountFromISR
                0x0000000008007770       0x24 ./Middlewares/Third_Party/FreeRTOS/Source/tasks.o
                0x0000000008007770                xTaskGetTickCountFromISR
 .text.xTaskIncrementTick
                0x0000000008007794      0x178 ./Middlewares/Third_Party/FreeRTOS/Source/tasks.o
                0x0000000008007794                xTaskIncrementTick
 .text.vTaskSwitchContext
                0x000000000800790c       0xcc ./Middlewares/Third_Party/FreeRTOS/Source/tasks.o
                0x000000000800790c                vTaskSwitchContext
 .text.vTaskPlaceOnEventList
                0x00000000080079d8       0x4c ./Middlewares/Third_Party/FreeRTOS/Source/tasks.o
                0x00000000080079d8                vTaskPlaceOnEventList
 .text.vTaskPlaceOnEventListRestricted
                0x0000000008007a24       0x5c ./Middlewares/Third_Party/FreeRTOS/Source/tasks.o
                0x0000000008007a24                vTaskPlaceOnEventListRestricted
 .text.xTaskRemoveFromEventList
                0x0000000008007a80       0xcc ./Middlewares/Third_Party/FreeRTOS/Source/tasks.o
                0x0000000008007a80                xTaskRemoveFromEventList
 .text.vTaskInternalSetTimeOutState
                0x0000000008007b4c       0x2c ./Middlewares/Third_Party/FreeRTOS/Source/tasks.o
                0x0000000008007b4c                vTaskInternalSetTimeOutState
 .text.xTaskCheckForTimeOut
                0x0000000008007b78       0xcc ./Middlewares/Third_Party/FreeRTOS/Source/tasks.o
                0x0000000008007b78                xTaskCheckForTimeOut
 .text.vTaskMissedYield
                0x0000000008007c44       0x18 ./Middlewares/Third_Party/FreeRTOS/Source/tasks.o
                0x0000000008007c44                vTaskMissedYield
 .text.prvIdleTask
                0x0000000008007c5c       0x30 ./Middlewares/Third_Party/FreeRTOS/Source/tasks.o
 .text.prvInitialiseTaskLists
                0x0000000008007c8c       0x80 ./Middlewares/Third_Party/FreeRTOS/Source/tasks.o
 .text.prvCheckTasksWaitingTermination
                0x0000000008007d0c       0x5c ./Middlewares/Third_Party/FreeRTOS/Source/tasks.o
 .text.prvDeleteTCB
                0x0000000008007d68       0x6c ./Middlewares/Third_Party/FreeRTOS/Source/tasks.o
 .text.prvResetNextTaskUnblockTime
                0x0000000008007dd4       0x40 ./Middlewares/Third_Party/FreeRTOS/Source/tasks.o
 .text.xTaskGetSchedulerState
                0x0000000008007e14       0x3c ./Middlewares/Third_Party/FreeRTOS/Source/tasks.o
                0x0000000008007e14                xTaskGetSchedulerState
 .text.xTaskPriorityInherit
                0x0000000008007e50       0xd0 ./Middlewares/Third_Party/FreeRTOS/Source/tasks.o
                0x0000000008007e50                xTaskPriorityInherit
 .text.xTaskPriorityDisinherit
                0x0000000008007f20       0xe4 ./Middlewares/Third_Party/FreeRTOS/Source/tasks.o
                0x0000000008007f20                xTaskPriorityDisinherit
 .text.vTaskPriorityDisinheritAfterTimeout
                0x0000000008008004      0x10c ./Middlewares/Third_Party/FreeRTOS/Source/tasks.o
                0x0000000008008004                vTaskPriorityDisinheritAfterTimeout
 .text.pvTaskIncrementMutexHeldCount
                0x0000000008008110       0x28 ./Middlewares/Third_Party/FreeRTOS/Source/tasks.o
                0x0000000008008110                pvTaskIncrementMutexHeldCount
 .text.ulTaskNotifyTake
                0x0000000008008138       0x98 ./Middlewares/Third_Party/FreeRTOS/Source/tasks.o
                0x0000000008008138                ulTaskNotifyTake
 .text.xTaskGenericNotify
                0x00000000080081d0      0x188 ./Middlewares/Third_Party/FreeRTOS/Source/tasks.o
                0x00000000080081d0                xTaskGenericNotify
 .text.prvAddCurrentTaskToDelayedList
                0x0000000008008358       0xa8 ./Middlewares/Third_Party/FreeRTOS/Source/tasks.o
 .text.xTimerCreateTimerTask
                0x0000000008008400       0x94 ./Middlewares/Third_Party/FreeRTOS/Source/timers.o
                0x0000000008008400                xTimerCreateTimerTask
 .text.xTimerCreate
                0x0000000008008494       0x42 ./Middlewares/Third_Party/FreeRTOS/Source/timers.o
                0x0000000008008494                xTimerCreate
 .text.prvInitialiseNewTimer
                0x00000000080084d6       0x7a ./Middlewares/Third_Party/FreeRTOS/Source/timers.o
 .text.xTimerGenericCommand
                0x0000000008008550       0xa0 ./Middlewares/Third_Party/FreeRTOS/Source/timers.o
                0x0000000008008550                xTimerGenericCommand
 .text.prvProcessExpiredTimer
                0x00000000080085f0       0x9c ./Middlewares/Third_Party/FreeRTOS/Source/timers.o
 .text.prvTimerTask
                0x000000000800868c       0x24 ./Middlewares/Third_Party/FreeRTOS/Source/timers.o
 .text.prvProcessTimerOrBlockTask
                0x00000000080086b0       0x9c ./Middlewares/Third_Party/FreeRTOS/Source/timers.o
 .text.prvGetNextExpireTime
                0x000000000800874c       0x48 ./Middlewares/Third_Party/FreeRTOS/Source/timers.o
 .text.prvSampleTimeNow
                0x0000000008008794       0x40 ./Middlewares/Third_Party/FreeRTOS/Source/timers.o
 .text.prvInsertTimerInActiveList
                0x00000000080087d4       0x84 ./Middlewares/Third_Party/FreeRTOS/Source/timers.o
 .text.prvProcessReceivedCommands
                0x0000000008008858      0x1d0 ./Middlewares/Third_Party/FreeRTOS/Source/timers.o
 .text.prvSwitchTimerLists
                0x0000000008008a28       0xcc ./Middlewares/Third_Party/FreeRTOS/Source/timers.o
 .text.prvCheckForValidListAndQueue
                0x0000000008008af4       0x80 ./Middlewares/Third_Party/FreeRTOS/Source/timers.o
 .text.pxPortInitialiseStack
                0x0000000008008b74       0x68 ./Middlewares/Third_Party/FreeRTOS/Source/portable/GCC/ARM_CM7/r0p1/port.o
                0x0000000008008b74                pxPortInitialiseStack
 .text.prvTaskExitError
                0x0000000008008bdc       0x60 ./Middlewares/Third_Party/FreeRTOS/Source/portable/GCC/ARM_CM7/r0p1/port.o
 *fill*         0x0000000008008c3c        0x4 
 .text.SVC_Handler
                0x0000000008008c40       0x28 ./Middlewares/Third_Party/FreeRTOS/Source/portable/GCC/ARM_CM7/r0p1/port.o
                0x0000000008008c40                SVC_Handler
 .text.prvPortStartFirstTask
                0x0000000008008c68       0x28 ./Middlewares/Third_Party/FreeRTOS/Source/portable/GCC/ARM_CM7/r0p1/port.o
 .text.xPortStartScheduler
                0x0000000008008c90       0xfc ./Middlewares/Third_Party/FreeRTOS/Source/portable/GCC/ARM_CM7/r0p1/port.o
                0x0000000008008c90                xPortStartScheduler
 .text.vPortEnterCritical
                0x0000000008008d8c       0x68 ./Middlewares/Third_Party/FreeRTOS/Source/portable/GCC/ARM_CM7/r0p1/port.o
                0x0000000008008d8c                vPortEnterCritical
 .text.vPortExitCritical
                0x0000000008008df4       0x58 ./Middlewares/Third_Party/FreeRTOS/Source/portable/GCC/ARM_CM7/r0p1/port.o
                0x0000000008008df4                vPortExitCritical
 *fill*         0x0000000008008e4c        0x4 
 .text.PendSV_Handler
                0x0000000008008e50       0x68 ./Middlewares/Third_Party/FreeRTOS/Source/portable/GCC/ARM_CM7/r0p1/port.o
                0x0000000008008e50                PendSV_Handler
 .text.SysTick_Handler
                0x0000000008008eb8       0x48 ./Middlewares/Third_Party/FreeRTOS/Source/portable/GCC/ARM_CM7/r0p1/port.o
                0x0000000008008eb8                SysTick_Handler
 .text.vPortSetupTimerInterrupt
                0x0000000008008f00       0x48 ./Middlewares/Third_Party/FreeRTOS/Source/portable/GCC/ARM_CM7/r0p1/port.o
                0x0000000008008f00                vPortSetupTimerInterrupt
 .text.vPortEnableVFP
                0x0000000008008f48       0x14 ./Middlewares/Third_Party/FreeRTOS/Source/portable/GCC/ARM_CM7/r0p1/port.o
 .text.vPortValidateInterruptPriority
                0x0000000008008f5c       0x88 ./Middlewares/Third_Party/FreeRTOS/Source/portable/GCC/ARM_CM7/r0p1/port.o
                0x0000000008008f5c                vPortValidateInterruptPriority
 .text.pvPortMalloc
                0x0000000008008fe4      0x194 ./Middlewares/Third_Party/FreeRTOS/Source/portable/MemMang/heap_4.o
                0x0000000008008fe4                pvPortMalloc
 .text.vPortFree
                0x0000000008009178       0xbc ./Middlewares/Third_Party/FreeRTOS/Source/portable/MemMang/heap_4.o
                0x0000000008009178                vPortFree
 .text.prvHeapInit
                0x0000000008009234       0xc4 ./Middlewares/Third_Party/FreeRTOS/Source/portable/MemMang/heap_4.o
 .text.prvInsertBlockIntoFreeList
                0x00000000080092f8       0xb4 ./Middlewares/Third_Party/FreeRTOS/Source/portable/MemMang/heap_4.o
 .text.__errno  0x00000000080093ac        0xc c:/st/stm32cubeide_1.9.0/stm32cubeide/plugins/com.st.stm32cube.ide.mcu.externaltools.gnu-tools-for-stm32.10.3-2021.10.win32_1.0.0.202111181127/tools/bin/../lib/gcc/arm-none-eabi/10.3.1/../../../../arm-none-eabi/lib/thumb/v7e-m+dp/hard\libc_nano.a(lib_a-errno.o)
                0x00000000080093ac                __errno
 .text.std      0x00000000080093b8       0x48 c:/st/stm32cubeide_1.9.0/stm32cubeide/plugins/com.st.stm32cube.ide.mcu.externaltools.gnu-tools-for-stm32.10.3-2021.10.win32_1.0.0.202111181127/tools/bin/../lib/gcc/arm-none-eabi/10.3.1/../../../../arm-none-eabi/lib/thumb/v7e-m+dp/hard\libc_nano.a(lib_a-findfp.o)
 .text._cleanup_r
                0x0000000008009400        0xc c:/st/stm32cubeide_1.9.0/stm32cubeide/plugins/com.st.stm32cube.ide.mcu.externaltools.gnu-tools-for-stm32.10.3-2021.10.win32_1.0.0.202111181127/tools/bin/../lib/gcc/arm-none-eabi/10.3.1/../../../../arm-none-eabi/lib/thumb/v7e-m+dp/hard\libc_nano.a(lib_a-findfp.o)
                0x0000000008009400                _cleanup_r
 .text.__sfmoreglue
                0x000000000800940c       0x2c c:/st/stm32cubeide_1.9.0/stm32cubeide/plugins/com.st.stm32cube.ide.mcu.externaltools.gnu-tools-for-stm32.10.3-2021.10.win32_1.0.0.202111181127/tools/bin/../lib/gcc/arm-none-eabi/10.3.1/../../../../arm-none-eabi/lib/thumb/v7e-m+dp/hard\libc_nano.a(lib_a-findfp.o)
                0x000000000800940c                __sfmoreglue
 .text.__sfp_lock_acquire
                0x0000000008009438        0xc c:/st/stm32cubeide_1.9.0/stm32cubeide/plugins/com.st.stm32cube.ide.mcu.externaltools.gnu-tools-for-stm32.10.3-2021.10.win32_1.0.0.202111181127/tools/bin/../lib/gcc/arm-none-eabi/10.3.1/../../../../arm-none-eabi/lib/thumb/v7e-m+dp/hard\libc_nano.a(lib_a-findfp.o)
                0x0000000008009438                __sfp_lock_acquire
 .text.__sfp_lock_release
                0x0000000008009444        0xc c:/st/stm32cubeide_1.9.0/stm32cubeide/plugins/com.st.stm32cube.ide.mcu.externaltools.gnu-tools-for-stm32.10.3-2021.10.win32_1.0.0.202111181127/tools/bin/../lib/gcc/arm-none-eabi/10.3.1/../../../../arm-none-eabi/lib/thumb/v7e-m+dp/hard\libc_nano.a(lib_a-findfp.o)
                0x0000000008009444                __sfp_lock_release
 .text.__sinit_lock_acquire
                0x0000000008009450        0xc c:/st/stm32cubeide_1.9.0/stm32cubeide/plugins/com.st.stm32cube.ide.mcu.externaltools.gnu-tools-for-stm32.10.3-2021.10.win32_1.0.0.202111181127/tools/bin/../lib/gcc/arm-none-eabi/10.3.1/../../../../arm-none-eabi/lib/thumb/v7e-m+dp/hard\libc_nano.a(lib_a-findfp.o)
                0x0000000008009450                __sinit_lock_acquire
 .text.__sinit_lock_release
                0x000000000800945c        0xc c:/st/stm32cubeide_1.9.0/stm32cubeide/plugins/com.st.stm32cube.ide.mcu.externaltools.gnu-tools-for-stm32.10.3-2021.10.win32_1.0.0.202111181127/tools/bin/../lib/gcc/arm-none-eabi/10.3.1/../../../../arm-none-eabi/lib/thumb/v7e-m+dp/hard\libc_nano.a(lib_a-findfp.o)
                0x000000000800945c                __sinit_lock_release
 .text.__sinit  0x0000000008009468       0x70 c:/st/stm32cubeide_1.9.0/stm32cubeide/plugins/com.st.stm32cube.ide.mcu.externaltools.gnu-tools-for-stm32.10.3-2021.10.win32_1.0.0.202111181127/tools/bin/../lib/gcc/arm-none-eabi/10.3.1/../../../../arm-none-eabi/lib/thumb/v7e-m+dp/hard\libc_nano.a(lib_a-findfp.o)
                0x0000000008009468                __sinit
 .text.__sfp    0x00000000080094d8       0x8c c:/st/stm32cubeide_1.9.0/stm32cubeide/plugins/com.st.stm32cube.ide.mcu.externaltools.gnu-tools-for-stm32.10.3-2021.10.win32_1.0.0.202111181127/tools/bin/../lib/gcc/arm-none-eabi/10.3.1/../../../../arm-none-eabi/lib/thumb/v7e-m+dp/hard\libc_nano.a(lib_a-findfp.o)
                0x00000000080094d8                __sfp
 .text._fwalk_reent
                0x0000000008009564       0x3e c:/st/stm32cubeide_1.9.0/stm32cubeide/plugins/com.st.stm32cube.ide.mcu.externaltools.gnu-tools-for-stm32.10.3-2021.10.win32_1.0.0.202111181127/tools/bin/../lib/gcc/arm-none-eabi/10.3.1/../../../../arm-none-eabi/lib/thumb/v7e-m+dp/hard\libc_nano.a(lib_a-fwalk.o)
                0x0000000008009564                _fwalk_reent
 *fill*         0x00000000080095a2        0x2 
 .text.__libc_init_array
                0x00000000080095a4       0x48 c:/st/stm32cubeide_1.9.0/stm32cubeide/plugins/com.st.stm32cube.ide.mcu.externaltools.gnu-tools-for-stm32.10.3-2021.10.win32_1.0.0.202111181127/tools/bin/../lib/gcc/arm-none-eabi/10.3.1/../../../../arm-none-eabi/lib/thumb/v7e-m+dp/hard\libc_nano.a(lib_a-init.o)
                0x00000000080095a4                __libc_init_array
 .text.__retarget_lock_init_recursive
                0x00000000080095ec        0x2 c:/st/stm32cubeide_1.9.0/stm32cubeide/plugins/com.st.stm32cube.ide.mcu.externaltools.gnu-tools-for-stm32.10.3-2021.10.win32_1.0.0.202111181127/tools/bin/../lib/gcc/arm-none-eabi/10.3.1/../../../../arm-none-eabi/lib/thumb/v7e-m+dp/hard\libc_nano.a(lib_a-lock.o)
                0x00000000080095ec                __retarget_lock_init_recursive
 .text.__retarget_lock_acquire_recursive
                0x00000000080095ee        0x2 c:/st/stm32cubeide_1.9.0/stm32cubeide/plugins/com.st.stm32cube.ide.mcu.externaltools.gnu-tools-for-stm32.10.3-2021.10.win32_1.0.0.202111181127/tools/bin/../lib/gcc/arm-none-eabi/10.3.1/../../../../arm-none-eabi/lib/thumb/v7e-m+dp/hard\libc_nano.a(lib_a-lock.o)
                0x00000000080095ee                __retarget_lock_acquire_recursive
 .text.__retarget_lock_release_recursive
                0x00000000080095f0        0x2 c:/st/stm32cubeide_1.9.0/stm32cubeide/plugins/com.st.stm32cube.ide.mcu.externaltools.gnu-tools-for-stm32.10.3-2021.10.win32_1.0.0.202111181127/tools/bin/../lib/gcc/arm-none-eabi/10.3.1/../../../../arm-none-eabi/lib/thumb/v7e-m+dp/hard\libc_nano.a(lib_a-lock.o)
                0x00000000080095f0                __retarget_lock_release_recursive
 .text.memcpy   0x00000000080095f2       0x1c c:/st/stm32cubeide_1.9.0/stm32cubeide/plugins/com.st.stm32cube.ide.mcu.externaltools.gnu-tools-for-stm32.10.3-2021.10.win32_1.0.0.202111181127/tools/bin/../lib/gcc/arm-none-eabi/10.3.1/../../../../arm-none-eabi/lib/thumb/v7e-m+dp/hard\libc_nano.a(lib_a-memcpy-stub.o)
                0x00000000080095f2                memcpy
 .text.memset   0x000000000800960e       0x10 c:/st/stm32cubeide_1.9.0/stm32cubeide/plugins/com.st.stm32cube.ide.mcu.externaltools.gnu-tools-for-stm32.10.3-2021.10.win32_1.0.0.202111181127/tools/bin/../lib/gcc/arm-none-eabi/10.3.1/../../../../arm-none-eabi/lib/thumb/v7e-m+dp/hard\libc_nano.a(lib_a-memset.o)
                0x000000000800960e                memset
 *fill*         0x000000000800961e        0x2 
 .text.sbrk_aligned
                0x0000000008009620       0x40 c:/st/stm32cubeide_1.9.0/stm32cubeide/plugins/com.st.stm32cube.ide.mcu.externaltools.gnu-tools-for-stm32.10.3-2021.10.win32_1.0.0.202111181127/tools/bin/../lib/gcc/arm-none-eabi/10.3.1/../../../../arm-none-eabi/lib/thumb/v7e-m+dp/hard\libc_nano.a(lib_a-nano-mallocr.o)
 .text._malloc_r
                0x0000000008009660       0xe8 c:/st/stm32cubeide_1.9.0/stm32cubeide/plugins/com.st.stm32cube.ide.mcu.externaltools.gnu-tools-for-stm32.10.3-2021.10.win32_1.0.0.202111181127/tools/bin/../lib/gcc/arm-none-eabi/10.3.1/../../../../arm-none-eabi/lib/thumb/v7e-m+dp/hard\libc_nano.a(lib_a-nano-mallocr.o)
                0x0000000008009660                _malloc_r
 .text.printf   0x0000000008009748       0x30 c:/st/stm32cubeide_1.9.0/stm32cubeide/plugins/com.st.stm32cube.ide.mcu.externaltools.gnu-tools-for-stm32.10.3-2021.10.win32_1.0.0.202111181127/tools/bin/../lib/gcc/arm-none-eabi/10.3.1/../../../../arm-none-eabi/lib/thumb/v7e-m+dp/hard\libc_nano.a(lib_a-printf.o)
                0x0000000008009748                iprintf
                0x0000000008009748                printf
 .text.cleanup_glue
                0x0000000008009778       0x1a c:/st/stm32cubeide_1.9.0/stm32cubeide/plugins/com.st.stm32cube.ide.mcu.externaltools.gnu-tools-for-stm32.10.3-2021.10.win32_1.0.0.202111181127/tools/bin/../lib/gcc/arm-none-eabi/10.3.1/../../../../arm-none-eabi/lib/thumb/v7e-m+dp/hard\libc_nano.a(lib_a-reent.o)
                0x0000000008009778                cleanup_glue
 *fill*         0x0000000008009792        0x2 
 .text._reclaim_reent
                0x0000000008009794       0xb8 c:/st/stm32cubeide_1.9.0/stm32cubeide/plugins/com.st.stm32cube.ide.mcu.externaltools.gnu-tools-for-stm32.10.3-2021.10.win32_1.0.0.202111181127/tools/bin/../lib/gcc/arm-none-eabi/10.3.1/../../../../arm-none-eabi/lib/thumb/v7e-m+dp/hard\libc_nano.a(lib_a-reent.o)
                0x0000000008009794                _reclaim_reent
 .text._sbrk_r  0x000000000800984c       0x20 c:/st/stm32cubeide_1.9.0/stm32cubeide/plugins/com.st.stm32cube.ide.mcu.externaltools.gnu-tools-for-stm32.10.3-2021.10.win32_1.0.0.202111181127/tools/bin/../lib/gcc/arm-none-eabi/10.3.1/../../../../arm-none-eabi/lib/thumb/v7e-m+dp/hard\libc_nano.a(lib_a-sbrkr.o)
                0x000000000800984c                _sbrk_r
 .text.__sread  0x000000000800986c       0x22 c:/st/stm32cubeide_1.9.0/stm32cubeide/plugins/com.st.stm32cube.ide.mcu.externaltools.gnu-tools-for-stm32.10.3-2021.10.win32_1.0.0.202111181127/tools/bin/../lib/gcc/arm-none-eabi/10.3.1/../../../../arm-none-eabi/lib/thumb/v7e-m+dp/hard\libc_nano.a(lib_a-stdio.o)
                0x000000000800986c                __sread
 .text.__swrite
                0x000000000800988e       0x38 c:/st/stm32cubeide_1.9.0/stm32cubeide/plugins/com.st.stm32cube.ide.mcu.externaltools.gnu-tools-for-stm32.10.3-2021.10.win32_1.0.0.202111181127/tools/bin/../lib/gcc/arm-none-eabi/10.3.1/../../../../arm-none-eabi/lib/thumb/v7e-m+dp/hard\libc_nano.a(lib_a-stdio.o)
                0x000000000800988e                __swrite
 .text.__sseek  0x00000000080098c6       0x24 c:/st/stm32cubeide_1.9.0/stm32cubeide/plugins/com.st.stm32cube.ide.mcu.externaltools.gnu-tools-for-stm32.10.3-2021.10.win32_1.0.0.202111181127/tools/bin/../lib/gcc/arm-none-eabi/10.3.1/../../../../arm-none-eabi/lib/thumb/v7e-m+dp/hard\libc_nano.a(lib_a-stdio.o)
                0x00000000080098c6                __sseek
 .text.__sclose
                0x00000000080098ea        0x8 c:/st/stm32cubeide_1.9.0/stm32cubeide/plugins/com.st.stm32cube.ide.mcu.externaltools.gnu-tools-for-stm32.10.3-2021.10.win32_1.0.0.202111181127/tools/bin/../lib/gcc/arm-none-eabi/10.3.1/../../../../arm-none-eabi/lib/thumb/v7e-m+dp/hard\libc_nano.a(lib_a-stdio.o)
                0x00000000080098ea                __sclose
 *fill*         0x00000000080098f2        0x2 
 .text._write_r
                0x00000000080098f4       0x24 c:/st/stm32cubeide_1.9.0/stm32cubeide/plugins/com.st.stm32cube.ide.mcu.externaltools.gnu-tools-for-stm32.10.3-2021.10.win32_1.0.0.202111181127/tools/bin/../lib/gcc/arm-none-eabi/10.3.1/../../../../arm-none-eabi/lib/thumb/v7e-m+dp/hard\libc_nano.a(lib_a-writer.o)
                0x00000000080098f4                _write_r
 .text._close_r
                0x0000000008009918       0x20 c:/st/stm32cubeide_1.9.0/stm32cubeide/plugins/com.st.stm32cube.ide.mcu.externaltools.gnu-tools-for-stm32.10.3-2021.10.win32_1.0.0.202111181127/tools/bin/../lib/gcc/arm-none-eabi/10.3.1/../../../../arm-none-eabi/lib/thumb/v7e-m+dp/hard\libc_nano.a(lib_a-closer.o)
                0x0000000008009918                _close_r
 .text.__sflush_r
                0x0000000008009938      0x10c c:/st/stm32cubeide_1.9.0/stm32cubeide/plugins/com.st.stm32cube.ide.mcu.externaltools.gnu-tools-for-stm32.10.3-2021.10.win32_1.0.0.202111181127/tools/bin/../lib/gcc/arm-none-eabi/10.3.1/../../../../arm-none-eabi/lib/thumb/v7e-m+dp/hard\libc_nano.a(lib_a-fflush.o)
                0x0000000008009938                __sflush_r
 .text._fflush_r
                0x0000000008009a44       0x78 c:/st/stm32cubeide_1.9.0/stm32cubeide/plugins/com.st.stm32cube.ide.mcu.externaltools.gnu-tools-for-stm32.10.3-2021.10.win32_1.0.0.202111181127/tools/bin/../lib/gcc/arm-none-eabi/10.3.1/../../../../arm-none-eabi/lib/thumb/v7e-m+dp/hard\libc_nano.a(lib_a-fflush.o)
                0x0000000008009a44                _fflush_r
 .text._lseek_r
                0x0000000008009abc       0x24 c:/st/stm32cubeide_1.9.0/stm32cubeide/plugins/com.st.stm32cube.ide.mcu.externaltools.gnu-tools-for-stm32.10.3-2021.10.win32_1.0.0.202111181127/tools/bin/../lib/gcc/arm-none-eabi/10.3.1/../../../../arm-none-eabi/lib/thumb/v7e-m+dp/hard\libc_nano.a(lib_a-lseekr.o)
                0x0000000008009abc                _lseek_r
 .text.__malloc_lock
                0x0000000008009ae0        0xc c:/st/stm32cubeide_1.9.0/stm32cubeide/plugins/com.st.stm32cube.ide.mcu.externaltools.gnu-tools-for-stm32.10.3-2021.10.win32_1.0.0.202111181127/tools/bin/../lib/gcc/arm-none-eabi/10.3.1/../../../../arm-none-eabi/lib/thumb/v7e-m+dp/hard\libc_nano.a(lib_a-mlock.o)
                0x0000000008009ae0                __malloc_lock
 .text.__malloc_unlock
                0x0000000008009aec        0xc c:/st/stm32cubeide_1.9.0/stm32cubeide/plugins/com.st.stm32cube.ide.mcu.externaltools.gnu-tools-for-stm32.10.3-2021.10.win32_1.0.0.202111181127/tools/bin/../lib/gcc/arm-none-eabi/10.3.1/../../../../arm-none-eabi/lib/thumb/v7e-m+dp/hard\libc_nano.a(lib_a-mlock.o)
                0x0000000008009aec                __malloc_unlock
 .text._free_r  0x0000000008009af8       0x98 c:/st/stm32cubeide_1.9.0/stm32cubeide/plugins/com.st.stm32cube.ide.mcu.externaltools.gnu-tools-for-stm32.10.3-2021.10.win32_1.0.0.202111181127/tools/bin/../lib/gcc/arm-none-eabi/10.3.1/../../../../arm-none-eabi/lib/thumb/v7e-m+dp/hard\libc_nano.a(lib_a-nano-freer.o)
                0x0000000008009af8                _free_r
 .text.__sfputc_r
                0x0000000008009b90       0x2e c:/st/stm32cubeide_1.9.0/stm32cubeide/plugins/com.st.stm32cube.ide.mcu.externaltools.gnu-tools-for-stm32.10.3-2021.10.win32_1.0.0.202111181127/tools/bin/../lib/gcc/arm-none-eabi/10.3.1/../../../../arm-none-eabi/lib/thumb/v7e-m+dp/hard\libc_nano.a(lib_a-nano-vfprintf.o)
 .text.__sfputs_r
                0x0000000008009bbe       0x24 c:/st/stm32cubeide_1.9.0/stm32cubeide/plugins/com.st.stm32cube.ide.mcu.externaltools.gnu-tools-for-stm32.10.3-2021.10.win32_1.0.0.202111181127/tools/bin/../lib/gcc/arm-none-eabi/10.3.1/../../../../arm-none-eabi/lib/thumb/v7e-m+dp/hard\libc_nano.a(lib_a-nano-vfprintf.o)
                0x0000000008009bbe                __sfputs_r
 *fill*         0x0000000008009be2        0x2 
 .text._vfprintf_r
                0x0000000008009be4      0x260 c:/st/stm32cubeide_1.9.0/stm32cubeide/plugins/com.st.stm32cube.ide.mcu.externaltools.gnu-tools-for-stm32.10.3-2021.10.win32_1.0.0.202111181127/tools/bin/../lib/gcc/arm-none-eabi/10.3.1/../../../../arm-none-eabi/lib/thumb/v7e-m+dp/hard\libc_nano.a(lib_a-nano-vfprintf.o)
                0x0000000008009be4                _vfprintf_r
                0x0000000008009be4                _vfiprintf_r
 .text._printf_common
                0x0000000008009e44       0xda c:/st/stm32cubeide_1.9.0/stm32cubeide/plugins/com.st.stm32cube.ide.mcu.externaltools.gnu-tools-for-stm32.10.3-2021.10.win32_1.0.0.202111181127/tools/bin/../lib/gcc/arm-none-eabi/10.3.1/../../../../arm-none-eabi/lib/thumb/v7e-m+dp/hard\libc_nano.a(lib_a-nano-vfprintf_i.o)
                0x0000000008009e44                _printf_common
 *fill*         0x0000000008009f1e        0x2 
 .text._printf_i
                0x0000000008009f20      0x24c c:/st/stm32cubeide_1.9.0/stm32cubeide/plugins/com.st.stm32cube.ide.mcu.externaltools.gnu-tools-for-stm32.10.3-2021.10.win32_1.0.0.202111181127/tools/bin/../lib/gcc/arm-none-eabi/10.3.1/../../../../arm-none-eabi/lib/thumb/v7e-m+dp/hard\libc_nano.a(lib_a-nano-vfprintf_i.o)
                0x0000000008009f20                _printf_i
 .text._read_r  0x000000000800a16c       0x24 c:/st/stm32cubeide_1.9.0/stm32cubeide/plugins/com.st.stm32cube.ide.mcu.externaltools.gnu-tools-for-stm32.10.3-2021.10.win32_1.0.0.202111181127/tools/bin/../lib/gcc/arm-none-eabi/10.3.1/../../../../arm-none-eabi/lib/thumb/v7e-m+dp/hard\libc_nano.a(lib_a-readr.o)
                0x000000000800a16c                _read_r
 .text.__swbuf_r
                0x000000000800a190       0xa4 c:/st/stm32cubeide_1.9.0/stm32cubeide/plugins/com.st.stm32cube.ide.mcu.externaltools.gnu-tools-for-stm32.10.3-2021.10.win32_1.0.0.202111181127/tools/bin/../lib/gcc/arm-none-eabi/10.3.1/../../../../arm-none-eabi/lib/thumb/v7e-m+dp/hard\libc_nano.a(lib_a-wbuf.o)
                0x000000000800a190                __swbuf_r
 .text.__swsetup_r
                0x000000000800a234       0xdc c:/st/stm32cubeide_1.9.0/stm32cubeide/plugins/com.st.stm32cube.ide.mcu.externaltools.gnu-tools-for-stm32.10.3-2021.10.win32_1.0.0.202111181127/tools/bin/../lib/gcc/arm-none-eabi/10.3.1/../../../../arm-none-eabi/lib/thumb/v7e-m+dp/hard\libc_nano.a(lib_a-wsetup.o)
                0x000000000800a234                __swsetup_r
 .text.__swhatbuf_r
                0x000000000800a310       0x4a c:/st/stm32cubeide_1.9.0/stm32cubeide/plugins/com.st.stm32cube.ide.mcu.externaltools.gnu-tools-for-stm32.10.3-2021.10.win32_1.0.0.202111181127/tools/bin/../lib/gcc/arm-none-eabi/10.3.1/../../../../arm-none-eabi/lib/thumb/v7e-m+dp/hard\libc_nano.a(lib_a-makebuf.o)
                0x000000000800a310                __swhatbuf_r
 *fill*         0x000000000800a35a        0x2 
 .text.__smakebuf_r
                0x000000000800a35c       0x80 c:/st/stm32cubeide_1.9.0/stm32cubeide/plugins/com.st.stm32cube.ide.mcu.externaltools.gnu-tools-for-stm32.10.3-2021.10.win32_1.0.0.202111181127/tools/bin/../lib/gcc/arm-none-eabi/10.3.1/../../../../arm-none-eabi/lib/thumb/v7e-m+dp/hard\libc_nano.a(lib_a-makebuf.o)
                0x000000000800a35c                __smakebuf_r
 .text._fstat_r
                0x000000000800a3dc       0x24 c:/st/stm32cubeide_1.9.0/stm32cubeide/plugins/com.st.stm32cube.ide.mcu.externaltools.gnu-tools-for-stm32.10.3-2021.10.win32_1.0.0.202111181127/tools/bin/../lib/gcc/arm-none-eabi/10.3.1/../../../../arm-none-eabi/lib/thumb/v7e-m+dp/hard\libc_nano.a(lib_a-fstatr.o)
                0x000000000800a3dc                _fstat_r
 .text._isatty_r
                0x000000000800a400       0x20 c:/st/stm32cubeide_1.9.0/stm32cubeide/plugins/com.st.stm32cube.ide.mcu.externaltools.gnu-tools-for-stm32.10.3-2021.10.win32_1.0.0.202111181127/tools/bin/../lib/gcc/arm-none-eabi/10.3.1/../../../../arm-none-eabi/lib/thumb/v7e-m+dp/hard\libc_nano.a(lib_a-isattyr.o)
                0x000000000800a400                _isatty_r
 *(.glue_7)
 .glue_7        0x000000000800a420        0x0 linker stubs
 *(.glue_7t)
 .glue_7t       0x000000000800a420        0x0 linker stubs
 *(.eh_frame)
 .eh_frame      0x000000000800a420        0x0 c:/st/stm32cubeide_1.9.0/stm32cubeide/plugins/com.st.stm32cube.ide.mcu.externaltools.gnu-tools-for-stm32.10.3-2021.10.win32_1.0.0.202111181127/tools/bin/../lib/gcc/arm-none-eabi/10.3.1/thumb/v7e-m+dp/hard/crtbegin.o
 *(.init)
 .init          0x000000000800a420        0x4 c:/st/stm32cubeide_1.9.0/stm32cubeide/plugins/com.st.stm32cube.ide.mcu.externaltools.gnu-tools-for-stm32.10.3-2021.10.win32_1.0.0.202111181127/tools/bin/../lib/gcc/arm-none-eabi/10.3.1/thumb/v7e-m+dp/hard/crti.o
                0x000000000800a420                _init
 .init          0x000000000800a424        0x8 c:/st/stm32cubeide_1.9.0/stm32cubeide/plugins/com.st.stm32cube.ide.mcu.externaltools.gnu-tools-for-stm32.10.3-2021.10.win32_1.0.0.202111181127/tools/bin/../lib/gcc/arm-none-eabi/10.3.1/thumb/v7e-m+dp/hard/crtn.o
 *(.fini)
 .fini          0x000000000800a42c        0x4 c:/st/stm32cubeide_1.9.0/stm32cubeide/plugins/com.st.stm32cube.ide.mcu.externaltools.gnu-tools-for-stm32.10.3-2021.10.win32_1.0.0.202111181127/tools/bin/../lib/gcc/arm-none-eabi/10.3.1/thumb/v7e-m+dp/hard/crti.o
                0x000000000800a42c                _fini
 .fini          0x000000000800a430        0x8 c:/st/stm32cubeide_1.9.0/stm32cubeide/plugins/com.st.stm32cube.ide.mcu.externaltools.gnu-tools-for-stm32.10.3-2021.10.win32_1.0.0.202111181127/tools/bin/../lib/gcc/arm-none-eabi/10.3.1/thumb/v7e-m+dp/hard/crtn.o
                0x000000000800a438                . = ALIGN (0x4)
                0x000000000800a438                _etext = .

.vfp11_veneer   0x000000000800a438        0x0
 .vfp11_veneer  0x000000000800a438        0x0 linker stubs

.v4_bx          0x000000000800a438        0x0
 .v4_bx         0x000000000800a438        0x0 linker stubs

.iplt           0x000000000800a438        0x0
 .iplt          0x000000000800a438        0x0 c:/st/stm32cubeide_1.9.0/stm32cubeide/plugins/com.st.stm32cube.ide.mcu.externaltools.gnu-tools-for-stm32.10.3-2021.10.win32_1.0.0.202111181127/tools/bin/../lib/gcc/arm-none-eabi/10.3.1/thumb/v7e-m+dp/hard/crtbegin.o

.rodata         0x000000000800a438      0x204
                0x000000000800a438                . = ALIGN (0x4)
 *(.rodata)
 .rodata        0x000000000800a438       0x79 ./Core/Src/Modbus.o
 *fill*         0x000000000800a4b1        0x3 
 .rodata        0x000000000800a4b4        0xc ./Core/Src/main.o
 .rodata        0x000000000800a4c0        0x5 ./Middlewares/Third_Party/FreeRTOS/Source/tasks.o
 *fill*         0x000000000800a4c5        0x3 
 .rodata        0x000000000800a4c8        0xd ./Middlewares/Third_Party/FreeRTOS/Source/timers.o
 *(.rodata*)
 *fill*         0x000000000800a4d5        0x3 
 .rodata.QueueModbus_attributes
                0x000000000800a4d8       0x18 ./Core/Src/Modbus.o
                0x000000000800a4d8                QueueModbus_attributes
 .rodata.QueueTelegram_attributes
                0x000000000800a4f0       0x18 ./Core/Src/Modbus.o
                0x000000000800a4f0                QueueTelegram_attributes
 .rodata.myTaskModbusA_attributes
                0x000000000800a508       0x24 ./Core/Src/Modbus.o
                0x000000000800a508                myTaskModbusA_attributes
 .rodata.myTaskModbusB_attributes
                0x000000000800a52c       0x24 ./Core/Src/Modbus.o
                0x000000000800a52c                myTaskModbusB_attributes
 .rodata.ModBusSphr_attributes
                0x000000000800a550       0x10 ./Core/Src/Modbus.o
                0x000000000800a550                ModBusSphr_attributes
 .rodata.fctsupported
                0x000000000800a560        0x8 ./Core/Src/Modbus.o
                0x000000000800a560                fctsupported
 .rodata.defaultTask_attributes
                0x000000000800a568       0x24 ./Core/Src/main.o
                0x000000000800a568                defaultTask_attributes
 .rodata.AHBPrescTable
                0x000000000800a58c       0x10 ./Core/Src/system_stm32f7xx.o
                0x000000000800a58c                AHBPrescTable
 .rodata.APBPrescTable
                0x000000000800a59c        0x8 ./Core/Src/system_stm32f7xx.o
                0x000000000800a59c                APBPrescTable
 .rodata.__sf_fake_stderr
                0x000000000800a5a4       0x20 c:/st/stm32cubeide_1.9.0/stm32cubeide/plugins/com.st.stm32cube.ide.mcu.externaltools.gnu-tools-for-stm32.10.3-2021.10.win32_1.0.0.202111181127/tools/bin/../lib/gcc/arm-none-eabi/10.3.1/../../../../arm-none-eabi/lib/thumb/v7e-m+dp/hard\libc_nano.a(lib_a-findfp.o)
                0x000000000800a5a4                __sf_fake_stderr
 .rodata.__sf_fake_stdin
                0x000000000800a5c4       0x20 c:/st/stm32cubeide_1.9.0/stm32cubeide/plugins/com.st.stm32cube.ide.mcu.externaltools.gnu-tools-for-stm32.10.3-2021.10.win32_1.0.0.202111181127/tools/bin/../lib/gcc/arm-none-eabi/10.3.1/../../../../arm-none-eabi/lib/thumb/v7e-m+dp/hard\libc_nano.a(lib_a-findfp.o)
                0x000000000800a5c4                __sf_fake_stdin
 .rodata.__sf_fake_stdout
                0x000000000800a5e4       0x20 c:/st/stm32cubeide_1.9.0/stm32cubeide/plugins/com.st.stm32cube.ide.mcu.externaltools.gnu-tools-for-stm32.10.3-2021.10.win32_1.0.0.202111181127/tools/bin/../lib/gcc/arm-none-eabi/10.3.1/../../../../arm-none-eabi/lib/thumb/v7e-m+dp/hard\libc_nano.a(lib_a-findfp.o)
                0x000000000800a5e4                __sf_fake_stdout
 .rodata._global_impure_ptr
                0x000000000800a604        0x4 c:/st/stm32cubeide_1.9.0/stm32cubeide/plugins/com.st.stm32cube.ide.mcu.externaltools.gnu-tools-for-stm32.10.3-2021.10.win32_1.0.0.202111181127/tools/bin/../lib/gcc/arm-none-eabi/10.3.1/../../../../arm-none-eabi/lib/thumb/v7e-m+dp/hard\libc_nano.a(lib_a-impure.o)
                0x000000000800a604                _global_impure_ptr
 .rodata._vfprintf_r.str1.1
                0x000000000800a608       0x11 c:/st/stm32cubeide_1.9.0/stm32cubeide/plugins/com.st.stm32cube.ide.mcu.externaltools.gnu-tools-for-stm32.10.3-2021.10.win32_1.0.0.202111181127/tools/bin/../lib/gcc/arm-none-eabi/10.3.1/../../../../arm-none-eabi/lib/thumb/v7e-m+dp/hard\libc_nano.a(lib_a-nano-vfprintf.o)
 .rodata._printf_i.str1.1
                0x000000000800a619       0x22 c:/st/stm32cubeide_1.9.0/stm32cubeide/plugins/com.st.stm32cube.ide.mcu.externaltools.gnu-tools-for-stm32.10.3-2021.10.win32_1.0.0.202111181127/tools/bin/../lib/gcc/arm-none-eabi/10.3.1/../../../../arm-none-eabi/lib/thumb/v7e-m+dp/hard\libc_nano.a(lib_a-nano-vfprintf_i.o)
                0x000000000800a63c                . = ALIGN (0x4)
 *fill*         0x000000000800a63b        0x1 

.ARM.extab      0x000000000800a63c        0x0
                0x000000000800a63c                . = ALIGN (0x4)
 *(.ARM.extab* .gnu.linkonce.armextab.*)
                0x000000000800a63c                . = ALIGN (0x4)

.ARM            0x000000000800a63c        0x8
                0x000000000800a63c                . = ALIGN (0x4)
                0x000000000800a63c                __exidx_start = .
 *(.ARM.exidx*)
 .ARM.exidx     0x000000000800a63c        0x8 c:/st/stm32cubeide_1.9.0/stm32cubeide/plugins/com.st.stm32cube.ide.mcu.externaltools.gnu-tools-for-stm32.10.3-2021.10.win32_1.0.0.202111181127/tools/bin/../lib/gcc/arm-none-eabi/10.3.1/thumb/v7e-m+dp/hard\libgcc.a(_udivmoddi4.o)
                0x000000000800a644                __exidx_end = .
                0x000000000800a644                . = ALIGN (0x4)

.rel.dyn        0x000000000800a644        0x0
 .rel.iplt      0x000000000800a644        0x0 c:/st/stm32cubeide_1.9.0/stm32cubeide/plugins/com.st.stm32cube.ide.mcu.externaltools.gnu-tools-for-stm32.10.3-2021.10.win32_1.0.0.202111181127/tools/bin/../lib/gcc/arm-none-eabi/10.3.1/thumb/v7e-m+dp/hard/crtbegin.o

.preinit_array  0x000000000800a644        0x0
                0x000000000800a644                . = ALIGN (0x4)
                0x000000000800a644                PROVIDE (__preinit_array_start = .)
 *(.preinit_array*)
                0x000000000800a644                PROVIDE (__preinit_array_end = .)
                0x000000000800a644                . = ALIGN (0x4)

.init_array     0x000000000800a644        0x4
                0x000000000800a644                . = ALIGN (0x4)
                0x000000000800a644                PROVIDE (__init_array_start = .)
 *(SORT_BY_NAME(.init_array.*))
 *(.init_array*)
 .init_array    0x000000000800a644        0x4 c:/st/stm32cubeide_1.9.0/stm32cubeide/plugins/com.st.stm32cube.ide.mcu.externaltools.gnu-tools-for-stm32.10.3-2021.10.win32_1.0.0.202111181127/tools/bin/../lib/gcc/arm-none-eabi/10.3.1/thumb/v7e-m+dp/hard/crtbegin.o
                0x000000000800a648                PROVIDE (__init_array_end = .)
                0x000000000800a648                . = ALIGN (0x4)

.fini_array     0x000000000800a648        0x4
                0x000000000800a648                . = ALIGN (0x4)
                [!provide]                        PROVIDE (__fini_array_start = .)
 *(SORT_BY_NAME(.fini_array.*))
 *(.fini_array*)
 .fini_array    0x000000000800a648        0x4 c:/st/stm32cubeide_1.9.0/stm32cubeide/plugins/com.st.stm32cube.ide.mcu.externaltools.gnu-tools-for-stm32.10.3-2021.10.win32_1.0.0.202111181127/tools/bin/../lib/gcc/arm-none-eabi/10.3.1/thumb/v7e-m+dp/hard/crtbegin.o
                [!provide]                        PROVIDE (__fini_array_end = .)
                0x000000000800a64c                . = ALIGN (0x4)
                0x000000000800a64c                _sidata = LOADADDR (.data)

.data           0x0000000020000000       0x74 load address 0x000000000800a64c
                0x0000000020000000                . = ALIGN (0x4)
                0x0000000020000000                _sdata = .
 *(.data)
 *(.data*)
 .data.SystemCoreClock
                0x0000000020000000        0x4 ./Core/Src/system_stm32f7xx.o
                0x0000000020000000                SystemCoreClock
 .data.uwTickPrio
                0x0000000020000004        0x4 ./Drivers/STM32F7xx_HAL_Driver/Src/stm32f7xx_hal.o
                0x0000000020000004                uwTickPrio
 .data.uwTickFreq
                0x0000000020000008        0x1 ./Drivers/STM32F7xx_HAL_Driver/Src/stm32f7xx_hal.o
                0x0000000020000008                uwTickFreq
 *fill*         0x0000000020000009        0x3 
 .data.uxCriticalNesting
                0x000000002000000c        0x4 ./Middlewares/Third_Party/FreeRTOS/Source/portable/GCC/ARM_CM7/r0p1/port.o
 .data._impure_ptr
                0x0000000020000010        0x4 c:/st/stm32cubeide_1.9.0/stm32cubeide/plugins/com.st.stm32cube.ide.mcu.externaltools.gnu-tools-for-stm32.10.3-2021.10.win32_1.0.0.202111181127/tools/bin/../lib/gcc/arm-none-eabi/10.3.1/../../../../arm-none-eabi/lib/thumb/v7e-m+dp/hard\libc_nano.a(lib_a-impure.o)
                0x0000000020000010                _impure_ptr
 .data.impure_data
                0x0000000020000014       0x60 c:/st/stm32cubeide_1.9.0/stm32cubeide/plugins/com.st.stm32cube.ide.mcu.externaltools.gnu-tools-for-stm32.10.3-2021.10.win32_1.0.0.202111181127/tools/bin/../lib/gcc/arm-none-eabi/10.3.1/../../../../arm-none-eabi/lib/thumb/v7e-m+dp/hard\libc_nano.a(lib_a-impure.o)
 *(.RamFunc)
 *(.RamFunc*)
                0x0000000020000074                . = ALIGN (0x4)
                0x0000000020000074                _edata = .

.igot.plt       0x0000000020000074        0x0 load address 0x000000000800a6c0
 .igot.plt      0x0000000020000074        0x0 c:/st/stm32cubeide_1.9.0/stm32cubeide/plugins/com.st.stm32cube.ide.mcu.externaltools.gnu-tools-for-stm32.10.3-2021.10.win32_1.0.0.202111181127/tools/bin/../lib/gcc/arm-none-eabi/10.3.1/thumb/v7e-m+dp/hard/crtbegin.o
                0x0000000020000074                . = ALIGN (0x4)

.bss            0x0000000020000074     0x4c3c load address 0x000000000800a6c0
                0x0000000020000074                _sbss = .
                0x0000000020000074                __bss_start__ = _sbss
 *(.bss)
 .bss           0x0000000020000074       0x1c c:/st/stm32cubeide_1.9.0/stm32cubeide/plugins/com.st.stm32cube.ide.mcu.externaltools.gnu-tools-for-stm32.10.3-2021.10.win32_1.0.0.202111181127/tools/bin/../lib/gcc/arm-none-eabi/10.3.1/thumb/v7e-m+dp/hard/crtbegin.o
 *(.bss*)
 .bss.mHandlers
                0x0000000020000090        0x8 ./Core/Src/Modbus.o
                0x0000000020000090                mHandlers
 .bss.numberHandlers
                0x0000000020000098        0x1 ./Core/Src/Modbus.o
                0x0000000020000098                numberHandlers
 *fill*         0x0000000020000099        0x3 
 .bss.huart4    0x000000002000009c       0x84 ./Core/Src/main.o
                0x000000002000009c                huart4
 .bss.huart3    0x0000000020000120       0x84 ./Core/Src/main.o
                0x0000000020000120                huart3
 .bss.defaultTaskHandle
                0x00000000200001a4        0x4 ./Core/Src/main.o
                0x00000000200001a4                defaultTaskHandle
 .bss.ModbusH   0x00000000200001a8       0x8c ./Core/Src/main.o
                0x00000000200001a8                ModbusH
 .bss.ModbusDATA
                0x0000000020000234       0x10 ./Core/Src/main.o
                0x0000000020000234                ModbusDATA
 .bss.htim2     0x0000000020000244       0x4c ./Core/Src/stm32f7xx_hal_timebase_tim.o
                0x0000000020000244                htim2
 .bss.__sbrk_heap_end
                0x0000000020000290        0x4 ./Core/Src/sysmem.o
 .bss.uwTick    0x0000000020000294        0x4 ./Drivers/STM32F7xx_HAL_Driver/Src/stm32f7xx_hal.o
                0x0000000020000294                uwTick
 .bss.KernelState
                0x0000000020000298        0x4 ./Middlewares/Third_Party/FreeRTOS/Source/CMSIS_RTOS_V2/cmsis_os2.o
 .bss.Idle_TCB  0x000000002000029c       0xbc ./Middlewares/Third_Party/FreeRTOS/Source/CMSIS_RTOS_V2/cmsis_os2.o
 .bss.Idle_Stack
                0x0000000020000358      0x200 ./Middlewares/Third_Party/FreeRTOS/Source/CMSIS_RTOS_V2/cmsis_os2.o
 .bss.Timer_TCB
                0x0000000020000558       0xbc ./Middlewares/Third_Party/FreeRTOS/Source/CMSIS_RTOS_V2/cmsis_os2.o
 .bss.Timer_Stack
                0x0000000020000614      0x400 ./Middlewares/Third_Party/FreeRTOS/Source/CMSIS_RTOS_V2/cmsis_os2.o
 .bss.xQueueRegistry
                0x0000000020000a14       0x40 ./Middlewares/Third_Party/FreeRTOS/Source/queue.o
                0x0000000020000a14                xQueueRegistry
 .bss.pxCurrentTCB
                0x0000000020000a54        0x4 ./Middlewares/Third_Party/FreeRTOS/Source/tasks.o
                0x0000000020000a54                pxCurrentTCB
 .bss.pxReadyTasksLists
                0x0000000020000a58      0x460 ./Middlewares/Third_Party/FreeRTOS/Source/tasks.o
 .bss.xDelayedTaskList1
                0x0000000020000eb8       0x14 ./Middlewares/Third_Party/FreeRTOS/Source/tasks.o
 .bss.xDelayedTaskList2
                0x0000000020000ecc       0x14 ./Middlewares/Third_Party/FreeRTOS/Source/tasks.o
 .bss.pxDelayedTaskList
                0x0000000020000ee0        0x4 ./Middlewares/Third_Party/FreeRTOS/Source/tasks.o
 .bss.pxOverflowDelayedTaskList
                0x0000000020000ee4        0x4 ./Middlewares/Third_Party/FreeRTOS/Source/tasks.o
 .bss.xPendingReadyList
                0x0000000020000ee8       0x14 ./Middlewares/Third_Party/FreeRTOS/Source/tasks.o
 .bss.xTasksWaitingTermination
                0x0000000020000efc       0x14 ./Middlewares/Third_Party/FreeRTOS/Source/tasks.o
 .bss.uxDeletedTasksWaitingCleanUp
                0x0000000020000f10        0x4 ./Middlewares/Third_Party/FreeRTOS/Source/tasks.o
 .bss.xSuspendedTaskList
                0x0000000020000f14       0x14 ./Middlewares/Third_Party/FreeRTOS/Source/tasks.o
 .bss.uxCurrentNumberOfTasks
                0x0000000020000f28        0x4 ./Middlewares/Third_Party/FreeRTOS/Source/tasks.o
 .bss.xTickCount
                0x0000000020000f2c        0x4 ./Middlewares/Third_Party/FreeRTOS/Source/tasks.o
 .bss.uxTopReadyPriority
                0x0000000020000f30        0x4 ./Middlewares/Third_Party/FreeRTOS/Source/tasks.o
 .bss.xSchedulerRunning
                0x0000000020000f34        0x4 ./Middlewares/Third_Party/FreeRTOS/Source/tasks.o
 .bss.uxPendedTicks
                0x0000000020000f38        0x4 ./Middlewares/Third_Party/FreeRTOS/Source/tasks.o
 .bss.xYieldPending
                0x0000000020000f3c        0x4 ./Middlewares/Third_Party/FreeRTOS/Source/tasks.o
 .bss.xNumOfOverflows
                0x0000000020000f40        0x4 ./Middlewares/Third_Party/FreeRTOS/Source/tasks.o
 .bss.uxTaskNumber
                0x0000000020000f44        0x4 ./Middlewares/Third_Party/FreeRTOS/Source/tasks.o
 .bss.xNextTaskUnblockTime
                0x0000000020000f48        0x4 ./Middlewares/Third_Party/FreeRTOS/Source/tasks.o
 .bss.xIdleTaskHandle
                0x0000000020000f4c        0x4 ./Middlewares/Third_Party/FreeRTOS/Source/tasks.o
 .bss.uxSchedulerSuspended
                0x0000000020000f50        0x4 ./Middlewares/Third_Party/FreeRTOS/Source/tasks.o
 .bss.xActiveTimerList1
                0x0000000020000f54       0x14 ./Middlewares/Third_Party/FreeRTOS/Source/timers.o
 .bss.xActiveTimerList2
                0x0000000020000f68       0x14 ./Middlewares/Third_Party/FreeRTOS/Source/timers.o
 .bss.pxCurrentTimerList
                0x0000000020000f7c        0x4 ./Middlewares/Third_Party/FreeRTOS/Source/timers.o
 .bss.pxOverflowTimerList
                0x0000000020000f80        0x4 ./Middlewares/Third_Party/FreeRTOS/Source/timers.o
 .bss.xTimerQueue
                0x0000000020000f84        0x4 ./Middlewares/Third_Party/FreeRTOS/Source/timers.o
 .bss.xTimerTaskHandle
                0x0000000020000f88        0x4 ./Middlewares/Third_Party/FreeRTOS/Source/timers.o
 .bss.xLastTime.2
                0x0000000020000f8c        0x4 ./Middlewares/Third_Party/FreeRTOS/Source/timers.o
 .bss.ucStaticTimerQueueStorage.1
                0x0000000020000f90       0xa0 ./Middlewares/Third_Party/FreeRTOS/Source/timers.o
 .bss.xStaticTimerQueue.0
                0x0000000020001030       0x50 ./Middlewares/Third_Party/FreeRTOS/Source/timers.o
 .bss.ucMaxSysCallPriority
                0x0000000020001080        0x1 ./Middlewares/Third_Party/FreeRTOS/Source/portable/GCC/ARM_CM7/r0p1/port.o
 *fill*         0x0000000020001081        0x3 
 .bss.ulMaxPRIGROUPValue
                0x0000000020001084        0x4 ./Middlewares/Third_Party/FreeRTOS/Source/portable/GCC/ARM_CM7/r0p1/port.o
 .bss.ucHeap    0x0000000020001088     0x3c00 ./Middlewares/Third_Party/FreeRTOS/Source/portable/MemMang/heap_4.o
 .bss.xStart    0x0000000020004c88        0x8 ./Middlewares/Third_Party/FreeRTOS/Source/portable/MemMang/heap_4.o
 .bss.pxEnd     0x0000000020004c90        0x4 ./Middlewares/Third_Party/FreeRTOS/Source/portable/MemMang/heap_4.o
 .bss.xFreeBytesRemaining
                0x0000000020004c94        0x4 ./Middlewares/Third_Party/FreeRTOS/Source/portable/MemMang/heap_4.o
 .bss.xMinimumEverFreeBytesRemaining
                0x0000000020004c98        0x4 ./Middlewares/Third_Party/FreeRTOS/Source/portable/MemMang/heap_4.o
 .bss.xBlockAllocatedBit
                0x0000000020004c9c        0x4 ./Middlewares/Third_Party/FreeRTOS/Source/portable/MemMang/heap_4.o
 .bss.__lock___malloc_recursive_mutex
                0x0000000020004ca0        0x1 c:/st/stm32cubeide_1.9.0/stm32cubeide/plugins/com.st.stm32cube.ide.mcu.externaltools.gnu-tools-for-stm32.10.3-2021.10.win32_1.0.0.202111181127/tools/bin/../lib/gcc/arm-none-eabi/10.3.1/../../../../arm-none-eabi/lib/thumb/v7e-m+dp/hard\libc_nano.a(lib_a-lock.o)
                0x0000000020004ca0                __lock___malloc_recursive_mutex
 .bss.__lock___sfp_recursive_mutex
                0x0000000020004ca1        0x1 c:/st/stm32cubeide_1.9.0/stm32cubeide/plugins/com.st.stm32cube.ide.mcu.externaltools.gnu-tools-for-stm32.10.3-2021.10.win32_1.0.0.202111181127/tools/bin/../lib/gcc/arm-none-eabi/10.3.1/../../../../arm-none-eabi/lib/thumb/v7e-m+dp/hard\libc_nano.a(lib_a-lock.o)
                0x0000000020004ca1                __lock___sfp_recursive_mutex
 .bss.__lock___sinit_recursive_mutex
                0x0000000020004ca2        0x1 c:/st/stm32cubeide_1.9.0/stm32cubeide/plugins/com.st.stm32cube.ide.mcu.externaltools.gnu-tools-for-stm32.10.3-2021.10.win32_1.0.0.202111181127/tools/bin/../lib/gcc/arm-none-eabi/10.3.1/../../../../arm-none-eabi/lib/thumb/v7e-m+dp/hard\libc_nano.a(lib_a-lock.o)
                0x0000000020004ca2                __lock___sinit_recursive_mutex
 *fill*         0x0000000020004ca3        0x1 
 .bss.__malloc_free_list
                0x0000000020004ca4        0x4 c:/st/stm32cubeide_1.9.0/stm32cubeide/plugins/com.st.stm32cube.ide.mcu.externaltools.gnu-tools-for-stm32.10.3-2021.10.win32_1.0.0.202111181127/tools/bin/../lib/gcc/arm-none-eabi/10.3.1/../../../../arm-none-eabi/lib/thumb/v7e-m+dp/hard\libc_nano.a(lib_a-nano-mallocr.o)
                0x0000000020004ca4                __malloc_free_list
 .bss.__malloc_sbrk_start
                0x0000000020004ca8        0x4 c:/st/stm32cubeide_1.9.0/stm32cubeide/plugins/com.st.stm32cube.ide.mcu.externaltools.gnu-tools-for-stm32.10.3-2021.10.win32_1.0.0.202111181127/tools/bin/../lib/gcc/arm-none-eabi/10.3.1/../../../../arm-none-eabi/lib/thumb/v7e-m+dp/hard\libc_nano.a(lib_a-nano-mallocr.o)
                0x0000000020004ca8                __malloc_sbrk_start
 .bss.errno     0x0000000020004cac        0x4 c:/st/stm32cubeide_1.9.0/stm32cubeide/plugins/com.st.stm32cube.ide.mcu.externaltools.gnu-tools-for-stm32.10.3-2021.10.win32_1.0.0.202111181127/tools/bin/../lib/gcc/arm-none-eabi/10.3.1/../../../../arm-none-eabi/lib/thumb/v7e-m+dp/hard\libc_nano.a(lib_a-reent.o)
                0x0000000020004cac                errno
 *(COMMON)
                0x0000000020004cb0                . = ALIGN (0x4)
                0x0000000020004cb0                _ebss = .
                0x0000000020004cb0                __bss_end__ = _ebss

._user_heap_stack
                0x0000000020004cb0      0x600 load address 0x000000000800a6c0
                0x0000000020004cb0                . = ALIGN (0x8)
                [!provide]                        PROVIDE (end = .)
                0x0000000020004cb0                PROVIDE (_end = .)
                0x0000000020004eb0                . = (. + _Min_Heap_Size)
 *fill*         0x0000000020004cb0      0x200 
                0x00000000200052b0                . = (. + _Min_Stack_Size)
 *fill*         0x0000000020004eb0      0x400 
                0x00000000200052b0                . = ALIGN (0x8)

/DISCARD/
 libc.a(*)
 libm.a(*)
 libgcc.a(*)

.ARM.attributes
                0x0000000000000000       0x2e
 *(.ARM.attributes)
 .ARM.attributes
                0x0000000000000000       0x1e c:/st/stm32cubeide_1.9.0/stm32cubeide/plugins/com.st.stm32cube.ide.mcu.externaltools.gnu-tools-for-stm32.10.3-2021.10.win32_1.0.0.202111181127/tools/bin/../lib/gcc/arm-none-eabi/10.3.1/thumb/v7e-m+dp/hard/crti.o
 .ARM.attributes
                0x000000000000001e       0x32 c:/st/stm32cubeide_1.9.0/stm32cubeide/plugins/com.st.stm32cube.ide.mcu.externaltools.gnu-tools-for-stm32.10.3-2021.10.win32_1.0.0.202111181127/tools/bin/../lib/gcc/arm-none-eabi/10.3.1/thumb/v7e-m+dp/hard/crtbegin.o
 .ARM.attributes
                0x0000000000000050       0x32 ./Core/Src/Modbus.o
 .ARM.attributes
                0x0000000000000082       0x32 ./Core/Src/main.o
 .ARM.attributes
                0x00000000000000b4       0x32 ./Core/Src/stm32f7xx_hal_msp.o
 .ARM.attributes
                0x00000000000000e6       0x32 ./Core/Src/stm32f7xx_hal_timebase_tim.o
 .ARM.attributes
                0x0000000000000118       0x32 ./Core/Src/stm32f7xx_it.o
 .ARM.attributes
                0x000000000000014a       0x32 ./Core/Src/syscalls.o
 .ARM.attributes
                0x000000000000017c       0x32 ./Core/Src/sysmem.o
 .ARM.attributes
                0x00000000000001ae       0x32 ./Core/Src/system_stm32f7xx.o
 .ARM.attributes
                0x00000000000001e0       0x21 ./Core/Startup/startup_stm32f767zitx.o
 .ARM.attributes
                0x0000000000000201       0x32 ./Drivers/STM32F7xx_HAL_Driver/Src/stm32f7xx_hal.o
 .ARM.attributes
                0x0000000000000233       0x32 ./Drivers/STM32F7xx_HAL_Driver/Src/stm32f7xx_hal_cortex.o
 .ARM.attributes
                0x0000000000000265       0x32 ./Drivers/STM32F7xx_HAL_Driver/Src/stm32f7xx_hal_dma.o
 .ARM.attributes
                0x0000000000000297       0x32 ./Drivers/STM32F7xx_HAL_Driver/Src/stm32f7xx_hal_gpio.o
 .ARM.attributes
                0x00000000000002c9       0x32 ./Drivers/STM32F7xx_HAL_Driver/Src/stm32f7xx_hal_pwr.o
 .ARM.attributes
                0x00000000000002fb       0x32 ./Drivers/STM32F7xx_HAL_Driver/Src/stm32f7xx_hal_pwr_ex.o
 .ARM.attributes
                0x000000000000032d       0x32 ./Drivers/STM32F7xx_HAL_Driver/Src/stm32f7xx_hal_rcc.o
 .ARM.attributes
                0x000000000000035f       0x32 ./Drivers/STM32F7xx_HAL_Driver/Src/stm32f7xx_hal_rcc_ex.o
 .ARM.attributes
                0x0000000000000391       0x32 ./Drivers/STM32F7xx_HAL_Driver/Src/stm32f7xx_hal_tim.o
 .ARM.attributes
                0x00000000000003c3       0x32 ./Drivers/STM32F7xx_HAL_Driver/Src/stm32f7xx_hal_tim_ex.o
 .ARM.attributes
                0x00000000000003f5       0x32 ./Drivers/STM32F7xx_HAL_Driver/Src/stm32f7xx_hal_uart.o
 .ARM.attributes
                0x0000000000000427       0x32 ./Middlewares/Third_Party/FreeRTOS/Source/CMSIS_RTOS_V2/cmsis_os2.o
 .ARM.attributes
                0x0000000000000459       0x32 ./Middlewares/Third_Party/FreeRTOS/Source/list.o
 .ARM.attributes
                0x000000000000048b       0x32 ./Middlewares/Third_Party/FreeRTOS/Source/queue.o