Archive member included to satisfy reference by file (symbol)

c:/st/stm32cubeide_1.9.0/stm32cubeide/plugins/com.st.stm32cube.ide.mcu.externaltools.gnu-tools-for-stm32.10.3-2021.10.win32_1.0.0.202111181127/tools/bin/../lib/gcc/arm-none-eabi/10.3.1/../../../../arm-none-eabi/lib/thumb/v7e-m+dp/hard\libc_nano.a(lib_a-errno.o)
                              ./Core/Src/syscalls.o (__errno)
c:/st/stm32cubeide_1.9.0/stm32cubeide/plugins/com.st.stm32cube.ide.mcu.externaltools.gnu-tools-for-stm32.10.3-2021.10.win32_1.0.0.202111181127/tools/bin/../lib/gcc/arm-none-eabi/10.3.1/../../../../arm-none-eabi/lib/thumb/v7e-m+dp/hard\libc_nano.a(lib_a-exit.o)
                              c:/st/stm32cubeide_1.9.0/stm32cubeide/plugins/com.st.stm32cube.ide.mcu.externaltools.gnu-tools-for-stm32.10.3-2021.10.win32_1.0.0.202111181127/tools/bin/../lib/gcc/arm-none-eabi/10.3.1/../../../../arm-none-eabi/lib/thumb/v7e-m+dp/hard/crt0.o (exit)
c:/st/stm32cubeide_1.9.0/stm32cubeide/plugins/com.st.stm32cube.ide.mcu.externaltools.gnu-tools-for-stm32.10.3-2021.10.win32_1.0.0.202111181127/tools/bin/../lib/gcc/arm-none-eabi/10.3.1/../../../../arm-none-eabi/lib/thumb/v7e-m+dp/hard\libc_nano.a(lib_a-findfp.o)
                              ./Middlewares/Third_Party/FreeRTOS/Source/tasks.o (__sf_fake_stderr)
c:/st/stm32cubeide_1.9.0/stm32cubeide/plugins/com.st.stm32cube.ide.mcu.externaltools.gnu-tools-for-stm32.10.3-2021.10.win32_1.0.0.202111181127/tools/bin/../lib/gcc/arm-none-eabi/10.3.1/../../../../arm-none-eabi/lib/thumb/v7e-m+dp/hard\libc_nano.a(lib_a-fwalk.o)
                              c:/st/stm32cubeide_1.9.0/stm32cubeide/plugins/com.st.stm32cube.ide.mcu.externaltools.gnu-tools-for-stm32.10.3-2021.10.win32_1.0.0.202111181127/tools/bin/../lib/gcc/arm-none-eabi/10.3.1/../../../../arm-none-eabi/lib/thumb/v7e-m+dp/hard\libc_nano.a(lib_a-findfp.o) (_fwalk)
c:/st/stm32cubeide_1.9.0/stm32cubeide/plugins/com.st.stm32cube.ide.mcu.externaltools.gnu-tools-for-stm32.10.3-2021.10.win32_1.0.0.202111181127/tools/bin/../lib/gcc/arm-none-eabi/10.3.1/../../../../arm-none-eabi/lib/thumb/v7e-m+dp/hard\libc_nano.a(lib_a-impure.o)
                              c:/st/stm32cubeide_1.9.0/stm32cubeide/plugins/com.st.stm32cube.ide.mcu.externaltools.gnu-tools-for-stm32.10.3-2021.10.win32_1.0.0.202111181127/tools/bin/../lib/gcc/arm-none-eabi/10.3.1/../../../../arm-none-eabi/lib/thumb/v7e-m+dp/hard\libc_nano.a(lib_a-exit.o) (_global_impure_ptr)
c:/st/stm32cubeide_1.9.0/stm32cubeide/plugins/com.st.stm32cube.ide.mcu.externaltools.gnu-tools-for-stm32.10.3-2021.10.win32_1.0.0.202111181127/tools/bin/../lib/gcc/arm-none-eabi/10.3.1/../../../../arm-none-eabi/lib/thumb/v7e-m+dp/hard\libc_nano.a(lib_a-init.o)
                              c:/st/stm32cubeide_1.9.0/stm32cubeide/plugins/com.st.stm32cube.ide.mcu.externaltools.gnu-tools-for-stm32.10.3-2021.10.win32_1.0.0.202111181127/tools/bin/../lib/gcc/arm-none-eabi/10.3.1/../../../../arm-none-eabi/lib/thumb/v7e-m+dp/hard/crt0.o (__libc_init_array)
c:/st/stm32cubeide_1.9.0/stm32cubeide/plugins/com.st.stm32cube.ide.mcu.externaltools.gnu-tools-for-stm32.10.3-2021.10.win32_1.0.0.202111181127/tools/bin/../lib/gcc/arm-none-eabi/10.3.1/../../../../arm-none-eabi/lib/thumb/v7e-m+dp/hard\libc_nano.a(lib_a-lock.o)
                              c:/st/stm32cubeide_1.9.0/stm32cubeide/plugins/com.st.stm32cube.ide.mcu.externaltools.gnu-tools-for-stm32.10.3-2021.10.win32_1.0.0.202111181127/tools/bin/../lib/gcc/arm-none-eabi/10.3.1/../../../../arm-none-eabi/lib/thumb/v7e-m+dp/hard\libc_nano.a(lib_a-findfp.o) (__retarget_lock_init_recursive)
c:/st/stm32cubeide_1.9.0/stm32cubeide/plugins/com.st.stm32cube.ide.mcu.externaltools.gnu-tools-for-stm32.10.3-2021.10.win32_1.0.0.202111181127/tools/bin/../lib/gcc/arm-none-eabi/10.3.1/../../../../arm-none-eabi/lib/thumb/v7e-m+dp/hard\libc_nano.a(lib_a-malloc.o)
                              ./Core/Src/main.o (malloc)
c:/st/stm32cubeide_1.9.0/stm32cubeide/plugins/com.st.stm32cube.ide.mcu.externaltools.gnu-tools-for-stm32.10.3-2021.10.win32_1.0.0.202111181127/tools/bin/../lib/gcc/arm-none-eabi/10.3.1/../../../../arm-none-eabi/lib/thumb/v7e-m+dp/hard\libc_nano.a(lib_a-memcpy-stub.o)
                              ./Core/Src/main.o (memcpy)
c:/st/stm32cubeide_1.9.0/stm32cubeide/plugins/com.st.stm32cube.ide.mcu.externaltools.gnu-tools-for-stm32.10.3-2021.10.win32_1.0.0.202111181127/tools/bin/../lib/gcc/arm-none-eabi/10.3.1/../../../../arm-none-eabi/lib/thumb/v7e-m+dp/hard\libc_nano.a(lib_a-memset.o)
                              c:/st/stm32cubeide_1.9.0/stm32cubeide/plugins/com.st.stm32cube.ide.mcu.externaltools.gnu-tools-for-stm32.10.3-2021.10.win32_1.0.0.202111181127/tools/bin/../lib/gcc/arm-none-eabi/10.3.1/../../../../arm-none-eabi/lib/thumb/v7e-m+dp/hard/crt0.o (memset)
[...]
Memory Configuration

Name             Origin             Length             Attributes
RAM              0x0000000020000000 0x0000000000080000 xrw
FLASH            0x0000000008000000 0x0000000000200000 xr
*default*        0x0000000000000000 0xffffffffffffffff

Linker script and memory map

LOAD c:/st/stm32cubeide_1.9.0/stm32cubeide/plugins/com.st.stm32cube.ide.mcu.externaltools.gnu-tools-for-stm32.10.3-2021.10.win32_1.0.0.202111181127/tools/bin/../lib/gcc/arm-none-eabi/10.3.1/thumb/v7e-m+dp/hard/crti.o
LOAD c:/st/stm32cubeide_1.9.0/stm32cubeide/plugins/com.st.stm32cube.ide.mcu.externaltools.gnu-tools-for-stm32.10.3-2021.10.win32_1.0.0.202111181127/tools/bin/../lib/gcc/arm-none-eabi/10.3.1/thumb/v7e-m+dp/hard/crtbegin.o
LOAD c:/st/stm32cubeide_1.9.0/stm32cubeide/plugins/com.st.stm32cube.ide.mcu.externaltools.gnu-tools-for-stm32.10.3-2021.10.win32_1.0.0.202111181127/tools/bin/../lib/gcc/arm-none-eabi/10.3.1/../../../../arm-none-eabi/lib/thumb/v7e-m+dp/hard/crt0.o
LOAD ./Core/Src/Modbus.o
LOAD ./Core/Src/freertos.o
LOAD ./Core/Src/main.o
LOAD ./Core/Src/stm32f7xx_hal_msp.o
LOAD ./Core/Src/stm32f7xx_hal_timebase_tim.o
LOAD ./Core/Src/stm32f7xx_it.o
LOAD ./Core/Src/syscalls.o
LOAD ./Core/Src/sysmem.o
LOAD ./Core/Src/system_stm32f7xx.o
LOAD ./Core/Startup/startup_stm32f767zitx.o
LOAD ./Drivers/STM32F7xx_HAL_Driver/Src/stm32f7xx_hal.o
LOAD ./Drivers/STM32F7xx_HAL_Driver/Src/stm32f7xx_hal_cortex.o
LOAD ./Drivers/STM32F7xx_HAL_Driver/Src/stm32f7xx_hal_dma.o
LOAD ./Drivers/STM32F7xx_HAL_Driver/Src/stm32f7xx_hal_dma_ex.o
LOAD ./Drivers/STM32F7xx_HAL_Driver/Src/stm32f7xx_hal_exti.o
LOAD ./Drivers/STM32F7xx_HAL_Driver/Src/stm32f7xx_hal_flash.o
LOAD ./Drivers/STM32F7xx_HAL_Driver/Src/stm32f7xx_hal_flash_ex.o
LOAD ./Drivers/STM32F7xx_HAL_Driver/Src/stm32f7xx_hal_gpio.o
LOAD ./Drivers/STM32F7xx_HAL_Driver/Src/stm32f7xx_hal_i2c.o
LOAD ./Drivers/STM32F7xx_HAL_Driver/Src/stm32f7xx_hal_i2c_ex.o
LOAD ./Drivers/STM32F7xx_HAL_Driver/Src/stm32f7xx_hal_pwr.o
LOAD ./Drivers/STM32F7xx_HAL_Driver/Src/stm32f7xx_hal_pwr_ex.o
LOAD ./Drivers/STM32F7xx_HAL_Driver/Src/stm32f7xx_hal_rcc.o
LOAD ./Drivers/STM32F7xx_HAL_Driver/Src/stm32f7xx_hal_rcc_ex.o
LOAD ./Drivers/STM32F7xx_HAL_Driver/Src/stm32f7xx_hal_tim.o
LOAD ./Drivers/STM32F7xx_HAL_Driver/Src/stm32f7xx_hal_tim_ex.o
LOAD ./Drivers/STM32F7xx_HAL_Driver/Src/stm32f7xx_hal_uart.o
LOAD ./Drivers/STM32F7xx_HAL_Driver/Src/stm32f7xx_hal_uart_ex.o
LOAD ./Middlewares/Third_Party/FreeRTOS/Source/CMSIS_RTOS_V2/cmsis_os2.o
LOAD ./Middlewares/Third_Party/FreeRTOS/Source/croutine.o
LOAD ./Middlewares/Third_Party/FreeRTOS/Source/event_groups.o
LOAD ./Middlewares/Third_Party/FreeRTOS/Source/list.o
LOAD ./Middlewares/Third_Party/FreeRTOS/Source/queue.o
LOAD ./Middlewares/Third_Party/FreeRTOS/Source/stream_buffer.o
LOAD ./Middlewares/Third_Party/FreeRTOS/Source/tasks.o
LOAD ./Middlewares/Third_Party/FreeRTOS/Source/timers.o
LOAD ./Middlewares/Third_Party/FreeRTOS/Source/portable/GCC/ARM_CM7/r0p1/port.o
LOAD ./Middlewares/Third_Party/FreeRTOS/Source/portable/MemMang/heap_4.o
START GROUP
LOAD c:/st/stm32cubeide_1.9.0/stm32cubeide/plugins/com.st.stm32cube.ide.mcu.externaltools.gnu-tools-for-stm32.10.3-2021.10.win32_1.0.0.202111181127/tools/bin/../lib/gcc/arm-none-eabi/10.3.1/../../../../arm-none-eabi/lib/thumb/v7e-m+dp/hard\libc_nano.a
LOAD c:/st/stm32cubeide_1.9.0/stm32cubeide/plugins/com.st.stm32cube.ide.mcu.externaltools.gnu-tools-for-stm32.10.3-2021.10.win32_1.0.0.202111181127/tools/bin/../lib/gcc/arm-none-eabi/10.3.1/../../../../arm-none-eabi/lib/thumb/v7e-m+dp/hard\libm.a
END GROUP
START GROUP
LOAD c:/st/stm32cubeide_1.9.0/stm32cubeide/plugins/com.st.stm32cube.ide.mcu.externaltools.gnu-tools-for-stm32.10.3-2021.10.win32_1.0.0.202111181127/tools/bin/../lib/gcc/arm-none-eabi/10.3.1/thumb/v7e-m+dp/hard\libgcc.a
LOAD c:/st/stm32cubeide_1.9.0/stm32cubeide/plugins/com.st.stm32cube.ide.mcu.externaltools.gnu-tools-for-stm32.10.3-2021.10.win32_1.0.0.202111181127/tools/bin/../lib/gcc/arm-none-eabi/10.3.1/../../../../arm-none-eabi/lib/thumb/v7e-m+dp/hard\libc_nano.a
END GROUP
START GROUP
LOAD c:/st/stm32cubeide_1.9.0/stm32cubeide/plugins/com.st.stm32cube.ide.mcu.externaltools.gnu-tools-for-stm32.10.3-2021.10.win32_1.0.0.202111181127/tools/bin/../lib/gcc/arm-none-eabi/10.3.1/thumb/v7e-m+dp/hard\libgcc.a
LOAD c:/st/stm32cubeide_1.9.0/stm32cubeide/plugins/com.st.stm32cube.ide.mcu.externaltools.gnu-tools-for-stm32.10.3-2021.10.win32_1.0.0.202111181127/tools/bin/../lib/gcc/arm-none-eabi/10.3.1/../../../../arm-none-eabi/lib/thumb/v7e-m+dp/hard\libc_nano.a
LOAD c:/st/stm32cubeide_1.9.0/stm32cubeide/plugins/com.st.stm32cube.ide.mcu.externaltools.gnu-tools-for-stm32.10.3-2021.10.win32_1.0.0.202111181127/tools/bin/../lib/gcc/arm-none-eabi/10.3.1/../../../../arm-none-eabi/lib/thumb/v7e-m+dp/hard\libnosys.a
END GROUP
START GROUP
LOAD c:/st/stm32cubeide_1.9.0/stm32cubeide/plugins/com.st.stm32cube.ide.mcu.externaltools.gnu-tools-for-stm32.10.3-2021.10.win32_1.0.0.202111181127/tools/bin/../lib/gcc/arm-none-eabi/10.3.1/thumb/v7e-m+dp/hard\libgcc.a
LOAD c:/st/stm32cubeide_1.9.0/stm32cubeide/plugins/com.st.stm32cube.ide.mcu.externaltools.gnu-tools-for-stm32.10.3-2021.10.win32_1.0.0.202111181127/tools/bin/../lib/gcc/arm-none-eabi/10.3.1/../../../../arm-none-eabi/lib/thumb/v7e-m+dp/hard\libc_nano.a
LOAD c:/st/stm32cubeide_1.9.0/stm32cubeide/plugins/com.st.stm32cube.ide.mcu.externaltools.gnu-tools-for-stm32.10.3-2021.10.win32_1.0.0.202111181127/tools/bin/../lib/gcc/arm-none-eabi/10.3.1/../../../../arm-none-eabi/lib/thumb/v7e-m+dp/hard\libnosys.a
END GROUP
LOAD c:/st/stm32cubeide_1.9.0/stm32cubeide/plugins/com.st.stm32cube.ide.mcu.externaltools.gnu-tools-for-stm32.10.3-2021.10.win32_1.0.0.202111181127/tools/bin/../lib/gcc/arm-none-eabi/10.3.1/thumb/v7e-m+dp/hard/crtend.o
LOAD c:/st/stm32cubeide_1.9.0/stm32cubeide/plugins/com.st.stm32cube.ide.mcu.externaltools.gnu-tools-for-stm32.10.3-2021.10.win32_1.0.0.202111181127/tools/bin/../lib/gcc/arm-none-eabi/10.3.1/thumb/v7e-m+dp/hard/crtn.o
                0x0000000020080000                _estack = (ORIGIN (RAM) + LENGTH (RAM))
                0x0000000000000200                _Min_Heap_Size = 0x200
                0x0000000000000400                _Min_Stack_Size = 0x400

.isr_vector     0x0000000008000000      0x1f8
                0x0000000008000000                . = ALIGN (0x4)
 *(.isr_vector)
 .isr_vector    0x0000000008000000      0x1f8 ./Core/Startup/startup_stm32f767zitx.o
                0x0000000008000000                g_pfnVectors
                0x00000000080001f8                . = ALIGN (0x4)

.text           0x0000000008000200     0xa534
                0x0000000008000200                . = ALIGN (0x4)
 *(.text)
 .text          0x0000000008000200       0x40 c:/st/stm32cubeide_1.9.0/stm32cubeide/plugins/com.st.stm32cube.ide.mcu.externaltools.gnu-tools-for-stm32.10.3-2021.10.win32_1.0.0.202111181127/tools/bin/../lib/gcc/arm-none-eabi/10.3.1/thumb/v7e-m+dp/hard/crtbegin.o
 .text          0x0000000008000240       0xa0 c:/st/stm32cubeide_1.9.0/stm32cubeide/plugins/com.st.stm32cube.ide.mcu.externaltools.gnu-tools-for-stm32.10.3-2021.10.win32_1.0.0.202111181127/tools/bin/../lib/gcc/arm-none-eabi/10.3.1/../../../../arm-none-eabi/lib/thumb/v7e-m+dp/hard\libc_nano.a(lib_a-memchr.o)
                0x0000000008000240                memchr
 .text          0x00000000080002e0       0x30 c:/st/stm32cubeide_1.9.0/stm32cubeide/plugins/com.st.stm32cube.ide.mcu.externaltools.gnu-tools-for-stm32.10.3-2021.10.win32_1.0.0.202111181127/tools/bin/../lib/gcc/arm-none-eabi/10.3.1/thumb/v7e-m+dp/hard\libgcc.a(_aeabi_uldivmod.o)
                0x00000000080002e0                __aeabi_uldivmod
 .text          0x0000000008000310      0x2d0 c:/st/stm32cubeide_1.9.0/stm32cubeide/plugins/com.st.stm32cube.ide.mcu.externaltools.gnu-tools-for-stm32.10.3-2021.10.win32_1.0.0.202111181127/tools/bin/../lib/gcc/arm-none-eabi/10.3.1/thumb/v7e-m+dp/hard\libgcc.a(_udivmoddi4.o)
                0x0000000008000310                __udivmoddi4
 .text          0x00000000080005e0        0x4 c:/st/stm32cubeide_1.9.0/stm32cubeide/plugins/com.st.stm32cube.ide.mcu.externaltools.gnu-tools-for-stm32.10.3-2021.10.win32_1.0.0.202111181127/tools/bin/../lib/gcc/arm-none-eabi/10.3.1/thumb/v7e-m+dp/hard\libgcc.a(_dvmd_tls.o)
                0x00000000080005e0                __aeabi_idiv0
                0x00000000080005e0                __aeabi_ldiv0
 *(.text*)
 .text.ModbusInit
                0x00000000080005e4      0x11c ./Core/Src/Modbus.o
                0x00000000080005e4                ModbusInit
 .text.ModbusStart
                0x0000000008000700       0xa4 ./Core/Src/Modbus.o
                0x0000000008000700                ModbusStart
 .text.vTimerCallbackT35
                0x00000000080007a4       0x80 ./Core/Src/Modbus.o
 .text.vTimerCallbackTimeout
                0x0000000008000824       0x58 ./Core/Src/Modbus.o
 .text.StartTaskModbusSlave
                0x000000000800087c      0x198 ./Core/Src/Modbus.o
                0x000000000800087c                StartTaskModbusSlave
 .text.ModbusQuery
                0x0000000008000a14       0x30 ./Core/Src/Modbus.o
                0x0000000008000a14                ModbusQuery
 .text.SendQuery
                0x0000000008000a44      0x2e4 ./Core/Src/Modbus.o
 .text.StartTaskModbusMaster
                0x0000000008000d28      0x1b0 ./Core/Src/Modbus.o
                0x0000000008000d28                StartTaskModbusMaster
 .text.get_FC1  0x0000000008000ed8       0xa6 ./Core/Src/Modbus.o
 .text.get_FC3  0x0000000008000f7e       0x5a ./Core/Src/Modbus.o
 .text.validateAnswer
                0x0000000008000fd8       0xdc ./Core/Src/Modbus.o
 .text.getRxBuffer
                0x00000000080010b4       0xa4 ./Core/Src/Modbus.o
 .text.HAL_UART_RxCpltCallback
                0x0000000008001158       0xa4 ./Core/Src/Modbus.o
                0x0000000008001158                HAL_UART_RxCpltCallback
 .text.validateRequest
                0x00000000080011fc      0x200 ./Core/Src/Modbus.o
 .text.word     0x00000000080013fc       0x26 ./Core/Src/Modbus.o
 .text.calcCRC  0x0000000008001422       0x8c ./Core/Src/Modbus.o
                0x0000000008001422                calcCRC
 .text.buildException
                0x00000000080014ae       0x3e ./Core/Src/Modbus.o
 .text.sendTxBuffer
                0x00000000080014ec      0x198 ./Core/Src/Modbus.o
 .text.process_FC1
                0x0000000008001684      0x16a ./Core/Src/Modbus.o
 .text.process_FC3
                0x00000000080017ee       0xd2 ./Core/Src/Modbus.o
 .text.process_FC5
                0x00000000080018c0       0xac ./Core/Src/Modbus.o
 .text.process_FC6
                0x000000000800196c       0x62 ./Core/Src/Modbus.o
 .text.process_FC15
                0x00000000080019ce      0x116 ./Core/Src/Modbus.o
 .text.process_FC16
                0x0000000008001ae4       0xa8 ./Core/Src/Modbus.o
 .text._write   0x0000000008001b8c       0x2c ./Core/Src/main.o
                0x0000000008001b8c                _write
 .text.main     0x0000000008001bb8      0x110 ./Core/Src/main.o
                0x0000000008001bb8                main
 .text.SystemClock_Config
                0x0000000008001cc8       0xe4 ./Core/Src/main.o
                0x0000000008001cc8                SystemClock_Config
 .text.MX_UART4_Init
                0x0000000008001dac       0x60 ./Core/Src/main.o
 .text.MX_USART3_UART_Init
                0x0000000008001e0c       0x60 ./Core/Src/main.o
 .text.MX_GPIO_Init
                0x0000000008001e6c      0x22c ./Core/Src/main.o
 .text.StartDefaultTask
                0x0000000008002098       0x10 ./Core/Src/main.o
                0x0000000008002098                StartDefaultTask
 .text.HAL_TIM_PeriodElapsedCallback
                0x00000000080020a8       0x1e ./Core/Src/main.o
                0x00000000080020a8                HAL_TIM_PeriodElapsedCallback
 .text.Error_Handler
                0x00000000080020c6        0xa ./Core/Src/main.o
                0x00000000080020c6                Error_Handler
 .text.HAL_MspInit
                0x00000000080020d0       0x50 ./Core/Src/stm32f7xx_hal_msp.o
                0x00000000080020d0                HAL_MspInit
 .text.HAL_UART_MspInit
                0x0000000008002120      0x1b4 ./Core/Src/stm32f7xx_hal_msp.o
                0x0000000008002120                HAL_UART_MspInit
 .text.HAL_InitTick
                0x00000000080022d4       0xb0 ./Core/Src/stm32f7xx_hal_timebase_tim.o
                0x00000000080022d4                HAL_InitTick
 .text.NMI_Handler
                0x0000000008002384        0x6 ./Core/Src/stm32f7xx_it.o
                0x0000000008002384                NMI_Handler
 .text.HardFault_Handler
                0x000000000800238a        0x6 ./Core/Src/stm32f7xx_it.o
                0x000000000800238a                HardFault_Handler
 .text.MemManage_Handler
                0x0000000008002390        0x6 ./Core/Src/stm32f7xx_it.o
                0x0000000008002390                MemManage_Handler
 .text.BusFault_Handler
                0x0000000008002396        0x6 ./Core/Src/stm32f7xx_it.o
                0x0000000008002396                BusFault_Handler
 .text.UsageFault_Handler
                0x000000000800239c        0x6 ./Core/Src/stm32f7xx_it.o
                0x000000000800239c                UsageFault_Handler
 .text.DebugMon_Handler
                0x00000000080023a2        0xe ./Core/Src/stm32f7xx_it.o
                0x00000000080023a2                DebugMon_Handler
 .text.TIM2_IRQHandler
                0x00000000080023b0       0x14 ./Core/Src/stm32f7xx_it.o
                0x00000000080023b0                TIM2_IRQHandler
 .text.USART3_IRQHandler
                0x00000000080023c4       0x14 ./Core/Src/stm32f7xx_it.o
                0x00000000080023c4                USART3_IRQHandler
 .text.UART4_IRQHandler
                0x00000000080023d8       0x14 ./Core/Src/stm32f7xx_it.o
                0x00000000080023d8                UART4_IRQHandler
 .text._read    0x00000000080023ec       0x3a ./Core/Src/syscalls.o
                0x00000000080023ec                _read
 .text._close   0x0000000008002426       0x18 ./Core/Src/syscalls.o
                0x0000000008002426                _close
 .text._fstat   0x000000000800243e       0x20 ./Core/Src/syscalls.o
                0x000000000800243e                _fstat
 .text._isatty  0x000000000800245e       0x16 ./Core/Src/syscalls.o
                0x000000000800245e                _isatty
 .text._lseek   0x0000000008002474       0x1a ./Core/Src/syscalls.o
                0x0000000008002474                _lseek
 *fill*         0x000000000800248e        0x2 
 .text._sbrk    0x0000000008002490       0x6c ./Core/Src/sysmem.o
                0x0000000008002490                _sbrk
 .text.SystemInit
                0x00000000080024fc       0x24 ./Core/Src/system_stm32f7xx.o
                0x00000000080024fc                SystemInit
 .text.Reset_Handler
                0x0000000008002520       0x50 ./Core/Startup/startup_stm32f767zitx.o
                0x0000000008002520                Reset_Handler
 .text.Default_Handler
                0x0000000008002570        0x2 ./Core/Startup/startup_stm32f767zitx.o
                0x0000000008002570                RTC_Alarm_IRQHandler
                0x0000000008002570                EXTI2_IRQHandler
                0x0000000008002570                TIM8_CC_IRQHandler
                0x0000000008002570                UART8_IRQHandler
                0x0000000008002570                SPI4_IRQHandler
                0x0000000008002570                TIM1_CC_IRQHandler
                0x0000000008002570                DMA2_Stream5_IRQHandler
                0x0000000008002570                JPEG_IRQHandler
                0x0000000008002570                DMA1_Stream5_IRQHandler
                0x0000000008002570                CAN3_RX1_IRQHandler
                0x0000000008002570                PVD_IRQHandler
                0x0000000008002570                TAMP_STAMP_IRQHandler
                0x0000000008002570                CAN2_RX1_IRQHandler
                0x0000000008002570                EXTI3_IRQHandler
                0x0000000008002570                TIM8_TRG_COM_TIM14_IRQHandler
                0x0000000008002570                DFSDM1_FLT1_IRQHandler
                0x0000000008002570                TIM1_UP_TIM10_IRQHandler
                0x0000000008002570                TIM8_UP_TIM13_IRQHandler
                0x0000000008002570                I2C3_ER_IRQHandler
                0x0000000008002570                DFSDM1_FLT2_IRQHandler
                0x0000000008002570                EXTI0_IRQHandler
                0x0000000008002570                I2C2_EV_IRQHandler
                0x0000000008002570                DMA1_Stream2_IRQHandler
                0x0000000008002570                CAN1_RX0_IRQHandler
                0x0000000008002570                FPU_IRQHandler
                0x0000000008002570                OTG_HS_WKUP_IRQHandler
                0x0000000008002570                CAN3_SCE_IRQHandler
                0x0000000008002570                LTDC_ER_IRQHandler
                0x0000000008002570                CAN2_SCE_IRQHandler
                0x0000000008002570                DMA2_Stream2_IRQHandler
                0x0000000008002570                SPI1_IRQHandler
                0x0000000008002570                TIM6_DAC_IRQHandler
                0x0000000008002570                TIM1_BRK_TIM9_IRQHandler
                0x0000000008002570                DCMI_IRQHandler
                0x0000000008002570                CAN2_RX0_IRQHandler
                0x0000000008002570                DMA2_Stream3_IRQHandler
                0x0000000008002570                SAI2_IRQHandler
                0x0000000008002570                DFSDM1_FLT3_IRQHandler
                0x0000000008002570                USART6_IRQHandler
                0x0000000008002570                CAN3_RX0_IRQHandler
                0x0000000008002570                CAN1_RX1_IRQHandler
                0x0000000008002570                UART5_IRQHandler
                0x0000000008002570                DMA2_Stream0_IRQHandler
                0x0000000008002570                TIM4_IRQHandler
                0x0000000008002570                QUADSPI_IRQHandler
                0x0000000008002570                I2C1_EV_IRQHandler
                0x0000000008002570                DMA1_Stream6_IRQHandler
                0x0000000008002570                DMA1_Stream1_IRQHandler
                0x0000000008002570                TIM3_IRQHandler
                0x0000000008002570                RCC_IRQHandler
                0x0000000008002570                TIM8_BRK_TIM12_IRQHandler
                0x0000000008002570                Default_Handler
                0x0000000008002570                CEC_IRQHandler
                0x0000000008002570                EXTI15_10_IRQHandler
                0x0000000008002570                ADC_IRQHandler
                0x0000000008002570                DMA1_Stream7_IRQHandler
                0x0000000008002570                SPI5_IRQHandler
                0x0000000008002570                TIM7_IRQHandler
                0x0000000008002570                SDMMC1_IRQHandler
                0x0000000008002570                CAN2_TX_IRQHandler
                0x0000000008002570                TIM5_IRQHandler
                0x0000000008002570                DMA2_Stream7_IRQHandler
                0x0000000008002570                I2C3_EV_IRQHandler
                0x0000000008002570                EXTI9_5_IRQHandler
                0x0000000008002570                RTC_WKUP_IRQHandler
                0x0000000008002570                LTDC_IRQHandler
                0x0000000008002570                ETH_WKUP_IRQHandler
                0x0000000008002570                SPDIF_RX_IRQHandler
                0x0000000008002570                SPI2_IRQHandler
                0x0000000008002570                OTG_HS_EP1_IN_IRQHandler
                0x0000000008002570                DMA1_Stream0_IRQHandler
                0x0000000008002570                CAN1_TX_IRQHandler
                0x0000000008002570                EXTI4_IRQHandler
                0x0000000008002570                RNG_IRQHandler
                0x0000000008002570                ETH_IRQHandler
                0x0000000008002570                OTG_HS_EP1_OUT_IRQHandler
                0x0000000008002570                WWDG_IRQHandler
                0x0000000008002570                SPI6_IRQHandler
                0x0000000008002570                MDIOS_IRQHandler
                0x0000000008002570                I2C4_EV_IRQHandler
                0x0000000008002570                CAN3_TX_IRQHandler
                0x0000000008002570                OTG_FS_WKUP_IRQHandler
                0x0000000008002570                TIM1_TRG_COM_TIM11_IRQHandler
                0x0000000008002570                OTG_HS_IRQHandler
                0x0000000008002570                DMA2D_IRQHandler
                0x0000000008002570                EXTI1_IRQHandler
                0x0000000008002570                SDMMC2_IRQHandler
                0x0000000008002570                UART7_IRQHandler
                0x0000000008002570                USART2_IRQHandler
                0x0000000008002570                DFSDM1_FLT0_IRQHandler
                0x0000000008002570                I2C2_ER_IRQHandler
                0x0000000008002570                DMA2_Stream1_IRQHandler
                0x0000000008002570                CAN1_SCE_IRQHandler
                0x0000000008002570                FLASH_IRQHandler
                0x0000000008002570                DMA2_Stream4_IRQHandler
                0x0000000008002570                USART1_IRQHandler
                0x0000000008002570                OTG_FS_IRQHandler
                0x0000000008002570                SPI3_IRQHandler
                0x0000000008002570                DMA1_Stream4_IRQHandler
                0x0000000008002570                I2C1_ER_IRQHandler
                0x0000000008002570                FMC_IRQHandler
                0x0000000008002570                LPTIM1_IRQHandler
                0x0000000008002570                I2C4_ER_IRQHandler
                0x0000000008002570                DMA2_Stream6_IRQHandler
                0x0000000008002570                SAI1_IRQHandler
                0x0000000008002570                DMA1_Stream3_IRQHandler
 .text.HAL_Init
                0x0000000008002572       0x1a ./Drivers/STM32F7xx_HAL_Driver/Src/stm32f7xx_hal.o
                0x0000000008002572                HAL_Init
 .text.HAL_IncTick
                0x000000000800258c       0x28 ./Drivers/STM32F7xx_HAL_Driver/Src/stm32f7xx_hal.o
                0x000000000800258c                HAL_IncTick
 .text.HAL_GetTick
                0x00000000080025b4       0x18 ./Drivers/STM32F7xx_HAL_Driver/Src/stm32f7xx_hal.o
                0x00000000080025b4                HAL_GetTick
 .text.__NVIC_SetPriorityGrouping
                0x00000000080025cc       0x48 ./Drivers/STM32F7xx_HAL_Driver/Src/stm32f7xx_hal_cortex.o
 .text.__NVIC_GetPriorityGrouping
                0x0000000008002614       0x1c ./Drivers/STM32F7xx_HAL_Driver/Src/stm32f7xx_hal_cortex.o
 .text.__NVIC_EnableIRQ
                0x0000000008002630       0x3c ./Drivers/STM32F7xx_HAL_Driver/Src/stm32f7xx_hal_cortex.o
 .text.__NVIC_SetPriority
                0x000000000800266c       0x54 ./Drivers/STM32F7xx_HAL_Driver/Src/stm32f7xx_hal_cortex.o
 .text.NVIC_EncodePriority
                0x00000000080026c0       0x66 ./Drivers/STM32F7xx_HAL_Driver/Src/stm32f7xx_hal_cortex.o
 .text.HAL_NVIC_SetPriorityGrouping
                0x0000000008002726       0x16 ./Drivers/STM32F7xx_HAL_Driver/Src/stm32f7xx_hal_cortex.o
                0x0000000008002726                HAL_NVIC_SetPriorityGrouping
 .text.HAL_NVIC_SetPriority
                0x000000000800273c       0x38 ./Drivers/STM32F7xx_HAL_Driver/Src/stm32f7xx_hal_cortex.o
                0x000000000800273c                HAL_NVIC_SetPriority
 .text.HAL_NVIC_EnableIRQ
                0x0000000008002774       0x1c ./Drivers/STM32F7xx_HAL_Driver/Src/stm32f7xx_hal_cortex.o
                0x0000000008002774                HAL_NVIC_EnableIRQ
 .text.HAL_DMA_Abort
                0x0000000008002790       0xe0 ./Drivers/STM32F7xx_HAL_Driver/Src/stm32f7xx_hal_dma.o
                0x0000000008002790                HAL_DMA_Abort
 .text.HAL_DMA_Abort_IT
                0x0000000008002870       0x44 ./Drivers/STM32F7xx_HAL_Driver/Src/stm32f7xx_hal_dma.o
                0x0000000008002870                HAL_DMA_Abort_IT
 .text.HAL_GPIO_Init
                0x00000000080028b4      0x358 ./Drivers/STM32F7xx_HAL_Driver/Src/stm32f7xx_hal_gpio.o
                0x00000000080028b4                HAL_GPIO_Init
 .text.HAL_GPIO_WritePin
                0x0000000008002c0c       0x32 ./Drivers/STM32F7xx_HAL_Driver/Src/stm32f7xx_hal_gpio.o
                0x0000000008002c0c                HAL_GPIO_WritePin
 *fill*         0x0000000008002c3e        0x2 
 .text.HAL_PWR_EnableBkUpAccess
                0x0000000008002c40       0x20 ./Drivers/STM32F7xx_HAL_Driver/Src/stm32f7xx_hal_pwr.o
                0x0000000008002c40                HAL_PWR_EnableBkUpAccess
 .text.HAL_PWREx_EnableOverDrive
                0x0000000008002c60       0xa0 ./Drivers/STM32F7xx_HAL_Driver/Src/stm32f7xx_hal_pwr_ex.o
                0x0000000008002c60                HAL_PWREx_EnableOverDrive
 .text.HAL_RCC_OscConfig
                0x0000000008002d00      0x55c ./Drivers/STM32F7xx_HAL_Driver/Src/stm32f7xx_hal_rcc.o
                0x0000000008002d00                HAL_RCC_OscConfig
 .text.HAL_RCC_ClockConfig
                0x000000000800325c      0x1d8 ./Drivers/STM32F7xx_HAL_Driver/Src/stm32f7xx_hal_rcc.o
                0x000000000800325c                HAL_RCC_ClockConfig
 .text.HAL_RCC_GetSysClockFreq
                0x0000000008003434      0x20c ./Drivers/STM32F7xx_HAL_Driver/Src/stm32f7xx_hal_rcc.o
                0x0000000008003434                HAL_RCC_GetSysClockFreq
 .text.HAL_RCC_GetHCLKFreq
                0x0000000008003640       0x18 ./Drivers/STM32F7xx_HAL_Driver/Src/stm32f7xx_hal_rcc.o
                0x0000000008003640                HAL_RCC_GetHCLKFreq
 .text.HAL_RCC_GetPCLK1Freq
                0x0000000008003658       0x28 ./Drivers/STM32F7xx_HAL_Driver/Src/stm32f7xx_hal_rcc.o
                0x0000000008003658                HAL_RCC_GetPCLK1Freq
 .text.HAL_RCC_GetPCLK2Freq
                0x0000000008003680       0x28 ./Drivers/STM32F7xx_HAL_Driver/Src/stm32f7xx_hal_rcc.o
                0x0000000008003680                HAL_RCC_GetPCLK2Freq
 .text.HAL_RCC_GetClockConfig
                0x00000000080036a8       0x64 ./Drivers/STM32F7xx_HAL_Driver/Src/stm32f7xx_hal_rcc.o
                0x00000000080036a8                HAL_RCC_GetClockConfig
 .text.HAL_RCCEx_PeriphCLKConfig
                0x000000000800370c      0x850 ./Drivers/STM32F7xx_HAL_Driver/Src/stm32f7xx_hal_rcc_ex.o
                0x000000000800370c                HAL_RCCEx_PeriphCLKConfig
 .text.HAL_TIM_Base_Init
                0x0000000008003f5c       0xae ./Drivers/STM32F7xx_HAL_Driver/Src/stm32f7xx_hal_tim.o
                0x0000000008003f5c                HAL_TIM_Base_Init
 .text.HAL_TIM_Base_MspInit
                0x000000000800400a       0x14 ./Drivers/STM32F7xx_HAL_Driver/Src/stm32f7xx_hal_tim.o
                0x000000000800400a                HAL_TIM_Base_MspInit
 *fill*         0x000000000800401e        0x2 
 .text.HAL_TIM_Base_Start_IT
                0x0000000008004020       0xf0 ./Drivers/STM32F7xx_HAL_Driver/Src/stm32f7xx_hal_tim.o
                0x0000000008004020                HAL_TIM_Base_Start_IT
 .text.HAL_TIM_IRQHandler
                0x0000000008004110      0x23e ./Drivers/STM32F7xx_HAL_Driver/Src/stm32f7xx_hal_tim.o
                0x0000000008004110                HAL_TIM_IRQHandler
 .text.HAL_TIM_OC_DelayElapsedCallback
                0x000000000800434e       0x14 ./Drivers/STM32F7xx_HAL_Driver/Src/stm32f7xx_hal_tim.o
                0x000000000800434e                HAL_TIM_OC_DelayElapsedCallback
 .text.HAL_TIM_IC_CaptureCallback
                0x0000000008004362       0x14 ./Drivers/STM32F7xx_HAL_Driver/Src/stm32f7xx_hal_tim.o
                0x0000000008004362                HAL_TIM_IC_CaptureCallback
 .text.HAL_TIM_PWM_PulseFinishedCallback
                0x0000000008004376       0x14 ./Drivers/STM32F7xx_HAL_Driver/Src/stm32f7xx_hal_tim.o
                0x0000000008004376                HAL_TIM_PWM_PulseFinishedCallback
 .text.HAL_TIM_TriggerCallback
                0x000000000800438a       0x14 ./Drivers/STM32F7xx_HAL_Driver/Src/stm32f7xx_hal_tim.o
                0x000000000800438a                HAL_TIM_TriggerCallback
 *fill*         0x000000000800439e        0x2 
 .text.TIM_Base_SetConfig
                0x00000000080043a0      0x140 ./Drivers/STM32F7xx_HAL_Driver/Src/stm32f7xx_hal_tim.o
                0x00000000080043a0                TIM_Base_SetConfig
 .text.HAL_TIMEx_CommutCallback
                0x00000000080044e0       0x14 ./Drivers/STM32F7xx_HAL_Driver/Src/stm32f7xx_hal_tim_ex.o
                0x00000000080044e0                HAL_TIMEx_CommutCallback
 .text.HAL_TIMEx_BreakCallback
                0x00000000080044f4       0x14 ./Drivers/STM32F7xx_HAL_Driver/Src/stm32f7xx_hal_tim_ex.o
                0x00000000080044f4                HAL_TIMEx_BreakCallback
 .text.HAL_TIMEx_Break2Callback
                0x0000000008004508       0x14 ./Drivers/STM32F7xx_HAL_Driver/Src/stm32f7xx_hal_tim_ex.o
                0x0000000008004508                HAL_TIMEx_Break2Callback
 .text.HAL_UART_Init
                0x000000000800451c       0x9c ./Drivers/STM32F7xx_HAL_Driver/Src/stm32f7xx_hal_uart.o
                0x000000000800451c                HAL_UART_Init
 .text.HAL_UART_Transmit
                0x00000000080045b8      0x126 ./Drivers/STM32F7xx_HAL_Driver/Src/stm32f7xx_hal_uart.o
                0x00000000080045b8                HAL_UART_Transmit
 *fill*         0x00000000080046de        0x2 
 .text.HAL_UART_Transmit_IT
                0x00000000080046e0       0xdc ./Drivers/STM32F7xx_HAL_Driver/Src/stm32f7xx_hal_uart.o
                0x00000000080046e0                HAL_UART_Transmit_IT
 .text.HAL_UART_Receive_IT
                0x00000000080047bc       0x9c ./Drivers/STM32F7xx_HAL_Driver/Src/stm32f7xx_hal_uart.o
                0x00000000080047bc                HAL_UART_Receive_IT
 .text.HAL_UART_IRQHandler
                0x0000000008004858      0x5c0 ./Drivers/STM32F7xx_HAL_Driver/Src/stm32f7xx_hal_uart.o
                0x0000000008004858                HAL_UART_IRQHandler
 .text.HAL_UART_TxCpltCallback
                0x0000000008004e18       0x14 ./Drivers/STM32F7xx_HAL_Driver/Src/stm32f7xx_hal_uart.o
                0x0000000008004e18                HAL_UART_TxCpltCallback
 .text.HAL_UART_ErrorCallback
                0x0000000008004e2c       0x14 ./Drivers/STM32F7xx_HAL_Driver/Src/stm32f7xx_hal_uart.o
                0x0000000008004e2c                HAL_UART_ErrorCallback
 .text.HAL_UARTEx_RxEventCallback
                0x0000000008004e40       0x18 ./Drivers/STM32F7xx_HAL_Driver/Src/stm32f7xx_hal_uart.o
                0x0000000008004e40                HAL_UARTEx_RxEventCallback
 .text.HAL_UARTEx_WakeupCallback
                0x0000000008004e58       0x14 ./Drivers/STM32F7xx_HAL_Driver/Src/stm32f7xx_hal_uart.o
                0x0000000008004e58                HAL_UARTEx_WakeupCallback
 .text.HAL_UART_GetState
                0x0000000008004e6c       0x26 ./Drivers/STM32F7xx_HAL_Driver/Src/stm32f7xx_hal_uart.o
                0x0000000008004e6c                HAL_UART_GetState
 *fill*         0x0000000008004e92        0x2 
 .text.UART_SetConfig
                0x0000000008004e94      0x4c8 ./Drivers/STM32F7xx_HAL_Driver/Src/stm32f7xx_hal_uart.o
                0x0000000008004e94                UART_SetConfig
 .text.UART_AdvFeatureConfig
                0x000000000800535c      0x144 ./Drivers/STM32F7xx_HAL_Driver/Src/stm32f7xx_hal_uart.o
                0x000000000800535c                UART_AdvFeatureConfig
 .text.UART_CheckIdleState
                0x00000000080054a0       0x92 ./Drivers/STM32F7xx_HAL_Driver/Src/stm32f7xx_hal_uart.o
                0x00000000080054a0                UART_CheckIdleState
 .text.UART_WaitOnFlagUntilTimeout
                0x0000000008005532      0x188 ./Drivers/STM32F7xx_HAL_Driver/Src/stm32f7xx_hal_uart.o
                0x0000000008005532                UART_WaitOnFlagUntilTimeout
 *fill*         0x00000000080056ba        0x2 
 .text.UART_Start_Receive_IT
                0x00000000080056bc      0x194 ./Drivers/STM32F7xx_HAL_Driver/Src/stm32f7xx_hal_uart.o
                0x00000000080056bc                UART_Start_Receive_IT
 .text.UART_EndRxTransfer
                0x0000000008005850       0xc6 ./Drivers/STM32F7xx_HAL_Driver/Src/stm32f7xx_hal_uart.o
 .text.UART_DMAAbortOnError
                0x0000000008005916       0x2c ./Drivers/STM32F7xx_HAL_Driver/Src/stm32f7xx_hal_uart.o
 .text.UART_TxISR_8BIT
                0x0000000008005942       0xb6 ./Drivers/STM32F7xx_HAL_Driver/Src/stm32f7xx_hal_uart.o
 .text.UART_TxISR_16BIT
                0x00000000080059f8       0xc0 ./Drivers/STM32F7xx_HAL_Driver/Src/stm32f7xx_hal_uart.o
 .text.UART_EndTransmit_IT
                0x0000000008005ab8       0x54 ./Drivers/STM32F7xx_HAL_Driver/Src/stm32f7xx_hal_uart.o
 .text.UART_RxISR_8BIT
                0x0000000008005b0c      0x15c ./Drivers/STM32F7xx_HAL_Driver/Src/stm32f7xx_hal_uart.o
 .text.UART_RxISR_16BIT
                0x0000000008005c68      0x15c ./Drivers/STM32F7xx_HAL_Driver/Src/stm32f7xx_hal_uart.o
 .text.SVC_Setup
                0x0000000008005dc4        0xe ./Middlewares/Third_Party/FreeRTOS/Source/CMSIS_RTOS_V2/cmsis_os2.o
 *fill*         0x0000000008005dd2        0x2 
 .text.osKernelInitialize
                0x0000000008005dd4       0x68 ./Middlewares/Third_Party/FreeRTOS/Source/CMSIS_RTOS_V2/cmsis_os2.o
                0x0000000008005dd4                osKernelInitialize
 .text.osKernelStart
                0x0000000008005e3c       0x6c ./Middlewares/Third_Party/FreeRTOS/Source/CMSIS_RTOS_V2/cmsis_os2.o
                0x0000000008005e3c                osKernelStart
 .text.osThreadNew
                0x0000000008005ea8      0x14c ./Middlewares/Third_Party/FreeRTOS/Source/CMSIS_RTOS_V2/cmsis_os2.o
                0x0000000008005ea8                osThreadNew
 .text.osDelay  0x0000000008005ff4       0x5c ./Middlewares/Third_Party/FreeRTOS/Source/CMSIS_RTOS_V2/cmsis_os2.o
                0x0000000008005ff4                osDelay
 .text.osSemaphoreNew
                0x0000000008006050      0x138 ./Middlewares/Third_Party/FreeRTOS/Source/CMSIS_RTOS_V2/cmsis_os2.o
                0x0000000008006050                osSemaphoreNew
 .text.osMessageQueueNew
                0x0000000008006188      0x10c ./Middlewares/Third_Party/FreeRTOS/Source/CMSIS_RTOS_V2/cmsis_os2.o
                0x0000000008006188                osMessageQueueNew
 .text.vApplicationGetIdleTaskMemory
                0x0000000008006294       0x34 ./Middlewares/Third_Party/FreeRTOS/Source/CMSIS_RTOS_V2/cmsis_os2.o
                0x0000000008006294                vApplicationGetIdleTaskMemory
 .text.vApplicationGetTimerTaskMemory
                0x00000000080062c8       0x34 ./Middlewares/Third_Party/FreeRTOS/Source/CMSIS_RTOS_V2/cmsis_os2.o
                0x00000000080062c8                vApplicationGetTimerTaskMemory
 .text.vListInitialise
                0x00000000080062fc       0x40 ./Middlewares/Third_Party/FreeRTOS/Source/list.o
                0x00000000080062fc                vListInitialise
 .text.vListInitialiseItem
                0x000000000800633c       0x1a ./Middlewares/Third_Party/FreeRTOS/Source/list.o
                0x000000000800633c                vListInitialiseItem
 .text.vListInsertEnd
                0x0000000008006356       0x48 ./Middlewares/Third_Party/FreeRTOS/Source/list.o
                0x0000000008006356                vListInsertEnd
 .text.vListInsert
                0x000000000800639e       0x72 ./Middlewares/Third_Party/FreeRTOS/Source/list.o
                0x000000000800639e                vListInsert
 .text.uxListRemove
                0x0000000008006410       0x54 ./Middlewares/Third_Party/FreeRTOS/Source/list.o
                0x0000000008006410                uxListRemove
 .text.xQueueGenericReset
                0x0000000008006464       0xd4 ./Middlewares/Third_Party/FreeRTOS/Source/queue.o
                0x0000000008006464                xQueueGenericReset
 .text.xQueueGenericCreateStatic
                0x0000000008006538      0x104 ./Middlewares/Third_Party/FreeRTOS/Source/queue.o
                0x0000000008006538                xQueueGenericCreateStatic
 .text.xQueueGenericCreate
                0x000000000800663c       0x84 ./Middlewares/Third_Party/FreeRTOS/Source/queue.o
                0x000000000800663c                xQueueGenericCreate
 .text.prvInitialiseNewQueue
                0x00000000080066c0       0x46 ./Middlewares/Third_Party/FreeRTOS/Source/queue.o
 .text.xQueueCreateCountingSemaphoreStatic
                0x0000000008006706       0x76 ./Middlewares/Third_Party/FreeRTOS/Source/queue.o
                0x0000000008006706                xQueueCreateCountingSemaphoreStatic
 .text.xQueueCreateCountingSemaphore
                0x000000000800677c       0x6e ./Middlewares/Third_Party/FreeRTOS/Source/queue.o
                0x000000000800677c                xQueueCreateCountingSemaphore
 *fill*         0x00000000080067ea        0x2 
 .text.xQueueGenericSend
                0x00000000080067ec      0x20c ./Middlewares/Third_Party/FreeRTOS/Source/queue.o
                0x00000000080067ec                xQueueGenericSend
 .text.xQueueGenericSendFromISR
                0x00000000080069f8      0x140 ./Middlewares/Third_Party/FreeRTOS/Source/queue.o
                0x00000000080069f8                xQueueGenericSendFromISR
 .text.xQueueReceive
                0x0000000008006b38      0x1cc ./Middlewares/Third_Party/FreeRTOS/Source/queue.o
                0x0000000008006b38                xQueueReceive
 .text.xQueueSemaphoreTake
                0x0000000008006d04      0x228 ./Middlewares/Third_Party/FreeRTOS/Source/queue.o
                0x0000000008006d04                xQueueSemaphoreTake
 .text.uxQueueMessagesWaiting
                0x0000000008006f2c       0x40 ./Middlewares/Third_Party/FreeRTOS/Source/queue.o
                0x0000000008006f2c                uxQueueMessagesWaiting
 .text.vQueueDelete
                0x0000000008006f6c       0x4a ./Middlewares/Third_Party/FreeRTOS/Source/queue.o
                0x0000000008006f6c                vQueueDelete
 .text.prvGetDisinheritPriorityAfterTimeout
                0x0000000008006fb6       0x30 ./Middlewares/Third_Party/FreeRTOS/Source/queue.o
 .text.prvCopyDataToQueue
                0x0000000008006fe6       0xd4 ./Middlewares/Third_Party/FreeRTOS/Source/queue.o
 .text.prvCopyDataFromQueue
                0x00000000080070ba       0x4c ./Middlewares/Third_Party/FreeRTOS/Source/queue.o
 .text.prvUnlockQueue
                0x0000000008007106       0xa4 ./Middlewares/Third_Party/FreeRTOS/Source/queue.o
 .text.prvIsQueueEmpty
                0x00000000080071aa       0x2c ./Middlewares/Third_Party/FreeRTOS/Source/queue.o
 .text.prvIsQueueFull
                0x00000000080071d6       0x30 ./Middlewares/Third_Party/FreeRTOS/Source/queue.o
 *fill*         0x0000000008007206        0x2 
 .text.vQueueAddToRegistry
                0x0000000008007208       0x54 ./Middlewares/Third_Party/FreeRTOS/Source/queue.o
                0x0000000008007208                vQueueAddToRegistry
 .text.vQueueUnregisterQueue
                0x000000000800725c       0x54 ./Middlewares/Third_Party/FreeRTOS/Source/queue.o
                0x000000000800725c                vQueueUnregisterQueue
 .text.vQueueWaitForMessageRestricted
                0x00000000080072b0       0x68 ./Middlewares/Third_Party/FreeRTOS/Source/queue.o
                0x00000000080072b0                vQueueWaitForMessageRestricted
 .text.xTaskCreateStatic
                0x0000000008007318       0xc6 ./Middlewares/Third_Party/FreeRTOS/Source/tasks.o
                0x0000000008007318                xTaskCreateStatic
 .text.xTaskCreate
                0x00000000080073de       0x8a ./Middlewares/Third_Party/FreeRTOS/Source/tasks.o
                0x00000000080073de                xTaskCreate
 .text.prvInitialiseNewTask
                0x0000000008007468      0x150 ./Middlewares/Third_Party/FreeRTOS/Source/tasks.o
 .text.prvAddNewTaskToReadyList
                0x00000000080075b8       0xe0 ./Middlewares/Third_Party/FreeRTOS/Source/tasks.o
 .text.vTaskDelay
                0x0000000008007698       0x6c ./Middlewares/Third_Party/FreeRTOS/Source/tasks.o
                0x0000000008007698                vTaskDelay
 .text.vTaskStartScheduler
                0x0000000008007704       0xe8 ./Middlewares/Third_Party/FreeRTOS/Source/tasks.o
                0x0000000008007704                vTaskStartScheduler
 .text.vTaskSuspendAll
                0x00000000080077ec       0x1c ./Middlewares/Third_Party/FreeRTOS/Source/tasks.o
                0x00000000080077ec                vTaskSuspendAll
 .text.xTaskResumeAll
                0x0000000008007808      0x140 ./Middlewares/Third_Party/FreeRTOS/Source/tasks.o
                0x0000000008007808                xTaskResumeAll
 .text.xTaskGetTickCount
                0x0000000008007948       0x20 ./Middlewares/Third_Party/FreeRTOS/Source/tasks.o
                0x0000000008007948                xTaskGetTickCount
 .text.xTaskGetTickCountFromISR
                0x0000000008007968       0x24 ./Middlewares/Third_Party/FreeRTOS/Source/tasks.o
                0x0000000008007968                xTaskGetTickCountFromISR
 .text.xTaskIncrementTick
                0x000000000800798c      0x178 ./Middlewares/Third_Party/FreeRTOS/Source/tasks.o
                0x000000000800798c                xTaskIncrementTick
 .text.vTaskSwitchContext
                0x0000000008007b04       0xcc ./Middlewares/Third_Party/FreeRTOS/Source/tasks.o
                0x0000000008007b04                vTaskSwitchContext
 .text.vTaskPlaceOnEventList
                0x0000000008007bd0       0x4c ./Middlewares/Third_Party/FreeRTOS/Source/tasks.o
                0x0000000008007bd0                vTaskPlaceOnEventList
 .text.vTaskPlaceOnEventListRestricted
                0x0000000008007c1c       0x5c ./Middlewares/Third_Party/FreeRTOS/Source/tasks.o
                0x0000000008007c1c                vTaskPlaceOnEventListRestricted
 .text.xTaskRemoveFromEventList
                0x0000000008007c78       0xcc ./Middlewares/Third_Party/FreeRTOS/Source/tasks.o
                0x0000000008007c78                xTaskRemoveFromEventList
 .text.vTaskInternalSetTimeOutState
                0x0000000008007d44       0x2c ./Middlewares/Third_Party/FreeRTOS/Source/tasks.o
                0x0000000008007d44                vTaskInternalSetTimeOutState
 .text.xTaskCheckForTimeOut
                0x0000000008007d70       0xcc ./Middlewares/Third_Party/FreeRTOS/Source/tasks.o
                0x0000000008007d70                xTaskCheckForTimeOut
 .text.vTaskMissedYield
                0x0000000008007e3c       0x18 ./Middlewares/Third_Party/FreeRTOS/Source/tasks.o
                0x0000000008007e3c                vTaskMissedYield
 .text.prvIdleTask
                0x0000000008007e54       0x30 ./Middlewares/Third_Party/FreeRTOS/Source/tasks.o
 .text.prvInitialiseTaskLists
                0x0000000008007e84       0x80 ./Middlewares/Third_Party/FreeRTOS/Source/tasks.o
 .text.prvCheckTasksWaitingTermination
                0x0000000008007f04       0x5c ./Middlewares/Third_Party/FreeRTOS/Source/tasks.o
 .text.prvDeleteTCB
                0x0000000008007f60       0x6c ./Middlewares/Third_Party/FreeRTOS/Source/tasks.o
 .text.prvResetNextTaskUnblockTime
                0x0000000008007fcc       0x40 ./Middlewares/Third_Party/FreeRTOS/Source/tasks.o
 .text.xTaskGetSchedulerState
                0x000000000800800c       0x3c ./Middlewares/Third_Party/FreeRTOS/Source/tasks.o
                0x000000000800800c                xTaskGetSchedulerState
 .text.xTaskPriorityInherit
                0x0000000008008048       0xd0 ./Middlewares/Third_Party/FreeRTOS/Source/tasks.o
                0x0000000008008048                xTaskPriorityInherit
 .text.xTaskPriorityDisinherit
                0x0000000008008118       0xe4 ./Middlewares/Third_Party/FreeRTOS/Source/tasks.o
                0x0000000008008118                xTaskPriorityDisinherit
 .text.vTaskPriorityDisinheritAfterTimeout
                0x00000000080081fc      0x10c ./Middlewares/Third_Party/FreeRTOS/Source/tasks.o
                0x00000000080081fc                vTaskPriorityDisinheritAfterTimeout
 .text.pvTaskIncrementMutexHeldCount
                0x0000000008008308       0x28 ./Middlewares/Third_Party/FreeRTOS/Source/tasks.o
                0x0000000008008308                pvTaskIncrementMutexHeldCount
 .text.ulTaskNotifyTake
                0x0000000008008330       0x98 ./Middlewares/Third_Party/FreeRTOS/Source/tasks.o
                0x0000000008008330                ulTaskNotifyTake
 .text.xTaskGenericNotify
                0x00000000080083c8      0x188 ./Middlewares/Third_Party/FreeRTOS/Source/tasks.o
                0x00000000080083c8                xTaskGenericNotify
 .text.prvAddCurrentTaskToDelayedList
                0x0000000008008550       0xa8 ./Middlewares/Third_Party/FreeRTOS/Source/tasks.o
 .text.xTimerCreateTimerTask
                0x00000000080085f8       0x94 ./Middlewares/Third_Party/FreeRTOS/Source/timers.o
                0x00000000080085f8                xTimerCreateTimerTask
 .text.xTimerCreate
                0x000000000800868c       0x42 ./Middlewares/Third_Party/FreeRTOS/Source/timers.o
                0x000000000800868c                xTimerCreate
 .text.prvInitialiseNewTimer
                0x00000000080086ce       0x7a ./Middlewares/Third_Party/FreeRTOS/Source/timers.o
 .text.xTimerGenericCommand
                0x0000000008008748       0xa0 ./Middlewares/Third_Party/FreeRTOS/Source/timers.o
                0x0000000008008748                xTimerGenericCommand
 .text.prvProcessExpiredTimer
                0x00000000080087e8       0x9c ./Middlewares/Third_Party/FreeRTOS/Source/timers.o
 .text.prvTimerTask
                0x0000000008008884       0x24 ./Middlewares/Third_Party/FreeRTOS/Source/timers.o
 .text.prvProcessTimerOrBlockTask
                0x00000000080088a8       0x9c ./Middlewares/Third_Party/FreeRTOS/Source/timers.o
 .text.prvGetNextExpireTime
                0x0000000008008944       0x48 ./Middlewares/Third_Party/FreeRTOS/Source/timers.o
 .text.prvSampleTimeNow
                0x000000000800898c       0x40 ./Middlewares/Third_Party/FreeRTOS/Source/timers.o
 .text.prvInsertTimerInActiveList
                0x00000000080089cc       0x84 ./Middlewares/Third_Party/FreeRTOS/Source/timers.o
 .text.prvProcessReceivedCommands
                0x0000000008008a50      0x1d0 ./Middlewares/Third_Party/FreeRTOS/Source/timers.o
 .text.prvSwitchTimerLists
                0x0000000008008c20       0xcc ./Middlewares/Third_Party/FreeRTOS/Source/timers.o
 .text.prvCheckForValidListAndQueue
                0x0000000008008cec       0x80 ./Middlewares/Third_Party/FreeRTOS/Source/timers.o
 .text.pxPortInitialiseStack
                0x0000000008008d6c       0x68 ./Middlewares/Third_Party/FreeRTOS/Source/portable/GCC/ARM_CM7/r0p1/port.o
                0x0000000008008d6c                pxPortInitialiseStack
 .text.prvTaskExitError
                0x0000000008008dd4       0x60 ./Middlewares/Third_Party/FreeRTOS/Source/portable/GCC/ARM_CM7/r0p1/port.o
 *fill*         0x0000000008008e34        0xc 
 .text.SVC_Handler
                0x0000000008008e40       0x28 ./Middlewares/Third_Party/FreeRTOS/Source/portable/GCC/ARM_CM7/r0p1/port.o
                0x0000000008008e40                SVC_Handler
 .text.prvPortStartFirstTask
                0x0000000008008e68       0x28 ./Middlewares/Third_Party/FreeRTOS/Source/portable/GCC/ARM_CM7/r0p1/port.o
 .text.xPortStartScheduler
                0x0000000008008e90       0xfc ./Middlewares/Third_Party/FreeRTOS/Source/portable/GCC/ARM_CM7/r0p1/port.o
                0x0000000008008e90                xPortStartScheduler
 .text.vPortEnterCritical
                0x0000000008008f8c       0x68 ./Middlewares/Third_Party/FreeRTOS/Source/portable/GCC/ARM_CM7/r0p1/port.o
                0x0000000008008f8c                vPortEnterCritical
 .text.vPortExitCritical
                0x0000000008008ff4       0x58 ./Middlewares/Third_Party/FreeRTOS/Source/portable/GCC/ARM_CM7/r0p1/port.o
                0x0000000008008ff4                vPortExitCritical
 *fill*         0x000000000800904c        0x4 
 .text.PendSV_Handler
                0x0000000008009050       0x68 ./Middlewares/Third_Party/FreeRTOS/Source/portable/GCC/ARM_CM7/r0p1/port.o
                0x0000000008009050                PendSV_Handler
 .text.SysTick_Handler
                0x00000000080090b8       0x48 ./Middlewares/Third_Party/FreeRTOS/Source/portable/GCC/ARM_CM7/r0p1/port.o
                0x00000000080090b8                SysTick_Handler
 .text.vPortSetupTimerInterrupt
                0x0000000008009100       0x48 ./Middlewares/Third_Party/FreeRTOS/Source/portable/GCC/ARM_CM7/r0p1/port.o
                0x0000000008009100                vPortSetupTimerInterrupt
 .text.vPortEnableVFP
                0x0000000008009148       0x14 ./Middlewares/Third_Party/FreeRTOS/Source/portable/GCC/ARM_CM7/r0p1/port.o
 .text.vPortValidateInterruptPriority
                0x000000000800915c       0x88 ./Middlewares/Third_Party/FreeRTOS/Source/portable/GCC/ARM_CM7/r0p1/port.o
                0x000000000800915c                vPortValidateInterruptPriority
 .text.pvPortMalloc
                0x00000000080091e4      0x194 ./Middlewares/Third_Party/FreeRTOS/Source/portable/MemMang/heap_4.o
                0x00000000080091e4                pvPortMalloc
 .text.vPortFree
                0x0000000008009378       0xbc ./Middlewares/Third_Party/FreeRTOS/Source/portable/MemMang/heap_4.o
                0x0000000008009378                vPortFree
 .text.prvHeapInit
                0x0000000008009434       0xc4 ./Middlewares/Third_Party/FreeRTOS/Source/portable/MemMang/heap_4.o
 .text.prvInsertBlockIntoFreeList
                0x00000000080094f8       0xb4 ./Middlewares/Third_Party/FreeRTOS/Source/portable/MemMang/heap_4.o
 .text.__errno  0x00000000080095ac        0xc c:/st/stm32cubeide_1.9.0/stm32cubeide/plugins/com.st.stm32cube.ide.mcu.externaltools.gnu-tools-for-stm32.10.3-2021.10.win32_1.0.0.202111181127/tools/bin/../lib/gcc/arm-none-eabi/10.3.1/../../../../arm-none-eabi/lib/thumb/v7e-m+dp/hard\libc_nano.a(lib_a-errno.o)
                0x00000000080095ac                __errno
 .text.std      0x00000000080095b8       0x48 c:/st/stm32cubeide_1.9.0/stm32cubeide/plugins/com.st.stm32cube.ide.mcu.externaltools.gnu-tools-for-stm32.10.3-2021.10.win32_1.0.0.202111181127/tools/bin/../lib/gcc/arm-none-eabi/10.3.1/../../../../arm-none-eabi/lib/thumb/v7e-m+dp/hard\libc_nano.a(lib_a-findfp.o)
 .text._cleanup_r
                0x0000000008009600        0xc c:/st/stm32cubeide_1.9.0/stm32cubeide/plugins/com.st.stm32cube.ide.mcu.externaltools.gnu-tools-for-stm32.10.3-2021.10.win32_1.0.0.202111181127/tools/bin/../lib/gcc/arm-none-eabi/10.3.1/../../../../arm-none-eabi/lib/thumb/v7e-m+dp/hard\libc_nano.a(lib_a-findfp.o)
                0x0000000008009600                _cleanup_r
 .text.__sfmoreglue
                0x000000000800960c       0x2c c:/st/stm32cubeide_1.9.0/stm32cubeide/plugins/com.st.stm32cube.ide.mcu.externaltools.gnu-tools-for-stm32.10.3-2021.10.win32_1.0.0.202111181127/tools/bin/../lib/gcc/arm-none-eabi/10.3.1/../../../../arm-none-eabi/lib/thumb/v7e-m+dp/hard\libc_nano.a(lib_a-findfp.o)
                0x000000000800960c                __sfmoreglue
 .text.__sfp_lock_acquire
                0x0000000008009638        0xc c:/st/stm32cubeide_1.9.0/stm32cubeide/plugins/com.st.stm32cube.ide.mcu.externaltools.gnu-tools-for-stm32.10.3-2021.10.win32_1.0.0.202111181127/tools/bin/../lib/gcc/arm-none-eabi/10.3.1/../../../../arm-none-eabi/lib/thumb/v7e-m+dp/hard\libc_nano.a(lib_a-findfp.o)
                0x0000000008009638                __sfp_lock_acquire
 .text.__sfp_lock_release
                0x0000000008009644        0xc c:/st/stm32cubeide_1.9.0/stm32cubeide/plugins/com.st.stm32cube.ide.mcu.externaltools.gnu-tools-for-stm32.10.3-2021.10.win32_1.0.0.202111181127/tools/bin/../lib/gcc/arm-none-eabi/10.3.1/../../../../arm-none-eabi/lib/thumb/v7e-m+dp/hard\libc_nano.a(lib_a-findfp.o)
                0x0000000008009644                __sfp_lock_release
 .text.__sinit_lock_acquire
                0x0000000008009650        0xc c:/st/stm32cubeide_1.9.0/stm32cubeide/plugins/com.st.stm32cube.ide.mcu.externaltools.gnu-tools-for-stm32.10.3-2021.10.win32_1.0.0.202111181127/tools/bin/../lib/gcc/arm-none-eabi/10.3.1/../../../../arm-none-eabi/lib/thumb/v7e-m+dp/hard\libc_nano.a(lib_a-findfp.o)
                0x0000000008009650                __sinit_lock_acquire
 .text.__sinit_lock_release
                0x000000000800965c        0xc c:/st/stm32cubeide_1.9.0/stm32cubeide/plugins/com.st.stm32cube.ide.mcu.externaltools.gnu-tools-for-stm32.10.3-2021.10.win32_1.0.0.202111181127/tools/bin/../lib/gcc/arm-none-eabi/10.3.1/../../../../arm-none-eabi/lib/thumb/v7e-m+dp/hard\libc_nano.a(lib_a-findfp.o)
                0x000000000800965c                __sinit_lock_release
 .text.__sinit  0x0000000008009668       0x70 c:/st/stm32cubeide_1.9.0/stm32cubeide/plugins/com.st.stm32cube.ide.mcu.externaltools.gnu-tools-for-stm32.10.3-2021.10.win32_1.0.0.202111181127/tools/bin/../lib/gcc/arm-none-eabi/10.3.1/../../../../arm-none-eabi/lib/thumb/v7e-m+dp/hard\libc_nano.a(lib_a-findfp.o)
                0x0000000008009668                __sinit
 .text.__sfp    0x00000000080096d8       0x8c c:/st/stm32cubeide_1.9.0/stm32cubeide/plugins/com.st.stm32cube.ide.mcu.externaltools.gnu-tools-for-stm32.10.3-2021.10.win32_1.0.0.202111181127/tools/bin/../lib/gcc/arm-none-eabi/10.3.1/../../../../arm-none-eabi/lib/thumb/v7e-m+dp/hard\libc_nano.a(lib_a-findfp.o)
                0x00000000080096d8                __sfp
 .text._fwalk_reent
                0x0000000008009764       0x3e c:/st/stm32cubeide_1.9.0/stm32cubeide/plugins/com.st.stm32cube.ide.mcu.externaltools.gnu-tools-for-stm32.10.3-2021.10.win32_1.0.0.202111181127/tools/bin/../lib/gcc/arm-none-eabi/10.3.1/../../../../arm-none-eabi/lib/thumb/v7e-m+dp/hard\libc_nano.a(lib_a-fwalk.o)
                0x0000000008009764                _fwalk_reent
 *fill*         0x00000000080097a2        0x2 
 .text.__libc_init_array
                0x00000000080097a4       0x48 c:/st/stm32cubeide_1.9.0/stm32cubeide/plugins/com.st.stm32cube.ide.mcu.externaltools.gnu-tools-for-stm32.10.3-2021.10.win32_1.0.0.202111181127/tools/bin/../lib/gcc/arm-none-eabi/10.3.1/../../../../arm-none-eabi/lib/thumb/v7e-m+dp/hard\libc_nano.a(lib_a-init.o)
                0x00000000080097a4                __libc_init_array
 .text.__retarget_lock_init_recursive
                0x00000000080097ec        0x2 c:/st/stm32cubeide_1.9.0/stm32cubeide/plugins/com.st.stm32cube.ide.mcu.externaltools.gnu-tools-for-stm32.10.3-2021.10.win32_1.0.0.202111181127/tools/bin/../lib/gcc/arm-none-eabi/10.3.1/../../../../arm-none-eabi/lib/thumb/v7e-m+dp/hard\libc_nano.a(lib_a-lock.o)
                0x00000000080097ec                __retarget_lock_init_recursive
 .text.__retarget_lock_acquire_recursive
                0x00000000080097ee        0x2 c:/st/stm32cubeide_1.9.0/stm32cubeide/plugins/com.st.stm32cube.ide.mcu.externaltools.gnu-tools-for-stm32.10.3-2021.10.win32_1.0.0.202111181127/tools/bin/../lib/gcc/arm-none-eabi/10.3.1/../../../../arm-none-eabi/lib/thumb/v7e-m+dp/hard\libc_nano.a(lib_a-lock.o)
                0x00000000080097ee                __retarget_lock_acquire_recursive
 .text.__retarget_lock_release_recursive
                0x00000000080097f0        0x2 c:/st/stm32cubeide_1.9.0/stm32cubeide/plugins/com.st.stm32cube.ide.mcu.externaltools.gnu-tools-for-stm32.10.3-2021.10.win32_1.0.0.202111181127/tools/bin/../lib/gcc/arm-none-eabi/10.3.1/../../../../arm-none-eabi/lib/thumb/v7e-m+dp/hard\libc_nano.a(lib_a-lock.o)
                0x00000000080097f0                __retarget_lock_release_recursive
 *fill*         0x00000000080097f2        0x2 
 .text.malloc   0x00000000080097f4       0x10 c:/st/stm32cubeide_1.9.0/stm32cubeide/plugins/com.st.stm32cube.ide.mcu.externaltools.gnu-tools-for-stm32.10.3-2021.10.win32_1.0.0.202111181127/tools/bin/../lib/gcc/arm-none-eabi/10.3.1/../../../../arm-none-eabi/lib/thumb/v7e-m+dp/hard\libc_nano.a(lib_a-malloc.o)
                0x00000000080097f4                malloc
 .text.memcpy   0x0000000008009804       0x1c c:/st/stm32cubeide_1.9.0/stm32cubeide/plugins/com.st.stm32cube.ide.mcu.externaltools.gnu-tools-for-stm32.10.3-2021.10.win32_1.0.0.202111181127/tools/bin/../lib/gcc/arm-none-eabi/10.3.1/../../../../arm-none-eabi/lib/thumb/v7e-m+dp/hard\libc_nano.a(lib_a-memcpy-stub.o)
                0x0000000008009804                memcpy
 .text.memset   0x0000000008009820       0x10 c:/st/stm32cubeide_1.9.0/stm32cubeide/plugins/com.st.stm32cube.ide.mcu.externaltools.gnu-tools-for-stm32.10.3-2021.10.win32_1.0.0.202111181127/tools/bin/../lib/gcc/arm-none-eabi/10.3.1/../../../../arm-none-eabi/lib/thumb/v7e-m+dp/hard\libc_nano.a(lib_a-memset.o)
                0x0000000008009820                memset
 .text._free_r  0x0000000008009830       0x98 c:/st/stm32cubeide_1.9.0/stm32cubeide/plugins/com.st.stm32cube.ide.mcu.externaltools.gnu-tools-for-stm32.10.3-2021.10.win32_1.0.0.202111181127/tools/bin/../lib/gcc/arm-none-eabi/10.3.1/../../../../arm-none-eabi/lib/thumb/v7e-m+dp/hard\libc_nano.a(lib_a-nano-freer.o)
                0x0000000008009830                _free_r
 .text.sbrk_aligned
                0x00000000080098c8       0x40 c:/st/stm32cubeide_1.9.0/stm32cubeide/plugins/com.st.stm32cube.ide.mcu.externaltools.gnu-tools-for-stm32.10.3-2021.10.win32_1.0.0.202111181127/tools/bin/../lib/gcc/arm-none-eabi/10.3.1/../../../../arm-none-eabi/lib/thumb/v7e-m+dp/hard\libc_nano.a(lib_a-nano-mallocr.o)
 .text._malloc_r
                0x0000000008009908       0xe8 c:/st/stm32cubeide_1.9.0/stm32cubeide/plugins/com.st.stm32cube.ide.mcu.externaltools.gnu-tools-for-stm32.10.3-2021.10.win32_1.0.0.202111181127/tools/bin/../lib/gcc/arm-none-eabi/10.3.1/../../../../arm-none-eabi/lib/thumb/v7e-m+dp/hard\libc_nano.a(lib_a-nano-mallocr.o)
                0x0000000008009908                _malloc_r
 .text.printf   0x00000000080099f0       0x30 c:/st/stm32cubeide_1.9.0/stm32cubeide/plugins/com.st.stm32cube.ide.mcu.externaltools.gnu-tools-for-stm32.10.3-2021.10.win32_1.0.0.202111181127/tools/bin/../lib/gcc/arm-none-eabi/10.3.1/../../../../arm-none-eabi/lib/thumb/v7e-m+dp/hard\libc_nano.a(lib_a-printf.o)
                0x00000000080099f0                iprintf
                0x00000000080099f0                printf
 .text._puts_r  0x0000000008009a20       0xdc c:/st/stm32cubeide_1.9.0/stm32cubeide/plugins/com.st.stm32cube.ide.mcu.externaltools.gnu-tools-for-stm32.10.3-2021.10.win32_1.0.0.202111181127/tools/bin/../lib/gcc/arm-none-eabi/10.3.1/../../../../arm-none-eabi/lib/thumb/v7e-m+dp/hard\libc_nano.a(lib_a-puts.o)
                0x0000000008009a20                _puts_r
 .text.puts     0x0000000008009afc       0x10 c:/st/stm32cubeide_1.9.0/stm32cubeide/plugins/com.st.stm32cube.ide.mcu.externaltools.gnu-tools-for-stm32.10.3-2021.10.win32_1.0.0.202111181127/tools/bin/../lib/gcc/arm-none-eabi/10.3.1/../../../../arm-none-eabi/lib/thumb/v7e-m+dp/hard\libc_nano.a(lib_a-puts.o)
                0x0000000008009afc                puts
 .text.cleanup_glue
                0x0000000008009b0c       0x1a c:/st/stm32cubeide_1.9.0/stm32cubeide/plugins/com.st.stm32cube.ide.mcu.externaltools.gnu-tools-for-stm32.10.3-2021.10.win32_1.0.0.202111181127/tools/bin/../lib/gcc/arm-none-eabi/10.3.1/../../../../arm-none-eabi/lib/thumb/v7e-m+dp/hard\libc_nano.a(lib_a-reent.o)
                0x0000000008009b0c                cleanup_glue
 *fill*         0x0000000008009b26        0x2 
 .text._reclaim_reent
                0x0000000008009b28       0xb8 c:/st/stm32cubeide_1.9.0/stm32cubeide/plugins/com.st.stm32cube.ide.mcu.externaltools.gnu-tools-for-stm32.10.3-2021.10.win32_1.0.0.202111181127/tools/bin/../lib/gcc/arm-none-eabi/10.3.1/../../../../arm-none-eabi/lib/thumb/v7e-m+dp/hard\libc_nano.a(lib_a-reent.o)
                0x0000000008009b28                _reclaim_reent
 .text._sbrk_r  0x0000000008009be0       0x20 c:/st/stm32cubeide_1.9.0/stm32cubeide/plugins/com.st.stm32cube.ide.mcu.externaltools.gnu-tools-for-stm32.10.3-2021.10.win32_1.0.0.202111181127/tools/bin/../lib/gcc/arm-none-eabi/10.3.1/../../../../arm-none-eabi/lib/thumb/v7e-m+dp/hard\libc_nano.a(lib_a-sbrkr.o)
                0x0000000008009be0                _sbrk_r
 .text.__sread  0x0000000008009c00       0x22 c:/st/stm32cubeide_1.9.0/stm32cubeide/plugins/com.st.stm32cube.ide.mcu.externaltools.gnu-tools-for-stm32.10.3-2021.10.win32_1.0.0.202111181127/tools/bin/../lib/gcc/arm-none-eabi/10.3.1/../../../../arm-none-eabi/lib/thumb/v7e-m+dp/hard\libc_nano.a(lib_a-stdio.o)
                0x0000000008009c00                __sread
 .text.__swrite
                0x0000000008009c22       0x38 c:/st/stm32cubeide_1.9.0/stm32cubeide/plugins/com.st.stm32cube.ide.mcu.externaltools.gnu-tools-for-stm32.10.3-2021.10.win32_1.0.0.202111181127/tools/bin/../lib/gcc/arm-none-eabi/10.3.1/../../../../arm-none-eabi/lib/thumb/v7e-m+dp/hard\libc_nano.a(lib_a-stdio.o)
                0x0000000008009c22                __swrite
 .text.__sseek  0x0000000008009c5a       0x24 c:/st/stm32cubeide_1.9.0/stm32cubeide/plugins/com.st.stm32cube.ide.mcu.externaltools.gnu-tools-for-stm32.10.3-2021.10.win32_1.0.0.202111181127/tools/bin/../lib/gcc/arm-none-eabi/10.3.1/../../../../arm-none-eabi/lib/thumb/v7e-m+dp/hard\libc_nano.a(lib_a-stdio.o)
                0x0000000008009c5a                __sseek
 .text.__sclose
                0x0000000008009c7e        0x8 c:/st/stm32cubeide_1.9.0/stm32cubeide/plugins/com.st.stm32cube.ide.mcu.externaltools.gnu-tools-for-stm32.10.3-2021.10.win32_1.0.0.202111181127/tools/bin/../lib/gcc/arm-none-eabi/10.3.1/../../../../arm-none-eabi/lib/thumb/v7e-m+dp/hard\libc_nano.a(lib_a-stdio.o)
                0x0000000008009c7e                __sclose
 *fill*         0x0000000008009c86        0x2 
 .text.__swbuf_r
                0x0000000008009c88       0xa4 c:/st/stm32cubeide_1.9.0/stm32cubeide/plugins/com.st.stm32cube.ide.mcu.externaltools.gnu-tools-for-stm32.10.3-2021.10.win32_1.0.0.202111181127/tools/bin/../lib/gcc/arm-none-eabi/10.3.1/../../../../arm-none-eabi/lib/thumb/v7e-m+dp/hard\libc_nano.a(lib_a-wbuf.o)
                0x0000000008009c88                __swbuf_r
 .text._write_r
                0x0000000008009d2c       0x24 c:/st/stm32cubeide_1.9.0/stm32cubeide/plugins/com.st.stm32cube.ide.mcu.externaltools.gnu-tools-for-stm32.10.3-2021.10.win32_1.0.0.202111181127/tools/bin/../lib/gcc/arm-none-eabi/10.3.1/../../../../arm-none-eabi/lib/thumb/v7e-m+dp/hard\libc_nano.a(lib_a-writer.o)
                0x0000000008009d2c                _write_r
 .text.__swsetup_r
                0x0000000008009d50       0xdc c:/st/stm32cubeide_1.9.0/stm32cubeide/plugins/com.st.stm32cube.ide.mcu.externaltools.gnu-tools-for-stm32.10.3-2021.10.win32_1.0.0.202111181127/tools/bin/../lib/gcc/arm-none-eabi/10.3.1/../../../../arm-none-eabi/lib/thumb/v7e-m+dp/hard\libc_nano.a(lib_a-wsetup.o)
                0x0000000008009d50                __swsetup_r
 .text._close_r
                0x0000000008009e2c       0x20 c:/st/stm32cubeide_1.9.0/stm32cubeide/plugins/com.st.stm32cube.ide.mcu.externaltools.gnu-tools-for-stm32.10.3-2021.10.win32_1.0.0.202111181127/tools/bin/../lib/gcc/arm-none-eabi/10.3.1/../../../../arm-none-eabi/lib/thumb/v7e-m+dp/hard\libc_nano.a(lib_a-closer.o)
                0x0000000008009e2c                _close_r
 .text.__sflush_r
                0x0000000008009e4c      0x10c c:/st/stm32cubeide_1.9.0/stm32cubeide/plugins/com.st.stm32cube.ide.mcu.externaltools.gnu-tools-for-stm32.10.3-2021.10.win32_1.0.0.202111181127/tools/bin/../lib/gcc/arm-none-eabi/10.3.1/../../../../arm-none-eabi/lib/thumb/v7e-m+dp/hard\libc_nano.a(lib_a-fflush.o)
                0x0000000008009e4c                __sflush_r
 .text._fflush_r
                0x0000000008009f58       0x78 c:/st/stm32cubeide_1.9.0/stm32cubeide/plugins/com.st.stm32cube.ide.mcu.externaltools.gnu-tools-for-stm32.10.3-2021.10.win32_1.0.0.202111181127/tools/bin/../lib/gcc/arm-none-eabi/10.3.1/../../../../arm-none-eabi/lib/thumb/v7e-m+dp/hard\libc_nano.a(lib_a-fflush.o)
                0x0000000008009f58                _fflush_r
 .text._lseek_r
                0x0000000008009fd0       0x24 c:/st/stm32cubeide_1.9.0/stm32cubeide/plugins/com.st.stm32cube.ide.mcu.externaltools.gnu-tools-for-stm32.10.3-2021.10.win32_1.0.0.202111181127/tools/bin/../lib/gcc/arm-none-eabi/10.3.1/../../../../arm-none-eabi/lib/thumb/v7e-m+dp/hard\libc_nano.a(lib_a-lseekr.o)
                0x0000000008009fd0                _lseek_r
 .text.__swhatbuf_r
                0x0000000008009ff4       0x4a c:/st/stm32cubeide_1.9.0/stm32cubeide/plugins/com.st.stm32cube.ide.mcu.externaltools.gnu-tools-for-stm32.10.3-2021.10.win32_1.0.0.202111181127/tools/bin/../lib/gcc/arm-none-eabi/10.3.1/../../../../arm-none-eabi/lib/thumb/v7e-m+dp/hard\libc_nano.a(lib_a-makebuf.o)
                0x0000000008009ff4                __swhatbuf_r
 *fill*         0x000000000800a03e        0x2 
 .text.__smakebuf_r
                0x000000000800a040       0x80 c:/st/stm32cubeide_1.9.0/stm32cubeide/plugins/com.st.stm32cube.ide.mcu.externaltools.gnu-tools-for-stm32.10.3-2021.10.win32_1.0.0.202111181127/tools/bin/../lib/gcc/arm-none-eabi/10.3.1/../../../../arm-none-eabi/lib/thumb/v7e-m+dp/hard\libc_nano.a(lib_a-makebuf.o)
                0x000000000800a040                __smakebuf_r
 .text.__malloc_lock
                0x000000000800a0c0        0xc c:/st/stm32cubeide_1.9.0/stm32cubeide/plugins/com.st.stm32cube.ide.mcu.externaltools.gnu-tools-for-stm32.10.3-2021.10.win32_1.0.0.202111181127/tools/bin/../lib/gcc/arm-none-eabi/10.3.1/../../../../arm-none-eabi/lib/thumb/v7e-m+dp/hard\libc_nano.a(lib_a-mlock.o)
                0x000000000800a0c0                __malloc_lock
 .text.__malloc_unlock
                0x000000000800a0cc        0xc c:/st/stm32cubeide_1.9.0/stm32cubeide/plugins/com.st.stm32cube.ide.mcu.externaltools.gnu-tools-for-stm32.10.3-2021.10.win32_1.0.0.202111181127/tools/bin/../lib/gcc/arm-none-eabi/10.3.1/../../../../arm-none-eabi/lib/thumb/v7e-m+dp/hard\libc_nano.a(lib_a-mlock.o)
                0x000000000800a0cc                __malloc_unlock
 .text.__sfputc_r
                0x000000000800a0d8       0x2e c:/st/stm32cubeide_1.9.0/stm32cubeide/plugins/com.st.stm32cube.ide.mcu.externaltools.gnu-tools-for-stm32.10.3-2021.10.win32_1.0.0.202111181127/tools/bin/../lib/gcc/arm-none-eabi/10.3.1/../../../../arm-none-eabi/lib/thumb/v7e-m+dp/hard\libc_nano.a(lib_a-nano-vfprintf.o)
 .text.__sfputs_r
                0x000000000800a106       0x24 c:/st/stm32cubeide_1.9.0/stm32cubeide/plugins/com.st.stm32cube.ide.mcu.externaltools.gnu-tools-for-stm32.10.3-2021.10.win32_1.0.0.202111181127/tools/bin/../lib/gcc/arm-none-eabi/10.3.1/../../../../arm-none-eabi/lib/thumb/v7e-m+dp/hard\libc_nano.a(lib_a-nano-vfprintf.o)
                0x000000000800a106                __sfputs_r
 *fill*         0x000000000800a12a        0x2 
 .text._vfprintf_r
                0x000000000800a12c      0x260 c:/st/stm32cubeide_1.9.0/stm32cubeide/plugins/com.st.stm32cube.ide.mcu.externaltools.gnu-tools-for-stm32.10.3-2021.10.win32_1.0.0.202111181127/tools/bin/../lib/gcc/arm-none-eabi/10.3.1/../../../../arm-none-eabi/lib/thumb/v7e-m+dp/hard\libc_nano.a(lib_a-nano-vfprintf.o)
                0x000000000800a12c                _vfprintf_r
                0x000000000800a12c                _vfiprintf_r
 .text._printf_common
                0x000000000800a38c       0xda c:/st/stm32cubeide_1.9.0/stm32cubeide/plugins/com.st.stm32cube.ide.mcu.externaltools.gnu-tools-for-stm32.10.3-2021.10.win32_1.0.0.202111181127/tools/bin/../lib/gcc/arm-none-eabi/10.3.1/../../../../arm-none-eabi/lib/thumb/v7e-m+dp/hard\libc_nano.a(lib_a-nano-vfprintf_i.o)
                0x000000000800a38c                _printf_common
 *fill*         0x000000000800a466        0x2 
 .text._printf_i
                0x000000000800a468      0x24c c:/st/stm32cubeide_1.9.0/stm32cubeide/plugins/com.st.stm32cube.ide.mcu.externaltools.gnu-tools-for-stm32.10.3-2021.10.win32_1.0.0.202111181127/tools/bin/../lib/gcc/arm-none-eabi/10.3.1/../../../../arm-none-eabi/lib/thumb/v7e-m+dp/hard\libc_nano.a(lib_a-nano-vfprintf_i.o)
                0x000000000800a468                _printf_i
 .text._read_r  0x000000000800a6b4       0x24 c:/st/stm32cubeide_1.9.0/stm32cubeide/plugins/com.st.stm32cube.ide.mcu.externaltools.gnu-tools-for-stm32.10.3-2021.10.win32_1.0.0.202111181127/tools/bin/../lib/gcc/arm-none-eabi/10.3.1/../../../../arm-none-eabi/lib/thumb/v7e-m+dp/hard\libc_nano.a(lib_a-readr.o)
                0x000000000800a6b4                _read_r
 .text._fstat_r
                0x000000000800a6d8       0x24 c:/st/stm32cubeide_1.9.0/stm32cubeide/plugins/com.st.stm32cube.ide.mcu.externaltools.gnu-tools-for-stm32.10.3-2021.10.win32_1.0.0.202111181127/tools/bin/../lib/gcc/arm-none-eabi/10.3.1/../../../../arm-none-eabi/lib/thumb/v7e-m+dp/hard\libc_nano.a(lib_a-fstatr.o)
                0x000000000800a6d8                _fstat_r
 .text._isatty_r
                0x000000000800a6fc       0x20 c:/st/stm32cubeide_1.9.0/stm32cubeide/plugins/com.st.stm32cube.ide.mcu.externaltools.gnu-tools-for-stm32.10.3-2021.10.win32_1.0.0.202111181127/tools/bin/../lib/gcc/arm-none-eabi/10.3.1/../../../../arm-none-eabi/lib/thumb/v7e-m+dp/hard\libc_nano.a(lib_a-isattyr.o)
                0x000000000800a6fc                _isatty_r
 *(.glue_7)
 .glue_7        0x000000000800a71c        0x0 linker stubs
 *(.glue_7t)
 .glue_7t       0x000000000800a71c        0x0 linker stubs
 *(.eh_frame)
 .eh_frame      0x000000000800a71c        0x0 c:/st/stm32cubeide_1.9.0/stm32cubeide/plugins/com.st.stm32cube.ide.mcu.externaltools.gnu-tools-for-stm32.10.3-2021.10.win32_1.0.0.202111181127/tools/bin/../lib/gcc/arm-none-eabi/10.3.1/thumb/v7e-m+dp/hard/crtbegin.o
 *(.init)
 .init          0x000000000800a71c        0x4 c:/st/stm32cubeide_1.9.0/stm32cubeide/plugins/com.st.stm32cube.ide.mcu.externaltools.gnu-tools-for-stm32.10.3-2021.10.win32_1.0.0.202111181127/tools/bin/../lib/gcc/arm-none-eabi/10.3.1/thumb/v7e-m+dp/hard/crti.o
                0x000000000800a71c                _init
 .init          0x000000000800a720        0x8 c:/st/stm32cubeide_1.9.0/stm32cubeide/plugins/com.st.stm32cube.ide.mcu.externaltools.gnu-tools-for-stm32.10.3-2021.10.win32_1.0.0.202111181127/tools/bin/../lib/gcc/arm-none-eabi/10.3.1/thumb/v7e-m+dp/hard/crtn.o
 *(.fini)
 .fini          0x000000000800a728        0x4 c:/st/stm32cubeide_1.9.0/stm32cubeide/plugins/com.st.stm32cube.ide.mcu.externaltools.gnu-tools-for-stm32.10.3-2021.10.win32_1.0.0.202111181127/tools/bin/../lib/gcc/arm-none-eabi/10.3.1/thumb/v7e-m+dp/hard/crti.o
                0x000000000800a728                _fini
 .fini          0x000000000800a72c        0x8 c:/st/stm32cubeide_1.9.0/stm32cubeide/plugins/com.st.stm32cube.ide.mcu.externaltools.gnu-tools-for-stm32.10.3-2021.10.win32_1.0.0.202111181127/tools/bin/../lib/gcc/arm-none-eabi/10.3.1/thumb/v7e-m+dp/hard/crtn.o
                0x000000000800a734                . = ALIGN (0x4)
                0x000000000800a734                _etext = .

.vfp11_veneer   0x000000000800a734        0x0
 .vfp11_veneer  0x000000000800a734        0x0 linker stubs

.v4_bx          0x000000000800a734        0x0
 .v4_bx         0x000000000800a734        0x0 linker stubs

.iplt           0x000000000800a734        0x0
 .iplt          0x000000000800a734        0x0 c:/st/stm32cubeide_1.9.0/stm32cubeide/plugins/com.st.stm32cube.ide.mcu.externaltools.gnu-tools-for-stm32.10.3-2021.10.win32_1.0.0.202111181127/tools/bin/../lib/gcc/arm-none-eabi/10.3.1/thumb/v7e-m+dp/hard/crtbegin.o

.rodata         0x000000000800a734      0x330
                0x000000000800a734                . = ALIGN (0x4)
 *(.rodata)
 .rodata        0x000000000800a734      0x189 ./Core/Src/Modbus.o
 *fill*         0x000000000800a8bd        0x3 
 .rodata        0x000000000800a8c0       0x27 ./Core/Src/main.o
 *fill*         0x000000000800a8e7        0x1 
 .rodata        0x000000000800a8e8        0x5 ./Middlewares/Third_Party/FreeRTOS/Source/tasks.o
 *fill*         0x000000000800a8ed        0x3 
 .rodata        0x000000000800a8f0        0xd ./Middlewares/Third_Party/FreeRTOS/Source/timers.o
 *(.rodata*)
 *fill*         0x000000000800a8fd        0x3 
 .rodata.QueueModbus_attributes
                0x000000000800a900       0x18 ./Core/Src/Modbus.o
                0x000000000800a900                QueueModbus_attributes
 .rodata.QueueTelegram_attributes
                0x000000000800a918       0x18 ./Core/Src/Modbus.o
                0x000000000800a918                QueueTelegram_attributes
 .rodata.myTaskModbusA_attributes
                0x000000000800a930       0x24 ./Core/Src/Modbus.o
                0x000000000800a930                myTaskModbusA_attributes
 .rodata.myTaskModbusB_attributes
                0x000000000800a954       0x24 ./Core/Src/Modbus.o
                0x000000000800a954                myTaskModbusB_attributes
 .rodata.ModBusSphr_attributes
                0x000000000800a978       0x10 ./Core/Src/Modbus.o
                0x000000000800a978                ModBusSphr_attributes
 .rodata.fctsupported
                0x000000000800a988        0x8 ./Core/Src/Modbus.o
                0x000000000800a988                fctsupported
 .rodata.defaultTask_attributes
                0x000000000800a990       0x24 ./Core/Src/main.o
                0x000000000800a990                defaultTask_attributes
 .rodata.AHBPrescTable
                0x000000000800a9b4       0x10 ./Core/Src/system_stm32f7xx.o
                0x000000000800a9b4                AHBPrescTable
 .rodata.APBPrescTable
                0x000000000800a9c4        0x8 ./Core/Src/system_stm32f7xx.o
                0x000000000800a9c4                APBPrescTable
 .rodata.__sf_fake_stderr
                0x000000000800a9cc       0x20 c:/st/stm32cubeide_1.9.0/stm32cubeide/plugins/com.st.stm32cube.ide.mcu.externaltools.gnu-tools-for-stm32.10.3-2021.10.win32_1.0.0.202111181127/tools/bin/../lib/gcc/arm-none-eabi/10.3.1/../../../../arm-none-eabi/lib/thumb/v7e-m+dp/hard\libc_nano.a(lib_a-findfp.o)
                0x000000000800a9cc                __sf_fake_stderr
 .rodata.__sf_fake_stdin
                0x000000000800a9ec       0x20 c:/st/stm32cubeide_1.9.0/stm32cubeide/plugins/com.st.stm32cube.ide.mcu.externaltools.gnu-tools-for-stm32.10.3-2021.10.win32_1.0.0.202111181127/tools/bin/../lib/gcc/arm-none-eabi/10.3.1/../../../../arm-none-eabi/lib/thumb/v7e-m+dp/hard\libc_nano.a(lib_a-findfp.o)
                0x000000000800a9ec                __sf_fake_stdin
 .rodata.__sf_fake_stdout
                0x000000000800aa0c       0x20 c:/st/stm32cubeide_1.9.0/stm32cubeide/plugins/com.st.stm32cube.ide.mcu.externaltools.gnu-tools-for-stm32.10.3-2021.10.win32_1.0.0.202111181127/tools/bin/../lib/gcc/arm-none-eabi/10.3.1/../../../../arm-none-eabi/lib/thumb/v7e-m+dp/hard\libc_nano.a(lib_a-findfp.o)
                0x000000000800aa0c                __sf_fake_stdout
 .rodata._global_impure_ptr
                0x000000000800aa2c        0x4 c:/st/stm32cubeide_1.9.0/stm32cubeide/plugins/com.st.stm32cube.ide.mcu.externaltools.gnu-tools-for-stm32.10.3-2021.10.win32_1.0.0.202111181127/tools/bin/../lib/gcc/arm-none-eabi/10.3.1/../../../../arm-none-eabi/lib/thumb/v7e-m+dp/hard\libc_nano.a(lib_a-impure.o)
                0x000000000800aa2c                _global_impure_ptr
 .rodata._vfprintf_r.str1.1
                0x000000000800aa30       0x11 c:/st/stm32cubeide_1.9.0/stm32cubeide/plugins/com.st.stm32cube.ide.mcu.externaltools.gnu-tools-for-stm32.10.3-2021.10.win32_1.0.0.202111181127/tools/bin/../lib/gcc/arm-none-eabi/10.3.1/../../../../arm-none-eabi/lib/thumb/v7e-m+dp/hard\libc_nano.a(lib_a-nano-vfprintf.o)
 .rodata._printf_i.str1.1
                0x000000000800aa41       0x22 c:/st/stm32cubeide_1.9.0/stm32cubeide/plugins/com.st.stm32cube.ide.mcu.externaltools.gnu-tools-for-stm32.10.3-2021.10.win32_1.0.0.202111181127/tools/bin/../lib/gcc/arm-none-eabi/10.3.1/../../../../arm-none-eabi/lib/thumb/v7e-m+dp/hard\libc_nano.a(lib_a-nano-vfprintf_i.o)
                0x000000000800aa64                . = ALIGN (0x4)
 *fill*         0x000000000800aa63        0x1 

.ARM.extab      0x000000000800aa64        0x0
                0x000000000800aa64                . = ALIGN (0x4)
 *(.ARM.extab* .gnu.linkonce.armextab.*)
                0x000000000800aa64                . = ALIGN (0x4)

.ARM            0x000000000800aa64        0x8
                0x000000000800aa64                . = ALIGN (0x4)
                0x000000000800aa64                __exidx_start = .
 *(.ARM.exidx*)
 .ARM.exidx     0x000000000800aa64        0x8 c:/st/stm32cubeide_1.9.0/stm32cubeide/plugins/com.st.stm32cube.ide.mcu.externaltools.gnu-tools-for-stm32.10.3-2021.10.win32_1.0.0.202111181127/tools/bin/../lib/gcc/arm-none-eabi/10.3.1/thumb/v7e-m+dp/hard\libgcc.a(_udivmoddi4.o)
                0x000000000800aa6c                __exidx_end = .
                0x000000000800aa6c                . = ALIGN (0x4)

.rel.dyn        0x000000000800aa6c        0x0
 .rel.iplt      0x000000000800aa6c        0x0 c:/st/stm32cubeide_1.9.0/stm32cubeide/plugins/com.st.stm32cube.ide.mcu.externaltools.gnu-tools-for-stm32.10.3-2021.10.win32_1.0.0.202111181127/tools/bin/../lib/gcc/arm-none-eabi/10.3.1/thumb/v7e-m+dp/hard/crtbegin.o

.preinit_array  0x000000000800aa6c        0x0
                0x000000000800aa6c                . = ALIGN (0x4)
                0x000000000800aa6c                PROVIDE (__preinit_array_start = .)
 *(.preinit_array*)
                0x000000000800aa6c                PROVIDE (__preinit_array_end = .)
                0x000000000800aa6c                . = ALIGN (0x4)

.init_array     0x000000000800aa6c        0x4
                0x000000000800aa6c                . = ALIGN (0x4)
                0x000000000800aa6c                PROVIDE (__init_array_start = .)
 *(SORT_BY_NAME(.init_array.*))
 *(.init_array*)
 .init_array    0x000000000800aa6c        0x4 c:/st/stm32cubeide_1.9.0/stm32cubeide/plugins/com.st.stm32cube.ide.mcu.externaltools.gnu-tools-for-stm32.10.3-2021.10.win32_1.0.0.202111181127/tools/bin/../lib/gcc/arm-none-eabi/10.3.1/thumb/v7e-m+dp/hard/crtbegin.o
                0x000000000800aa70                PROVIDE (__init_array_end = .)
                0x000000000800aa70                . = ALIGN (0x4)

.fini_array     0x000000000800aa70        0x4
                0x000000000800aa70                . = ALIGN (0x4)
                [!provide]                        PROVIDE (__fini_array_start = .)
 *(SORT_BY_NAME(.fini_array.*))
 *(.fini_array*)
 .fini_array    0x000000000800aa70        0x4 c:/st/stm32cubeide_1.9.0/stm32cubeide/plugins/com.st.stm32cube.ide.mcu.externaltools.gnu-tools-for-stm32.10.3-2021.10.win32_1.0.0.202111181127/tools/bin/../lib/gcc/arm-none-eabi/10.3.1/thumb/v7e-m+dp/hard/crtbegin.o
                [!provide]                        PROVIDE (__fini_array_end = .)
                0x000000000800aa74                . = ALIGN (0x4)
                0x000000000800aa74                _sidata = LOADADDR (.data)

.data           0x0000000020000000       0x74 load address 0x000000000800aa74
                0x0000000020000000                . = ALIGN (0x4)
                0x0000000020000000                _sdata = .
 *(.data)
 *(.data*)
 .data.SystemCoreClock
                0x0000000020000000        0x4 ./Core/Src/system_stm32f7xx.o
                0x0000000020000000                SystemCoreClock
 .data.uwTickPrio
                0x0000000020000004        0x4 ./Drivers/STM32F7xx_HAL_Driver/Src/stm32f7xx_hal.o
                0x0000000020000004                uwTickPrio
 .data.uwTickFreq
                0x0000000020000008        0x1 ./Drivers/STM32F7xx_HAL_Driver/Src/stm32f7xx_hal.o
                0x0000000020000008                uwTickFreq
 *fill*         0x0000000020000009        0x3 
 .data.uxCriticalNesting
                0x000000002000000c        0x4 ./Middlewares/Third_Party/FreeRTOS/Source/portable/GCC/ARM_CM7/r0p1/port.o
 .data._impure_ptr
                0x0000000020000010        0x4 c:/st/stm32cubeide_1.9.0/stm32cubeide/plugins/com.st.stm32cube.ide.mcu.externaltools.gnu-tools-for-stm32.10.3-2021.10.win32_1.0.0.202111181127/tools/bin/../lib/gcc/arm-none-eabi/10.3.1/../../../../arm-none-eabi/lib/thumb/v7e-m+dp/hard\libc_nano.a(lib_a-impure.o)
                0x0000000020000010                _impure_ptr
 .data.impure_data
                0x0000000020000014       0x60 c:/st/stm32cubeide_1.9.0/stm32cubeide/plugins/com.st.stm32cube.ide.mcu.externaltools.gnu-tools-for-stm32.10.3-2021.10.win32_1.0.0.202111181127/tools/bin/../lib/gcc/arm-none-eabi/10.3.1/../../../../arm-none-eabi/lib/thumb/v7e-m+dp/hard\libc_nano.a(lib_a-impure.o)
 *(.RamFunc)
 *(.RamFunc*)
                0x0000000020000074                . = ALIGN (0x4)
                0x0000000020000074                _edata = .

.igot.plt       0x0000000020000074        0x0 load address 0x000000000800aae8
 .igot.plt      0x0000000020000074        0x0 c:/st/stm32cubeide_1.9.0/stm32cubeide/plugins/com.st.stm32cube.ide.mcu.externaltools.gnu-tools-for-stm32.10.3-2021.10.win32_1.0.0.202111181127/tools/bin/../lib/gcc/arm-none-eabi/10.3.1/thumb/v7e-m+dp/hard/crtbegin.o
                0x0000000020000074                . = ALIGN (0x4)

.bss            0x0000000020000074     0x4c3c load address 0x000000000800aae8
                0x0000000020000074                _sbss = .
                0x0000000020000074                __bss_start__ = _sbss
 *(.bss)
 .bss           0x0000000020000074       0x1c c:/st/stm32cubeide_1.9.0/stm32cubeide/plugins/com.st.stm32cube.ide.mcu.externaltools.gnu-tools-for-stm32.10.3-2021.10.win32_1.0.0.202111181127/tools/bin/../lib/gcc/arm-none-eabi/10.3.1/thumb/v7e-m+dp/hard/crtbegin.o
 *(.bss*)
 .bss.mHandlers
                0x0000000020000090        0x8 ./Core/Src/Modbus.o
                0x0000000020000090                mHandlers
 .bss.numberHandlers
                0x0000000020000098        0x1 ./Core/Src/Modbus.o
                0x0000000020000098                numberHandlers
 *fill*         0x0000000020000099        0x3 
 .bss.huart4    0x000000002000009c       0x84 ./Core/Src/main.o
                0x000000002000009c                huart4
 .bss.huart3    0x0000000020000120       0x84 ./Core/Src/main.o
                0x0000000020000120                huart3
 .bss.defaultTaskHandle
                0x00000000200001a4        0x4 ./Core/Src/main.o
                0x00000000200001a4                defaultTaskHandle
 .bss.ModbusH   0x00000000200001a8       0x8c ./Core/Src/main.o
                0x00000000200001a8                ModbusH
 .bss.ModbusDATA
                0x0000000020000234       0x10 ./Core/Src/main.o
                0x0000000020000234                ModbusDATA
 .bss.htim2     0x0000000020000244       0x4c ./Core/Src/stm32f7xx_hal_timebase_tim.o
                0x0000000020000244                htim2
 .bss.__sbrk_heap_end
                0x0000000020000290        0x4 ./Core/Src/sysmem.o
 .bss.uwTick    0x0000000020000294        0x4 ./Drivers/STM32F7xx_HAL_Driver/Src/stm32f7xx_hal.o
                0x0000000020000294                uwTick
 .bss.KernelState
                0x0000000020000298        0x4 ./Middlewares/Third_Party/FreeRTOS/Source/CMSIS_RTOS_V2/cmsis_os2.o
 .bss.Idle_TCB  0x000000002000029c       0xbc ./Middlewares/Third_Party/FreeRTOS/Source/CMSIS_RTOS_V2/cmsis_os2.o
 .bss.Idle_Stack
                0x0000000020000358      0x200 ./Middlewares/Third_Party/FreeRTOS/Source/CMSIS_RTOS_V2/cmsis_os2.o
 .bss.Timer_TCB
                0x0000000020000558       0xbc ./Middlewares/Third_Party/FreeRTOS/Source/CMSIS_RTOS_V2/cmsis_os2.o
 .bss.Timer_Stack
                0x0000000020000614      0x400 ./Middlewares/Third_Party/FreeRTOS/Source/CMSIS_RTOS_V2/cmsis_os2.o
 .bss.xQueueRegistry
                0x0000000020000a14       0x40 ./Middlewares/Third_Party/FreeRTOS/Source/queue.o
                0x0000000020000a14                xQueueRegistry
 .bss.pxCurrentTCB
                0x0000000020000a54        0x4 ./Middlewares/Third_Party/FreeRTOS/Source/tasks.o
                0x0000000020000a54                pxCurrentTCB
 .bss.pxReadyTasksLists
                0x0000000020000a58      0x460 ./Middlewares/Third_Party/FreeRTOS/Source/tasks.o
 .bss.xDelayedTaskList1
                0x0000000020000eb8       0x14 ./Middlewares/Third_Party/FreeRTOS/Source/tasks.o
 .bss.xDelayedTaskList2
                0x0000000020000ecc       0x14 ./Middlewares/Third_Party/FreeRTOS/Source/tasks.o
 .bss.pxDelayedTaskList
                0x0000000020000ee0        0x4 ./Middlewares/Third_Party/FreeRTOS/Source/tasks.o
 .bss.pxOverflowDelayedTaskList
                0x0000000020000ee4        0x4 ./Middlewares/Third_Party/FreeRTOS/Source/tasks.o
 .bss.xPendingReadyList
                0x0000000020000ee8       0x14 ./Middlewares/Third_Party/FreeRTOS/Source/tasks.o
 .bss.xTasksWaitingTermination
                0x0000000020000efc       0x14 ./Middlewares/Third_Party/FreeRTOS/Source/tasks.o
 .bss.uxDeletedTasksWaitingCleanUp
                0x0000000020000f10        0x4 ./Middlewares/Third_Party/FreeRTOS/Source/tasks.o
 .bss.xSuspendedTaskList
                0x0000000020000f14       0x14 ./Middlewares/Third_Party/FreeRTOS/Source/tasks.o
 .bss.uxCurrentNumberOfTasks
                0x0000000020000f28        0x4 ./Middlewares/Third_Party/FreeRTOS/Source/tasks.o
 .bss.xTickCount
                0x0000000020000f2c        0x4 ./Middlewares/Third_Party/FreeRTOS/Source/tasks.o
 .bss.uxTopReadyPriority
                0x0000000020000f30        0x4 ./Middlewares/Third_Party/FreeRTOS/Source/tasks.o
 .bss.xSchedulerRunning
                0x0000000020000f34        0x4 ./Middlewares/Third_Party/FreeRTOS/Source/tasks.o
 .bss.uxPendedTicks
                0x0000000020000f38        0x4 ./Middlewares/Third_Party/FreeRTOS/Source/tasks.o
 .bss.xYieldPending
                0x0000000020000f3c        0x4 ./Middlewares/Third_Party/FreeRTOS/Source/tasks.o
 .bss.xNumOfOverflows
                0x0000000020000f40        0x4 ./Middlewares/Third_Party/FreeRTOS/Source/tasks.o
 .bss.uxTaskNumber
                0x0000000020000f44        0x4 ./Middlewares/Third_Party/FreeRTOS/Source/tasks.o
 .bss.xNextTaskUnblockTime
                0x0000000020000f48        0x4 ./Middlewares/Third_Party/FreeRTOS/Source/tasks.o
 .bss.xIdleTaskHandle
                0x0000000020000f4c        0x4 ./Middlewares/Third_Party/FreeRTOS/Source/tasks.o
 .bss.uxSchedulerSuspended
                0x0000000020000f50        0x4 ./Middlewares/Third_Party/FreeRTOS/Source/tasks.o
 .bss.xActiveTimerList1
                0x0000000020000f54       0x14 ./Middlewares/Third_Party/FreeRTOS/Source/timers.o
 .bss.xActiveTimerList2
                0x0000000020000f68       0x14 ./Middlewares/Third_Party/FreeRTOS/Source/timers.o
 .bss.pxCurrentTimerList
                0x0000000020000f7c        0x4 ./Middlewares/Third_Party/FreeRTOS/Source/timers.o
 .bss.pxOverflowTimerList
                0x0000000020000f80        0x4 ./Middlewares/Third_Party/FreeRTOS/Source/timers.o
 .bss.xTimerQueue
                0x0000000020000f84        0x4 ./Middlewares/Third_Party/FreeRTOS/Source/timers.o
 .bss.xTimerTaskHandle
                0x0000000020000f88        0x4 ./Middlewares/Third_Party/FreeRTOS/Source/timers.o
 .bss.xLastTime.2
                0x0000000020000f8c        0x4 ./Middlewares/Third_Party/FreeRTOS/Source/timers.o
 .bss.ucStaticTimerQueueStorage.1
                0x0000000020000f90       0xa0 ./Middlewares/Third_Party/FreeRTOS/Source/timers.o
 .bss.xStaticTimerQueue.0
                0x0000000020001030       0x50 ./Middlewares/Third_Party/FreeRTOS/Source/timers.o
 .bss.ucMaxSysCallPriority
                0x0000000020001080        0x1 ./Middlewares/Third_Party/FreeRTOS/Source/portable/GCC/ARM_CM7/r0p1/port.o
 *fill*         0x0000000020001081        0x3 
 .bss.ulMaxPRIGROUPValue
                0x0000000020001084        0x4 ./Middlewares/Third_Party/FreeRTOS/Source/portable/GCC/ARM_CM7/r0p1/port.o
 .bss.ucHeap    0x0000000020001088     0x3c00 ./Middlewares/Third_Party/FreeRTOS/Source/portable/MemMang/heap_4.o
 .bss.xStart    0x0000000020004c88        0x8 ./Middlewares/Third_Party/FreeRTOS/Source/portable/MemMang/heap_4.o
 .bss.pxEnd     0x0000000020004c90        0x4 ./Middlewares/Third_Party/FreeRTOS/Source/portable/MemMang/heap_4.o
 .bss.xFreeBytesRemaining
                0x0000000020004c94        0x4 ./Middlewares/Third_Party/FreeRTOS/Source/portable/MemMang/heap_4.o
 .bss.xMinimumEverFreeBytesRemaining
                0x0000000020004c98        0x4 ./Middlewares/Third_Party/FreeRTOS/Source/portable/MemMang/heap_4.o
 .bss.xBlockAllocatedBit
                0x0000000020004c9c        0x4 ./Middlewares/Third_Party/FreeRTOS/Source/portable/MemMang/heap_4.o
 .bss.__lock___malloc_recursive_mutex
                0x0000000020004ca0        0x1 c:/st/stm32cubeide_1.9.0/stm32cubeide/plugins/com.st.stm32cube.ide.mcu.externaltools.gnu-tools-for-stm32.10.3-2021.10.win32_1.0.0.202111181127/tools/bin/../lib/gcc/arm-none-eabi/10.3.1/../../../../arm-none-eabi/lib/thumb/v7e-m+dp/hard\libc_nano.a(lib_a-lock.o)
                0x0000000020004ca0                __lock___malloc_recursive_mutex
 .bss.__lock___sfp_recursive_mutex
                0x0000000020004ca1        0x1 c:/st/stm32cubeide_1.9.0/stm32cubeide/plugins/com.st.stm32cube.ide.mcu.externaltools.gnu-tools-for-stm32.10.3-2021.10.win32_1.0.0.202111181127/tools/bin/../lib/gcc/arm-none-eabi/10.3.1/../../../../arm-none-eabi/lib/thumb/v7e-m+dp/hard\libc_nano.a(lib_a-lock.o)
                0x0000000020004ca1                __lock___sfp_recursive_mutex
 .bss.__lock___sinit_recursive_mutex
                0x0000000020004ca2        0x1 c:/st/stm32cubeide_1.9.0/stm32cubeide/plugins/com.st.stm32cube.ide.mcu.externaltools.gnu-tools-for-stm32.10.3-2021.10.win32_1.0.0.202111181127/tools/bin/../lib/gcc/arm-none-eabi/10.3.1/../../../../arm-none-eabi/lib/thumb/v7e-m+dp/hard\libc_nano.a(lib_a-lock.o)
                0x0000000020004ca2                __lock___sinit_recursive_mutex
 *fill*         0x0000000020004ca3        0x1 
 .bss.__malloc_free_list
                0x0000000020004ca4        0x4 c:/st/stm32cubeide_1.9.0/stm32cubeide/plugins/com.st.stm32cube.ide.mcu.externaltools.gnu-tools-for-stm32.10.3-2021.10.win32_1.0.0.202111181127/tools/bin/../lib/gcc/arm-none-eabi/10.3.1/../../../../arm-none-eabi/lib/thumb/v7e-m+dp/hard\libc_nano.a(lib_a-nano-mallocr.o)
                0x0000000020004ca4                __malloc_free_list
 .bss.__malloc_sbrk_start
                0x0000000020004ca8        0x4 c:/st/stm32cubeide_1.9.0/stm32cubeide/plugins/com.st.stm32cube.ide.mcu.externaltools.gnu-tools-for-stm32.10.3-2021.10.win32_1.0.0.202111181127/tools/bin/../lib/gcc/arm-none-eabi/10.3.1/../../../../arm-none-eabi/lib/thumb/v7e-m+dp/hard\libc_nano.a(lib_a-nano-mallocr.o)
                0x0000000020004ca8                __malloc_sbrk_start
 .bss.errno     0x0000000020004cac        0x4 c:/st/stm32cubeide_1.9.0/stm32cubeide/plugins/com.st.stm32cube.ide.mcu.externaltools.gnu-tools-for-stm32.10.3-2021.10.win32_1.0.0.202111181127/tools/bin/../lib/gcc/arm-none-eabi/10.3.1/../../../../arm-none-eabi/lib/thumb/v7e-m+dp/hard\libc_nano.a(lib_a-reent.o)
                0x0000000020004cac                errno
 *(COMMON)
                0x0000000020004cb0                . = ALIGN (0x4)
                0x0000000020004cb0                _ebss = .
                0x0000000020004cb0                __bss_end__ = _ebss

._user_heap_stack
                0x0000000020004cb0      0x600 load address 0x000000000800aae8
                0x0000000020004cb0                . = ALIGN (0x8)
                [!provide]                        PROVIDE (end = .)
                0x0000000020004cb0                PROVIDE (_end = .)
                0x0000000020004eb0                . = (. + _Min_Heap_Size)
 *fill*         0x0000000020004cb0      0x200 
                0x00000000200052b0                . = (. + _Min_Stack_Size)
 *fill*         0x0000000020004eb0      0x400 
                0x00000000200052b0                . = ALIGN (0x8)

/DISCARD/
 libc.a(*)
 libm.a(*)
 libgcc.a(*)

.ARM.attributes
                0x0000000000000000       0x2e
 *(.ARM.attributes)
 .ARM.attributes
                0x0000000000000000       0x1e c:/st/stm32cubeide_1.9.0/stm32cubeide/plugins/com.st.stm32cube.ide.mcu.externaltools.gnu-tools-for-stm32.10.3-2021.10.win32_1.0.0.202111181127/tools/bin/../lib/gcc/arm-none-eabi/10.3.1/thumb/v7e-m+dp/hard/crti.o
 .ARM.attributes
                0x000000000000001e       0x32 c:/st/stm32cubeide_1.9.0/stm32cubeide/plugins/com.st.stm32cube.ide.mcu.externaltools.gnu-tools-for-stm32.10.3-2021.10.win32_1.0.0.202111181127/tools/bin/../lib/gcc/arm-none-eabi/10.3.1/thumb/v7e-m+dp/hard/crtbegin.o
 .ARM.attributes
                0x0000000000000050       0x32 ./Core/Src/Modbus.o
 .ARM.attributes
                0x0000000000000082       0x32 ./Core/Src/main.o
 .ARM.attributes
                0x00000000000000b4       0x32 ./Core/Src/stm32f7xx_hal_msp.o
 .ARM.attributes
                0x00000000000000e6       0x32 ./Core/Src/stm32f7xx_hal_timebase_tim.o
 .ARM.attributes
                0x0000000000000118       0x32 ./Core/Src/stm32f7xx_it.o
 .ARM.attributes
                0x000000000000014a       0x32 ./Core/Src/syscalls.o
 .ARM.attributes
                0x000000000000017c       0x32 ./Core/Src/sysmem.o
 .ARM.attributes
                0x00000000000001ae       0x32 ./Core/Src/system_stm32f7xx.o
 .ARM.attributes
                0x00000000000001e0       0x21 ./Core/Startup/startup_stm32f767zitx.o
 .ARM.attributes
                0x0000000000000201       0x32 ./Drivers/STM32F7xx_HAL_Driver/Src/stm32f7xx_hal.o
 .ARM.attributes
                0x0000000000000233       0x32 ./Drivers/STM32F7xx_HAL_Driver/Src/stm32f7xx_hal_cortex.o
 .ARM.attributes