../Core/Src/main.c:77:6:master_slave_selction	16	static
../Core/Src/main.c:121:5:_write	24	static
../Core/Src/main.c:132:5:main	40	static
../Core/Src/main.c:247:6:SystemClock_Config	88	static
../Core/Src/main.c:305:13:MX_UART4_Init	8	static
../Core/Src/main.c:340:13:MX_USART3_UART_Init	8	static
../Core/Src/main.c:375:13:MX_GPIO_Init	56	static
../Core/Src/main.c:493:6:StartDefaultTask	16	static
../Core/Src/main.c:512:6:HAL_TIM_PeriodElapsedCallback	16	static
../Core/Src/main.c:529:6:Error_Handler	4	static,ignoring_inline_asm
