../Core/Src/main.c:77:6:master_slave_selction	16	static
../Core/Src/main.c:122:5:_write	24	static
../Core/Src/main.c:133:5:main	40	static
../Core/Src/main.c:248:6:SystemClock_Config	88	static
../Core/Src/main.c:306:13:MX_UART4_Init	8	static
../Core/Src/main.c:341:13:MX_USART3_UART_Init	8	static
../Core/Src/main.c:376:13:MX_GPIO_Init	56	static
../Core/Src/main.c:494:6:StartDefaultTask	16	static
../Core/Src/main.c:513:6:HAL_TIM_PeriodElapsedCallback	16	static
../Core/Src/main.c:530:6:Error_Handler	4	static,ignoring_inline_asm
