../Core/Src/Modbus.c:115:6:ModbusInit	24	static
../Core/Src/Modbus.c:177:6:ModbusStart	16	static
../Core/Src/Modbus.c:208:6:vTimerCallbackT35	32	static
../Core/Src/Modbus.c:227:6:vTimerCallbackTimeout	24	static
../Core/Src/Modbus.c:244:6:StartTaskModbusSlave	24	static
../Core/Src/Modbus.c:330:6:ModbusQuery	24	static
../Core/Src/Modbus.c:348:8:SendQuery	32	static
../Core/Src/Modbus.c:453:6:StartTaskModbusMaster	48	static
../Core/Src/Modbus.c:550:6:get_FC1	32	static
../Core/Src/Modbus.c:575:6:get_FC3	32	static
../Core/Src/Modbus.c:596:9:validateAnswer	24	static
../Core/Src/Modbus.c:642:8:getRxBuffer	24	static
../Core/Src/Modbus.c:679:6:HAL_UART_RxCpltCallback	40	static
../Core/Src/Modbus.c:705:9:validateRequest	24	static
../Core/Src/Modbus.c:777:10:word	24	static
../Core/Src/Modbus.c:795:10:calcCRC	32	static
../Core/Src/Modbus.c:828:6:buildException	24	static
../Core/Src/Modbus.c:850:6:sendTxBuffer	40	static,ignoring_inline_asm
../Core/Src/Modbus.c:910:8:process_FC1	32	static
../Core/Src/Modbus.c:965:8:process_FC3	24	static
../Core/Src/Modbus.c:997:8:process_FC5	24	static
../Core/Src/Modbus.c:1030:8:process_FC6	24	static
../Core/Src/Modbus.c:1056:8:process_FC15	32	static
../Core/Src/Modbus.c:1112:8:process_FC16	24	static
