../Core/Src/Modbus.c:115:6:ModbusInit	24	static
../Core/Src/Modbus.c:178:6:ModbusStart	16	static
../Core/Src/Modbus.c:211:6:vTimerCallbackT35	32	static
../Core/Src/Modbus.c:230:6:vTimerCallbackTimeout	24	static
../Core/Src/Modbus.c:247:6:StartTaskModbusSlave	24	static
../Core/Src/Modbus.c:333:6:ModbusQuery	24	static
../Core/Src/Modbus.c:352:8:SendQuery	32	static
../Core/Src/Modbus.c:462:6:StartTaskModbusMaster	48	static
../Core/Src/Modbus.c:561:6:get_FC1	32	static
../Core/Src/Modbus.c:586:6:get_FC3	32	static
../Core/Src/Modbus.c:607:9:validateAnswer	24	static
../Core/Src/Modbus.c:653:8:getRxBuffer	24	static
../Core/Src/Modbus.c:690:6:HAL_UART_RxCpltCallback	40	static
../Core/Src/Modbus.c:716:9:validateRequest	24	static
../Core/Src/Modbus.c:788:10:word	24	static
../Core/Src/Modbus.c:806:10:calcCRC	32	static
../Core/Src/Modbus.c:839:6:buildException	24	static
../Core/Src/Modbus.c:861:6:sendTxBuffer	40	static,ignoring_inline_asm
../Core/Src/Modbus.c:932:8:process_FC1	32	static
../Core/Src/Modbus.c:987:8:process_FC3	24	static
../Core/Src/Modbus.c:1019:8:process_FC5	24	static
../Core/Src/Modbus.c:1052:8:process_FC6	24	static
../Core/Src/Modbus.c:1078:8:process_FC15	32	static
../Core/Src/Modbus.c:1134:8:process_FC16	24	static
