../Core/Src/Modbus.c:115:6:ModbusInit	24	static
../Core/Src/Modbus.c:177:6:ModbusStart	16	static
../Core/Src/Modbus.c:208:6:vTimerCallbackT35	32	static
../Core/Src/Modbus.c:227:6:vTimerCallbackTimeout	24	static
../Core/Src/Modbus.c:244:6:StartTaskModbusSlave	24	static
../Core/Src/Modbus.c:330:6:ModbusQuery	24	static
../Core/Src/Modbus.c:348:8:SendQuery	32	static
../Core/Src/Modbus.c:455:6:StartTaskModbusMaster	48	static
../Core/Src/Modbus.c:552:6:get_FC1	32	static
../Core/Src/Modbus.c:577:6:get_FC3	32	static
../Core/Src/Modbus.c:598:9:validateAnswer	24	static
../Core/Src/Modbus.c:644:8:getRxBuffer	24	static
../Core/Src/Modbus.c:681:6:HAL_UART_RxCpltCallback	40	static
../Core/Src/Modbus.c:707:9:validateRequest	24	static
../Core/Src/Modbus.c:779:10:word	24	static
../Core/Src/Modbus.c:797:10:calcCRC	32	static
../Core/Src/Modbus.c:830:6:buildException	24	static
../Core/Src/Modbus.c:852:6:sendTxBuffer	40	static,ignoring_inline_asm
../Core/Src/Modbus.c:912:8:process_FC1	32	static
../Core/Src/Modbus.c:967:8:process_FC3	24	static
../Core/Src/Modbus.c:999:8:process_FC5	24	static
../Core/Src/Modbus.c:1032:8:process_FC6	24	static
../Core/Src/Modbus.c:1058:8:process_FC15	32	static
../Core/Src/Modbus.c:1114:8:process_FC16	24	static
